<html>
<body>
<pre>
<h1>礦ision Build Log</h1>
<h2>Tool Versions:</h2>
IDE-Version: μVision V5.20.0.0
Copyright (C) 2016 ARM Ltd and ARM Germany GmbH. All rights reserved.
License Information: xx sethome, xx, LIC=1WSEV-PWZ7J-67DRS-L1DCL-IUFXU-FX449
 
Tool Versions:
Toolchain:       MDK-ARM Professional  Version: 5.20
Toolchain Path:  C:\Keil_v5\ARM\ARMCC\Bin
C Compiler:      Armcc.exe V5.06 update 2 (build 183)
Assembler:       Armasm.exe V5.06 update 2 (build 183)
Linker/Locator:  ArmLink.exe V5.06 update 2 (build 183)
Library Manager: ArmAr.exe V5.06 update 2 (build 183)
Hex Converter:   FromElf.exe V5.06 update 2 (build 183)
CPU DLL:         SARMCM3.DLL V5.20
Dialog DLL:      DCM.DLL V1.13.7.0
Target DLL:      CMSIS_AGDI.dll V1.25.20.0
Dialog DLL:      TCM.DLL V1.14.9.0
 
<h2>Project:</h2>
C:\Users\sethome\Desktop\RM开发板C型拓展框架\RMc_ADAM_工程测试7.29V2\RMc_ADAM_GenralRobotSystem\MDK-ARM\RMc_adam_GeneralRobotSystemCode.uvprojx
Project File Date:  08/18/2021

<h2>Output:</h2>
*** Using Compiler 'V5.06 update 2 (build 183)', folder: 'C:\Keil_v5\ARM\ARMCC\Bin'
Build target 'RMc_adam_GeneralRobotSystemCode'
compiling stm32f4xx_hal_msp.c...
compiling spi.c...
compiling tim.c...
compiling stm32f4xx_hal_timebase_tim.c...
compiling can.c...
compiling usart.c...
compiling dma.c...
compiling freertos.c...
compiling stm32f4xx_hal_can.c...
compiling i2c.c...
compiling gpio.c...
compiling main.c...
compiling stm32f4xx_it.c...
compiling stm32f4xx_hal_rcc.c...
compiling stm32f4xx_hal_rcc_ex.c...
compiling stm32f4xx_hal_flash.c...
compiling stm32f4xx_hal_cortex.c...
compiling stm32f4xx_hal_pwr.c...
compiling stm32f4xx_hal_dma.c...
compiling stm32f4xx_hal_flash_ex.c...
assembling startup_stm32f407xx.s...
compiling stm32f4xx_hal_flash_ramfunc.c...
compiling stm32f4xx_hal_exti.c...
compiling stm32f4xx_hal_dma_ex.c...
compiling croutine.c...
compiling stm32f4xx_hal_i2c_ex.c...
compiling stm32f4xx_hal.c...
compiling stm32f4xx_hal_pwr_ex.c...
compiling list.c...
compiling stm32f4xx_hal_gpio.c...
compiling event_groups.c...
compiling stream_buffer.c...
compiling stm32f4xx_hal_spi.c...
compiling queue.c...
compiling stm32f4xx_hal_i2c.c...
compiling stm32f4xx_hal_tim.c...
compiling heap_4.c...
compiling tasks.c...
compiling timers.c...
compiling port.c...
compiling stm32f4xx_hal_uart.c...
compiling system_stm32f4xx.c...
compiling stm32f4xx_hal_tim_ex.c...
compiling fifo.c...
compiling ist8310driver_middleware.c...
compiling BMI088Middleware.c...
compiling GPIO_output.c...
compiling BMI088driver.c...
compiling Encoder.c...
compiling DBUS_remote_control.c...
compiling CRC8_CRC16.c...
compiling UART_data_transmit.c...
compiling IMU_updata.c...
compiling CAN_receive&send.c...
compiling cmsis_os2.c...
compiling GPIO_input_EXTI.c...
compiling time.c...
compiling LED_control.c...
compiling IMU_calculate.c...
compiling PWM_control.c...
compiling referee.c...
compiling Stxxid-Data-Transmission.c...
compiling chassis_move.c...
compiling refree_usart_send_task.c...
linking...
Program Size: Code=36040 RO-data=648 RW-data=256 ZI-data=23128  
FromELF: creating hex file...
"RMc_adam_GeneralRobotSystemCode\RMc_adam_GeneralRobotSystemCode.axf" - 0 Error(s), 0 Warning(s).

<h2>Software Packages used:</h2>

Package Vendor: ARM
                http://www.keil.com/pack/ARM.CMSIS.4.5.0.pack
                ARM::CMSIS:CORE:4.3.0
                CMSIS (Cortex Microcontroller Software Interface Standard)
   * Component: CORE Version: 4.3.0

<h2>Collection of Component include folders:</h2>
  C:\Users\sethome\Desktop\RM开发板C型拓展框架\RMc_ADAM_工程测试7.29V2\RMc_ADAM_GenralRobotSystem\MDK-ARM\RTE
  C:\Keil_v5\ARM\PACK\ARM\CMSIS\4.5.0\CMSIS\Include
  C:\Keil_v5\ARM\PACK\Keil\STM32F4xx_DFP\2.9.0\Drivers\CMSIS\Device\ST\STM32F4xx\Include

<h2>Collection of Component Files used:</h2>

   * Component: ARM::CMSIS:CORE:4.3.0
Build Time Elapsed:  00:00:27
</pre>
</body>
</html>
