<html>
<body>
<pre>
<h1>礦ision Build Log</h1>
<h2>Tool Versions:</h2>
IDE-Version: μVision V5.20.0.0
Copyright (C) 2016 ARM Ltd and ARM Germany GmbH. All rights reserved.
License Information: xx sethome, xx, LIC=1WSEV-PWZ7J-67DRS-L1DCL-IUFXU-FX449
 
Tool Versions:
Toolchain:       MDK-ARM Professional  Version: 5.20
Toolchain Path:  C:\Keil_v5\ARM\ARMCC\Bin
C Compiler:      Armcc.exe V5.06 update 2 (build 183)
Assembler:       Armasm.exe V5.06 update 2 (build 183)
Linker/Locator:  ArmLink.exe V5.06 update 2 (build 183)
Library Manager: ArmAr.exe V5.06 update 2 (build 183)
Hex Converter:   FromElf.exe V5.06 update 2 (build 183)
CPU DLL:         SARMCM3.DLL V5.20
Dialog DLL:      DCM.DLL V1.13.7.0
Target DLL:      STLink\ST-LINKIII-KEIL_SWO.dll V2.0.18.0
Dialog DLL:      TCM.DLL V1.14.9.0
 
<h2>Project:</h2>
C:\Users\sethome\Desktop\RM开发板C型拓展框架\RMc_Adam_GenralRobotSystem Ver1.0.4.20210818 Alpha 工程\MDK-ARM\RMc_adam_GeneralRobotSystemCode.uvprojx
Project File Date:  03/01/2022

<h2>Output:</h2>
*** Using Compiler 'V5.06 update 2 (build 183)', folder: 'C:\Keil_v5\ARM\ARMCC\Bin'
Build target 'RMc_adam_GeneralRobotSystemCode'
compiling MYACTUATOR_RMD_X.c...
..\Drivers\MYACTUATOR_RMD_X\MYACTUATOR_RMD_X.c(61): warning: C4487E: read from variable 'current' with offset out of bounds
}
..\Drivers\MYACTUATOR_RMD_X\MYACTUATOR_RMD_X.c(72): warning: C4487E: read from variable 'speed' with offset out of bounds
}
..\Drivers\MYACTUATOR_RMD_X\MYACTUATOR_RMD_X.c: 2 warnings, 0 errors
linking...
Program Size: Code=52536 RO-data=848 RW-data=652 ZI-data=31660  
FromELF: creating hex file...
"RMc_adam_GeneralRobotSystemCode\RMc_adam_GeneralRobotSystemCode.axf" - 0 Error(s), 2 Warning(s).

<h2>Software Packages used:</h2>

Package Vendor: ARM
                http://www.keil.com/pack/ARM.CMSIS.4.5.0.pack
                ARM::CMSIS:CORE:4.3.0
                CMSIS (Cortex Microcontroller Software Interface Standard)
   * Component: CORE Version: 4.3.0

<h2>Collection of Component include folders:</h2>
  C:\Users\sethome\Desktop\RM开发板C型拓展框架\RMc_Adam_GenralRobotSystem Ver1.0.4.20210818 Alpha 工程\MDK-ARM\RTE
  C:\Keil_v5\ARM\PACK\ARM\CMSIS\4.5.0\CMSIS\Include
  C:\Keil_v5\ARM\PACK\Keil\STM32F4xx_DFP\2.9.0\Drivers\CMSIS\Device\ST\STM32F4xx\Include

<h2>Collection of Component Files used:</h2>

   * Component: ARM::CMSIS:CORE:4.3.0
Build Time Elapsed:  00:00:05
</pre>
</body>
</html>
