Component: ARM Compiler 5.06 update 2 (build 183) Tool: armlink [4d35b7]

==============================================================================

Section Cross References

    main.o(i.HAL_TIM_PeriodElapsedCallback) refers to stm32f4xx_hal.o(i.HAL_IncTick) for HAL_IncTick
    main.o(i.HAL_TIM_PeriodElapsedCallback) refers to imu_updata.o(i.MagUpdate) for MagUpdate
    main.o(i.HAL_TIM_PeriodElapsedCallback) refers to imu_updata.o(i.IMU_updata) for IMU_updata
    main.o(i.SystemClock_Config) refers to stm32f4xx_hal_rcc.o(i.HAL_RCC_OscConfig) for HAL_RCC_OscConfig
    main.o(i.SystemClock_Config) refers to stm32f4xx_hal_rcc.o(i.HAL_RCC_ClockConfig) for HAL_RCC_ClockConfig
    main.o(i.main) refers to stm32f4xx_hal.o(i.HAL_Init) for HAL_Init
    main.o(i.main) refers to stm32f4xx_hal.o(i.HAL_Delay) for HAL_Delay
    main.o(i.main) refers to main.o(i.SystemClock_Config) for SystemClock_Config
    main.o(i.main) refers to gpio.o(i.MX_GPIO_Init) for MX_GPIO_Init
    main.o(i.main) refers to dma.o(i.MX_DMA_Init) for MX_DMA_Init
    main.o(i.main) refers to can.o(i.MX_CAN1_Init) for MX_CAN1_Init
    main.o(i.main) refers to can.o(i.MX_CAN2_Init) for MX_CAN2_Init
    main.o(i.main) refers to usart.o(i.MX_USART3_UART_Init) for MX_USART3_UART_Init
    main.o(i.main) refers to usart.o(i.MX_USART1_UART_Init) for MX_USART1_UART_Init
    main.o(i.main) refers to tim.o(i.MX_TIM5_Init) for MX_TIM5_Init
    main.o(i.main) refers to tim.o(i.MX_TIM1_Init) for MX_TIM1_Init
    main.o(i.main) refers to spi.o(i.MX_SPI1_Init) for MX_SPI1_Init
    main.o(i.main) refers to tim.o(i.MX_TIM10_Init) for MX_TIM10_Init
    main.o(i.main) refers to i2c.o(i.MX_I2C3_Init) for MX_I2C3_Init
    main.o(i.main) refers to tim.o(i.MX_TIM14_Init) for MX_TIM14_Init
    main.o(i.main) refers to usart.o(i.MX_USART6_UART_Init) for MX_USART6_UART_Init
    main.o(i.main) refers to i2c.o(i.MX_I2C2_Init) for MX_I2C2_Init
    main.o(i.main) refers to tim.o(i.MX_TIM8_Init) for MX_TIM8_Init
    main.o(i.main) refers to crc.o(i.MX_CRC_Init) for MX_CRC_Init
    main.o(i.main) refers to tim.o(i.MX_TIM13_Init) for MX_TIM13_Init
    main.o(i.main) refers to led_control.o(i.led_init) for led_init
    main.o(i.main) refers to led_control.o(i.led_show) for led_show
    main.o(i.main) refers to can.o(i.can_filter_init) for can_filter_init
    main.o(i.main) refers to dbus_remote_control.o(i.remote_control_init) for remote_control_init
    main.o(i.main) refers to pwm_control.o(i.PWM_servo_control_init) for PWM_servo_control_init
    main.o(i.main) refers to imu_updata.o(i.IMU_init) for IMU_init
    main.o(i.main) refers to uart_data_transmit.o(i.uart_init) for uart_init
    main.o(i.main) refers to chassis_move.o(i.chassis_move_init) for chassis_move_init
    main.o(i.main) refers to referee.o(i.init_referee_struct_data) for init_referee_struct_data
    main.o(i.main) refers to encoder.o(i.init_Encoder) for init_Encoder
    main.o(i.main) refers to cmsis_os2.o(i.osKernelInitialize) for osKernelInitialize
    main.o(i.main) refers to freertos.o(i.MX_FREERTOS_Init) for MX_FREERTOS_Init
    main.o(i.main) refers to cmsis_os2.o(i.osKernelStart) for osKernelStart
    main.o(i.main) refers to cmsis_os2.o(i.osDelay) for osDelay
    main.o(i.main) refers to encoder.o(.bss) for Arm_encoder
    gpio.o(i.MX_GPIO_Init) refers to stm32f4xx_hal_gpio.o(i.HAL_GPIO_WritePin) for HAL_GPIO_WritePin
    gpio.o(i.MX_GPIO_Init) refers to stm32f4xx_hal_gpio.o(i.HAL_GPIO_Init) for HAL_GPIO_Init
    gpio.o(i.MX_GPIO_Init) refers to stm32f4xx_hal_cortex.o(i.HAL_NVIC_SetPriority) for HAL_NVIC_SetPriority
    gpio.o(i.MX_GPIO_Init) refers to stm32f4xx_hal_cortex.o(i.HAL_NVIC_EnableIRQ) for HAL_NVIC_EnableIRQ
    freertos.o(i.ChassisTask_callback) refers to usb_device.o(i.MX_USB_DEVICE_Init) for MX_USB_DEVICE_Init
    freertos.o(i.ChassisTask_callback) refers to chassis_move.o(i.chassis_move_init) for chassis_move_init
    freertos.o(i.ChassisTask_callback) refers to usbd_cdc_if.o(i.CDC_Transmit_FS) for CDC_Transmit_FS
    freertos.o(i.ChassisTask_callback) refers to cmsis_os2.o(i.osDelay) for osDelay
    freertos.o(i.FlashLEDTask_callback) refers to led_control.o(i.led_show) for led_show
    freertos.o(i.FlashLEDTask_callback) refers to cmsis_os2.o(i.osDelay) for osDelay
    freertos.o(i.MX_FREERTOS_Init) refers to cmsis_os2.o(i.osThreadNew) for osThreadNew
    freertos.o(i.MX_FREERTOS_Init) refers to freertos.o(.constdata) for .constdata
    freertos.o(i.MX_FREERTOS_Init) refers to freertos.o(i.ChassisTask_callback) for ChassisTask_callback
    freertos.o(i.MX_FREERTOS_Init) refers to freertos.o(.data) for .data
    freertos.o(i.MX_FREERTOS_Init) refers to freertos.o(i.RemoteTask_callback) for RemoteTask_callback
    freertos.o(i.MX_FREERTOS_Init) refers to freertos.o(i.SendCAN_Task_callback) for SendCAN_Task_callback
    freertos.o(i.MX_FREERTOS_Init) refers to freertos.o(i.FlashLEDTask_callback) for FlashLEDTask_callback
[...]
    USBD_Init                                0x08007ae9   Thumb Code    40  usbd_core.o(i.USBD_Init)
    USBD_LL_ClearStallEP                     0x08007b11   Thumb Code    18  usbd_conf.o(i.USBD_LL_ClearStallEP)
    USBD_LL_CloseEP                          0x08007b23   Thumb Code    18  usbd_conf.o(i.USBD_LL_CloseEP)
    USBD_LL_DataInStage                      0x08007b35   Thumb Code   188  usbd_core.o(i.USBD_LL_DataInStage)
    USBD_LL_DataOutStage                     0x08007bf1   Thumb Code   112  usbd_core.o(i.USBD_LL_DataOutStage)
    USBD_LL_DevConnected                     0x08007c61   Thumb Code     4  usbd_core.o(i.USBD_LL_DevConnected)
    USBD_LL_DevDisconnected                  0x08007c65   Thumb Code    26  usbd_core.o(i.USBD_LL_DevDisconnected)
    USBD_LL_GetRxDataSize                    0x08007c7f   Thumb Code     8  usbd_conf.o(i.USBD_LL_GetRxDataSize)
    USBD_LL_Init                             0x08007c89   Thumb Code    92  usbd_conf.o(i.USBD_LL_Init)
    USBD_LL_IsStallEP                        0x08007ce9   Thumb Code    32  usbd_conf.o(i.USBD_LL_IsStallEP)
    USBD_LL_IsoINIncomplete                  0x08007d09   Thumb Code    34  usbd_core.o(i.USBD_LL_IsoINIncomplete)
    USBD_LL_IsoOUTIncomplete                 0x08007d2b   Thumb Code    34  usbd_core.o(i.USBD_LL_IsoOUTIncomplete)
    USBD_LL_OpenEP                           0x08007d4d   Thumb Code    24  usbd_conf.o(i.USBD_LL_OpenEP)
    USBD_LL_PrepareReceive                   0x08007d65   Thumb Code    18  usbd_conf.o(i.USBD_LL_PrepareReceive)
    USBD_LL_Reset                            0x08007d77   Thumb Code    92  usbd_core.o(i.USBD_LL_Reset)
    USBD_LL_Resume                           0x08007dd3   Thumb Code    20  usbd_core.o(i.USBD_LL_Resume)
    USBD_LL_SOF                              0x08007de7   Thumb Code    34  usbd_core.o(i.USBD_LL_SOF)
    USBD_LL_SetSpeed                         0x08007e09   Thumb Code     6  usbd_core.o(i.USBD_LL_SetSpeed)
    USBD_LL_SetUSBAddress                    0x08007e0f   Thumb Code    18  usbd_conf.o(i.USBD_LL_SetUSBAddress)
    USBD_LL_SetupStage                       0x08007e21   Thumb Code   100  usbd_core.o(i.USBD_LL_SetupStage)
    USBD_LL_StallEP                          0x08007e85   Thumb Code    18  usbd_conf.o(i.USBD_LL_StallEP)
    USBD_LL_Start                            0x08007e97   Thumb Code    18  usbd_conf.o(i.USBD_LL_Start)
    USBD_LL_Suspend                          0x08007ea9   Thumb Code    18  usbd_core.o(i.USBD_LL_Suspend)
    USBD_LL_Transmit                         0x08007ebb   Thumb Code    18  usbd_conf.o(i.USBD_LL_Transmit)
    USBD_ParseSetupRequest                   0x08007ecd   Thumb Code    50  usbd_ctlreq.o(i.USBD_ParseSetupRequest)
    USBD_RegisterClass                       0x08007eff   Thumb Code    36  usbd_core.o(i.USBD_RegisterClass)
    USBD_RunTestMode                         0x08007f23   Thumb Code     4  usbd_core.o(i.USBD_RunTestMode)
    USBD_SetClassConfig                      0x08007f7f   Thumb Code    20  usbd_core.o(i.USBD_SetClassConfig)
    USBD_Start                               0x0800807d   Thumb Code     4  usbd_core.o(i.USBD_Start)
    USBD_StdDevReq                           0x08008081   Thumb Code   132  usbd_ctlreq.o(i.USBD_StdDevReq)
    USBD_StdEPReq                            0x08008105   Thumb Code   488  usbd_ctlreq.o(i.USBD_StdEPReq)
    USBD_StdItfReq                           0x080082ed   Thumb Code   106  usbd_ctlreq.o(i.USBD_StdItfReq)
    USBD_static_free                         0x08008357   Thumb Code     2  usbd_conf.o(i.USBD_static_free)
    USBD_static_malloc                       0x08008359   Thumb Code     4  usbd_conf.o(i.USBD_static_malloc)
    USB_ActivateEndpoint                     0x08008361   Thumb Code   146  stm32f4xx_ll_usb.o(i.USB_ActivateEndpoint)
    USB_ActivateSetup                        0x080083f9   Thumb Code    28  stm32f4xx_ll_usb.o(i.USB_ActivateSetup)
    USB_CoreInit                             0x08008415   Thumb Code   218  stm32f4xx_ll_usb.o(i.USB_CoreInit)
    USB_DeactivateEndpoint                   0x080084f5   Thumb Code   212  stm32f4xx_ll_usb.o(i.USB_DeactivateEndpoint)
    USB_DevConnect                           0x080085d1   Thumb Code    28  stm32f4xx_ll_usb.o(i.USB_DevConnect)
    USB_DevDisconnect                        0x080085ed   Thumb Code    28  stm32f4xx_ll_usb.o(i.USB_DevDisconnect)
    USB_DevInit                              0x08008609   Thumb Code   390  stm32f4xx_ll_usb.o(i.USB_DevInit)
    USB_DisableGlobalInt                     0x08008795   Thumb Code    12  stm32f4xx_ll_usb.o(i.USB_DisableGlobalInt)
    USB_EP0StartXfer                         0x080087a1   Thumb Code   298  stm32f4xx_ll_usb.o(i.USB_EP0StartXfer)
    USB_EP0_OutStart                         0x080088cd   Thumb Code    86  stm32f4xx_ll_usb.o(i.USB_EP0_OutStart)
    USB_EPClearStall                         0x08008929   Thumb Code    88  stm32f4xx_ll_usb.o(i.USB_EPClearStall)
    USB_EPSetStall                           0x08008981   Thumb Code    94  stm32f4xx_ll_usb.o(i.USB_EPSetStall)
    USB_EPStartXfer                          0x080089df   Thumb Code   550  stm32f4xx_ll_usb.o(i.USB_EPStartXfer)
    USB_EnableGlobalInt                      0x08008c05   Thumb Code    12  stm32f4xx_ll_usb.o(i.USB_EnableGlobalInt)
    USB_FlushRxFifo                          0x08008c11   Thumb Code    42  stm32f4xx_ll_usb.o(i.USB_FlushRxFifo)
    USB_FlushTxFifo                          0x08008c41   Thumb Code    46  stm32f4xx_ll_usb.o(i.USB_FlushTxFifo)
    USB_GetDevSpeed                          0x08008c75   Thumb Code    24  stm32f4xx_ll_usb.o(i.USB_GetDevSpeed)
    USB_GetMode                              0x08008c8d   Thumb Code     8  stm32f4xx_ll_usb.o(i.USB_GetMode)
    USB_ReadDevAllInEpInterrupt              0x08008c95   Thumb Code    14  stm32f4xx_ll_usb.o(i.USB_ReadDevAllInEpInterrupt)
    USB_ReadDevAllOutEpInterrupt             0x08008ca3   Thumb Code    14  stm32f4xx_ll_usb.o(i.USB_ReadDevAllOutEpInterrupt)
    USB_ReadDevInEPInterrupt                 0x08008cb1   Thumb Code    36  stm32f4xx_ll_usb.o(i.USB_ReadDevInEPInterrupt)
    USB_ReadDevOutEPInterrupt                0x08008cd5   Thumb Code    16  stm32f4xx_ll_usb.o(i.USB_ReadDevOutEPInterrupt)
    USB_ReadInterrupts                       0x08008ce5   Thumb Code     8  stm32f4xx_ll_usb.o(i.USB_ReadInterrupts)
    USB_ReadPacket                           0x08008ced   Thumb Code    80  stm32f4xx_ll_usb.o(i.USB_ReadPacket)
    USB_SetCurrentMode                       0x08008d3d   Thumb Code    92  stm32f4xx_ll_usb.o(i.USB_SetCurrentMode)
    USB_SetDevAddress                        0x08008d99   Thumb Code    34  stm32f4xx_ll_usb.o(i.USB_SetDevAddress)
    USB_SetTurnaroundTime                    0x08008dbd   Thumb Code   168  stm32f4xx_ll_usb.o(i.USB_SetTurnaroundTime)
    USB_WritePacket                          0x08008ea1   Thumb Code    48  stm32f4xx_ll_usb.o(i.USB_WritePacket)
    UsageFault_Handler                       0x08008ed1   Thumb Code     2  stm32f4xx_it.o(i.UsageFault_Handler)
    __ARM_common_memclr4_5                   0x08008ed3   Thumb Code     8  referee.o(i.__ARM_common_memclr4_5)
    __ARM_common_memclr4_6                   0x08008edb   Thumb Code     8  referee.o(i.__ARM_common_memclr4_6)
    __ARM_common_memcpy4_5                   0x08008ee3   Thumb Code    10  referee.o(i.__ARM_common_memcpy4_5)
    __ARM_fpclassifyf                        0x08008eed   Thumb Code    38  fpclassifyf.o(i.__ARM_fpclassifyf)
    __hardfp_asinf                           0x08008f15   Thumb Code   258  asinf.o(i.__hardfp_asinf)
    __hardfp_atan2f                          0x08009041   Thumb Code   502  atan2f.o(i.__hardfp_atan2f)
    __hardfp_atanf                           0x08009291   Thumb Code   296  atanf.o(i.__hardfp_atanf)
    __hardfp_cosf                            0x080093f1   Thumb Code   280  cosf.o(i.__hardfp_cosf)
    __hardfp_sinf                            0x08009541   Thumb Code   344  sinf.o(i.__hardfp_sinf)
    __hardfp_sqrt                            0x080096d1   Thumb Code   122  sqrt.o(i.__hardfp_sqrt)
    __hardfp_sqrtf                           0x0800974b   Thumb Code    58  sqrtf.o(i.__hardfp_sqrtf)
    __hardfp_tanf                            0x08009785   Thumb Code   322  tanf.o(i.__hardfp_tanf)
    __mathlib_flt_infnan                     0x08009901   Thumb Code     6  funder.o(i.__mathlib_flt_infnan)
    __mathlib_flt_infnan2                    0x08009907   Thumb Code     6  funder.o(i.__mathlib_flt_infnan2)
    __mathlib_flt_invalid                    0x0800990d   Thumb Code    10  funder.o(i.__mathlib_flt_invalid)
    __mathlib_flt_underflow                  0x0800991d   Thumb Code    10  funder.o(i.__mathlib_flt_underflow)
    __mathlib_rredf2                         0x0800992d   Thumb Code   316  rredf.o(i.__mathlib_rredf2)
    can_filter_init                          0x08009a81   Thumb Code    80  can.o(i.can_filter_init)
    chassis_move_init                        0x08009ad9   Thumb Code   170  chassis_move.o(i.chassis_move_init)
    get_angle                                0x08009ba1   Thumb Code   176  imu_updata.o(i.get_angle)
    init_Encoder                             0x08009c51   Thumb Code     8  encoder.o(i.init_Encoder)
    init_referee_struct_data                 0x08009c59   Thumb Code   128  referee.o(i.init_referee_struct_data)
    invSqrt                                  0x08009ced   Thumb Code    40  mahonyahrs.o(i.invSqrt)
    ist8310_GPIO_init                        0x08009d19   Thumb Code     2  ist8310driver_middleware.o(i.ist8310_GPIO_init)
    ist8310_IIC_read_muli_reg                0x08009d1d   Thumb Code    28  ist8310driver_middleware.o(i.ist8310_IIC_read_muli_reg)
    ist8310_IIC_read_single_reg              0x08009d3d   Thumb Code    44  ist8310driver_middleware.o(i.ist8310_IIC_read_single_reg)
    ist8310_IIC_write_single_reg             0x08009d6d   Thumb Code    34  ist8310driver_middleware.o(i.ist8310_IIC_write_single_reg)
    ist8310_RST_H                            0x08009d95   Thumb Code    10  ist8310driver_middleware.o(i.ist8310_RST_H)
    ist8310_RST_L                            0x08009da5   Thumb Code    10  ist8310driver_middleware.o(i.ist8310_RST_L)
    ist8310_com_init                         0x08009db5   Thumb Code     2  ist8310driver_middleware.o(i.ist8310_com_init)
    ist8310_delay_ms                         0x08009db7   Thumb Code     4  ist8310driver_middleware.o(i.ist8310_delay_ms)
    ist8310_delay_us                         0x08009dbb   Thumb Code     6  ist8310driver_middleware.o(i.ist8310_delay_us)
    ist8310_init                             0x08009dc1   Thumb Code   118  ist8310driver.o(i.ist8310_init)
    ist8310_read_mag                         0x08009e3d   Thumb Code    90  ist8310driver.o(i.ist8310_read_mag)
    led_init                                 0x08009e9d   Thumb Code    36  led_control.o(i.led_init)
    led_show                                 0x08009ec5   Thumb Code    64  led_control.o(i.led_show)
    madgwickUpdate                           0x08009f11   Thumb Code   896  madgwick.o(i.madgwickUpdate)
    main                                     0x0800a2b9   Thumb Code   154  main.o(i.main)
    osDelay                                  0x0800a35d   Thumb Code    34  cmsis_os2.o(i.osDelay)
    osKernelInitialize                       0x0800a381   Thumb Code    36  cmsis_os2.o(i.osKernelInitialize)
    osKernelStart                            0x0800a3a9   Thumb Code    50  cmsis_os2.o(i.osKernelStart)
    osThreadNew                              0x0800a3e5   Thumb Code   160  cmsis_os2.o(i.osThreadNew)
    pid_cal                                  0x0800a485   Thumb Code   164  pid.o(i.pid_cal)
    pid_set                                  0x0800a529   Thumb Code    38  pid.o(i.pid_set)
    process_motor_data                       0x0800a555   Thumb Code   166  can_receive&send.o(i.process_motor_data)
    pvPortMalloc                             0x0800ad2d   Thumb Code   292  heap_4.o(i.pvPortMalloc)
    pxPortInitialiseStack                    0x0800ae5d   Thumb Code    38  port.o(i.pxPortInitialiseStack)
    referee_data_solve                       0x0800ae89   Thumb Code   346  referee.o(i.referee_data_solve)
    remote_control_init                      0x0800aff5   Thumb Code    12  dbus_remote_control.o(i.remote_control_init)
    sqrtf                                    0x0800b0bf   Thumb Code    62  sqrtf.o(i.sqrtf)
    uart_init                                0x0800b0fd   Thumb Code    30  uart_data_transmit.o(i.uart_init)
    update_Encoder                           0x0800b13d   Thumb Code    76  encoder.o(i.update_Encoder)
    uxListRemove                             0x0800b189   Thumb Code    38  list.o(i.uxListRemove)
    vApplicationGetIdleTaskMemory            0x0800b1b1   Thumb Code    16  cmsis_os2.o(i.vApplicationGetIdleTaskMemory)
    vApplicationGetTimerTaskMemory           0x0800b1c5   Thumb Code    18  cmsis_os2.o(i.vApplicationGetTimerTaskMemory)
    vListInitialise                          0x0800b1dd   Thumb Code    22  list.o(i.vListInitialise)
    vListInitialiseItem                      0x0800b1f3   Thumb Code     6  list.o(i.vListInitialiseItem)
    vListInsert                              0x0800b1f9   Thumb Code    54  list.o(i.vListInsert)
    vListInsertEnd                           0x0800b22f   Thumb Code    24  list.o(i.vListInsertEnd)
    vPortEnterCritical                       0x0800b249   Thumb Code    56  port.o(i.vPortEnterCritical)
    vPortExitCritical                        0x0800b289   Thumb Code    38  port.o(i.vPortExitCritical)
    vPortFree                                0x0800b2b5   Thumb Code    96  heap_4.o(i.vPortFree)
    vPortSetupTimerInterrupt                 0x0800b319   Thumb Code    32  port.o(i.vPortSetupTimerInterrupt)
    vPortValidateInterruptPriority           0x0800b33d   Thumb Code    74  port.o(i.vPortValidateInterruptPriority)
    vQueueAddToRegistry                      0x0800b391   Thumb Code    34  queue.o(i.vQueueAddToRegistry)
    vQueueWaitForMessageRestricted           0x0800b3b9   Thumb Code    74  queue.o(i.vQueueWaitForMessageRestricted)
    vTaskDelay                               0x0800b405   Thumb Code    66  tasks.o(i.vTaskDelay)
    vTaskInternalSetTimeOutState             0x0800b451   Thumb Code    12  tasks.o(i.vTaskInternalSetTimeOutState)
    vTaskMissedYield                         0x0800b461   Thumb Code     8  tasks.o(i.vTaskMissedYield)
    vTaskPlaceOnEventList                    0x0800b46d   Thumb Code    46  tasks.o(i.vTaskPlaceOnEventList)
    vTaskPlaceOnEventListRestricted          0x0800b4a1   Thumb Code    54  tasks.o(i.vTaskPlaceOnEventListRestricted)
    vTaskStartScheduler                      0x0800b4dd   Thumb Code   118  tasks.o(i.vTaskStartScheduler)
    vTaskSuspendAll                          0x0800b565   Thumb Code    10  tasks.o(i.vTaskSuspendAll)
    vTaskSwitchContext                       0x0800b575   Thumb Code    98  tasks.o(i.vTaskSwitchContext)
    xPortStartScheduler                      0x0800b5e1   Thumb Code   236  port.o(i.xPortStartScheduler)
    xPortSysTickHandler                      0x0800b6e9   Thumb Code    38  port.o(i.xPortSysTickHandler)
    xQueueGenericCreateStatic                0x0800b715   Thumb Code   124  queue.o(i.xQueueGenericCreateStatic)
    xQueueGenericReset                       0x0800b791   Thumb Code   130  queue.o(i.xQueueGenericReset)
    xQueueGenericSend                        0x0800b819   Thumb Code   462  queue.o(i.xQueueGenericSend)
    xQueueGenericSendFromISR                 0x0800b9ed   Thumb Code   186  queue.o(i.xQueueGenericSendFromISR)
    xQueueReceive                            0x0800baa9   Thumb Code   364  queue.o(i.xQueueReceive)
    xTaskCheckForTimeOut                     0x0800bc19   Thumb Code   130  tasks.o(i.xTaskCheckForTimeOut)
    xTaskCreate                              0x0800bca1   Thumb Code    96  tasks.o(i.xTaskCreate)
    xTaskCreateStatic                        0x0800bd01   Thumb Code    92  tasks.o(i.xTaskCreateStatic)
    xTaskGetSchedulerState                   0x0800bd5d   Thumb Code    24  tasks.o(i.xTaskGetSchedulerState)
    xTaskGetTickCount                        0x0800bd79   Thumb Code     6  tasks.o(i.xTaskGetTickCount)
    xTaskIncrementTick                       0x0800bd85   Thumb Code   218  tasks.o(i.xTaskIncrementTick)
    xTaskPriorityDisinherit                  0x0800be69   Thumb Code   118  tasks.o(i.xTaskPriorityDisinherit)
    xTaskRemoveFromEventList                 0x0800bee9   Thumb Code   102  tasks.o(i.xTaskRemoveFromEventList)
    xTaskResumeAll                           0x0800bf5d   Thumb Code   212  tasks.o(i.xTaskResumeAll)
    xTimerCreateTimerTask                    0x0800c041   Thumb Code   140  timers.o(i.xTimerCreateTimerTask)
    xTimerGenericCommand                     0x0800c0ed   Thumb Code   106  timers.o(i.xTimerGenericCommand)
    __aeabi_d2f                              0x0800c15d   Thumb Code     0  d2f.o(x$fpl$d2f)
    _d2f                                     0x0800c15d   Thumb Code    98  d2f.o(x$fpl$d2f)
    __aeabi_dadd                             0x0800c1c1   Thumb Code     0  daddsub_clz.o(x$fpl$dadd)
    _dadd                                    0x0800c1c1   Thumb Code   332  daddsub_clz.o(x$fpl$dadd)
    __aeabi_dmul                             0x0800c311   Thumb Code     0  dmul.o(x$fpl$dmul)
    _dmul                                    0x0800c311   Thumb Code   332  dmul.o(x$fpl$dmul)
    __fpl_dnaninf                            0x0800c465   Thumb Code   156  dnaninf.o(x$fpl$dnaninf)
    __fpl_dretinf                            0x0800c501   Thumb Code    12  dretinf.o(x$fpl$dretinf)
    _dsqrt                                   0x0800c50d   Thumb Code   404  dsqrt_umaal.o(x$fpl$dsqrt)
    __aeabi_dsub                             0x0800c6a5   Thumb Code     0  daddsub_clz.o(x$fpl$dsub)
    _dsub                                    0x0800c6a5   Thumb Code   464  daddsub_clz.o(x$fpl$dsub)
    __aeabi_f2d                              0x0800c879   Thumb Code     0  f2d.o(x$fpl$f2d)
    _f2d                                     0x0800c879   Thumb Code    86  f2d.o(x$fpl$f2d)
    __aeabi_ul2f                             0x0800c8cf   Thumb Code     0  ffltll_clz.o(x$fpl$ffltll)
    _ll_uto_f                                0x0800c8cf   Thumb Code     6  ffltll_clz.o(x$fpl$ffltll)
    __aeabi_l2f                              0x0800c8d5   Thumb Code     0  ffltll_clz.o(x$fpl$ffltll)
    _ll_sto_f                                0x0800c8d5   Thumb Code    90  ffltll_clz.o(x$fpl$ffltll)
    __fpl_fnaninf                            0x0800c92f   Thumb Code   140  fnaninf.o(x$fpl$fnaninf)
    _fp_init                                 0x0800c9bb   Thumb Code    10  fpinit.o(x$fpl$fpinit)
    __fplib_config_fpu_vfp                   0x0800c9c3   Thumb Code     0  fpinit.o(x$fpl$fpinit)
    __fplib_config_pureend_doubles           0x0800c9c3   Thumb Code     0  fpinit.o(x$fpl$fpinit)
    __fpl_fretinf                            0x0800c9c5   Thumb Code    10  fretinf.o(x$fpl$fretinf)
    __I$use$fp                               0x0800c9ce   Number         0  usenofp.o(x$fpl$usenofp)
    ChassisTask_attributes                   0x0800c9d0   Data          36  freertos.o(.constdata)
    RemoteTask_attributes                    0x0800c9f4   Data          36  freertos.o(.constdata)
    SendCAN_Task_attributes                  0x0800ca18   Data          36  freertos.o(.constdata)
    FlashLEDTask_attributes                  0x0800ca3c   Data          36  freertos.o(.constdata)
    AHBPrescTable                            0x0800ca68   Data          16  system_stm32f4xx.o(.constdata)
    APBPrescTable                            0x0800ca78   Data           8  system_stm32f4xx.o(.constdata)
    Region$$Table$$Base                      0x0800cae4   Number         0  anon$$obj.o(Region$$Table)
    Region$$Table$$Limit                     0x0800cb04   Number         0  anon$$obj.o(Region$$Table)
    ChassisTaskHandle                        0x20000000   Data           4  freertos.o(.data)
    RemoteTaskHandle                         0x20000004   Data           4  freertos.o(.data)
    SendCAN_TaskHandle                       0x20000008   Data           4  freertos.o(.data)
    FlashLEDTaskHandle                       0x2000000c   Data           4  freertos.o(.data)
    hcrc                                     0x20000014   Data           8  crc.o(.data)
    FS_Desc                                  0x2000001c   Data          28  usbd_desc.o(.data)
    USBD_LangIDDesc                          0x20000038   Data           4  usbd_desc.o(.data)
    USBD_FS_DeviceDesc                       0x2000003c   Data          18  usbd_desc.o(.data)
    USBD_StringSerial                        0x20000050   Data          26  usbd_desc.o(.data)
    USBD_Interface_fops_FS                   0x2000006c   Data          20  usbd_cdc_if.o(.data)
    uwTickFreq                               0x20000080   Data           1  stm32f4xx_hal.o(.data)
    uwTickPrio                               0x20000084   Data           4  stm32f4xx_hal.o(.data)
    uwTick                                   0x20000088   Data           4  stm32f4xx_hal.o(.data)
    SystemCoreClock                          0x2000008c   Data           4  system_stm32f4xx.o(.data)
    pxCurrentTCB                             0x20000090   Data           4  tasks.o(.data)
    BMI088_ACCEL_SEN                         0x20000110   Data           4  bmi088driver.o(.data)
    BMI088_GYRO_SEN                          0x20000114   Data           4  bmi088driver.o(.data)
    SEq_1                                    0x2000013c   Data           4  madgwick.o(.data)
    SEq_2                                    0x20000140   Data           4  madgwick.o(.data)
    SEq_3                                    0x20000144   Data           4  madgwick.o(.data)
    SEq_4                                    0x20000148   Data           4  madgwick.o(.data)
    twoKp                                    0x2000014c   Data           4  mahonyahrs.o(.data)
    twoKi                                    0x20000150   Data           4  mahonyahrs.o(.data)
    integralFBx                              0x20000154   Data           4  mahonyahrs.o(.data)
    integralFBy                              0x20000158   Data           4  mahonyahrs.o(.data)
    integralFBz                              0x2000015c   Data           4  mahonyahrs.o(.data)
    game_result                              0x2000016a   Data           1  referee.o(.data)
    buff_musk_t                              0x2000016b   Data           1  referee.o(.data)
    robot_hurt_t                             0x2000016c   Data           1  referee.o(.data)
    bullet_remaining_t                       0x2000016d   Data           1  referee.o(.data)
    referee_warning_t                        0x2000016e   Data           2  referee.o(.data)
    robot_energy_t                           0x20000170   Data           2  referee.o(.data)
    game_state                               0x20000172   Data           3  referee.o(.data)
    supply_projectile_booking_t              0x20000175   Data           3  referee.o(.data)
    field_event                              0x20000178   Data           4  referee.o(.data)
    supply_projectile_action_t               0x2000017c   Data           4  referee.o(.data)
    referee_receive_header                   0x20000180   Data           5  referee.o(.data)
    referee_send_header                      0x20000185   Data           5  referee.o(.data)
    shoot_data_t                             0x2000018a   Data           6  referee.o(.data)
    USBD_CDC                                 0x2000026c   Data          56  usbd_cdc.o(.data)
    hcan1                                    0x200002a4   Data          40  can.o(.bss)
    hcan2                                    0x200002cc   Data          40  can.o(.bss)
    hi2c2                                    0x200002f4   Data          84  i2c.o(.bss)
    hi2c3                                    0x20000348   Data          84  i2c.o(.bss)
    hspi1                                    0x2000039c   Data          88  spi.o(.bss)
    hdma_spi1_rx                             0x200003f4   Data          96  spi.o(.bss)
    hdma_spi1_tx                             0x20000454   Data          96  spi.o(.bss)
    htim1                                    0x200004b4   Data          72  tim.o(.bss)
    htim5                                    0x200004fc   Data          72  tim.o(.bss)
    htim8                                    0x20000544   Data          72  tim.o(.bss)
    htim10                                   0x2000058c   Data          72  tim.o(.bss)
    htim13                                   0x200005d4   Data          72  tim.o(.bss)
    htim14                                   0x2000061c   Data          72  tim.o(.bss)
    huart1                                   0x20000664   Data          68  usart.o(.bss)
    huart3                                   0x200006a8   Data          68  usart.o(.bss)
    huart6                                   0x200006ec   Data          68  usart.o(.bss)
    hdma_usart1_rx                           0x20000730   Data          96  usart.o(.bss)
    hdma_usart1_tx                           0x20000790   Data          96  usart.o(.bss)
    hdma_usart3_rx                           0x200007f0   Data          96  usart.o(.bss)
    hdma_usart6_rx                           0x20000850   Data          96  usart.o(.bss)
    hdma_usart6_tx                           0x200008b0   Data          96  usart.o(.bss)
    hUsbDeviceFS                             0x20000910   Data         720  usb_device.o(.bss)
    hpcd_USB_OTG_FS                          0x20000e00   Data        1032  usbd_conf.o(.bss)
    USBD_StrDesc                             0x20001208   Data         512  usbd_desc.o(.bss)
    UserRxBufferFS                           0x20001408   Data        2048  usbd_cdc_if.o(.bss)
    UserTxBufferFS                           0x20001c08   Data        2048  usbd_cdc_if.o(.bss)
    htim2                                    0x20002408   Data          72  stm32f4xx_hal_timebase_tim.o(.bss)
    xQueueRegistry                           0x20002450   Data          64  queue.o(.bss)
    Arm_encoder                              0x20006d28   Data          24  encoder.o(.bss)
    UART1_data                               0x20006d40   Data         268  uart_data_transmit.o(.bss)
    UART6_data                               0x20006e4c   Data         268  uart_data_transmit.o(.bss)
    IMU_tempure_pid                          0x20006f58   Data          48  imu_updata.o(.bss)
    filter                                   0x20006f88   Data          96  imu_updata.o(.bss)
    IMU_data                                 0x20006fe8   Data         120  imu_updata.o(.bss)
    Can1_motor_data                          0x20007090   Data         512  can_receive&send.o(.bss)
    Can2_motor_data                          0x20007290   Data         512  can_receive&send.o(.bss)
    RC_data                                  0x20007490   Data          22  dbus_remote_control.o(.bss)
    chassis                                  0x200074f0   Data          36  chassis_move.o(.bss)
    wheel_rpm                                0x20007514   Data          16  chassis_move.o(.bss)
    motor_speed                              0x20007524   Data         192  chassis_move.o(.bss)
    track_motor_speed                        0x200075e4   Data          48  chassis_move.o(.bss)
    game_robot_HP_t                          0x20007614   Data          28  referee.o(.bss)
    robot_state                              0x20007630   Data          27  referee.o(.bss)
    power_heat_data_t                        0x2000764b   Data          14  referee.o(.bss)
    game_robot_pos_t                         0x20007659   Data          16  referee.o(.bss)
    student_interactive_data_t               0x20007669   Data          12  referee.o(.bss)
    __libspace_start                         0x20007678   Data          96  libspace.o(.bss)
    __temporary_stack_top$libspace           0x200076d8   Data           0  libspace.o(.bss)



==============================================================================

Memory Map of the image

  Image Entry point : 0x08000189

  Load Region LR_IROM1 (Base: 0x08000000, Size: 0x0000cda8, Max: 0x00100000, ABSOLUTE, COMPRESSED[0x0000cc04])

    Execution Region ER_IROM1 (Base: 0x08000000, Size: 0x0000cb04, Max: 0x00100000, ABSOLUTE)

    Base Addr    Size         Type   Attr      Idx    E Section Name        Object

    0x08000000   0x00000188   Data   RO         5278    RESET               startup_stm32f407xx.o
    0x08000188   0x00000008   Code   RO         9619  * !!!main             c_w.l(__main.o)
    0x08000190   0x00000034   Code   RO        10145    !!!scatter          c_w.l(__scatter.o)
    0x080001c4   0x0000005a   Code   RO        10143    !!dczerorl2         c_w.l(__dczerorl2.o)
    0x0800021e   0x00000002   PAD
    0x08000220   0x0000001c   Code   RO        10147    !!handler_zi        c_w.l(__scatter_zi.o)
    0x0800023c   0x00000002   Code   RO        10058    .ARM.Collect$$libinit$$00000000  c_w.l(libinit.o)
    0x0800023e   0x00000004   Code   RO         9826    .ARM.Collect$$libinit$$00000001  c_w.l(libinit2.o)
    0x08000242   0x00000000   Code   RO         9829    .ARM.Collect$$libinit$$00000004  c_w.l(libinit2.o)
    0x08000242   0x00000000   Code   RO         9832    .ARM.Collect$$libinit$$0000000A  c_w.l(libinit2.o)
    0x08000242   0x00000000   Code   RO         9834    .ARM.Collect$$libinit$$0000000C  c_w.l(libinit2.o)
    0x08000242   0x00000000   Code   RO         9836    .ARM.Collect$$libinit$$0000000E  c_w.l(libinit2.o)
    0x08000242   0x00000000   Code   RO         9839    .ARM.Collect$$libinit$$00000011  c_w.l(libinit2.o)
    0x08000242   0x00000000   Code   RO         9841    .ARM.Collect$$libinit$$00000013  c_w.l(libinit2.o)
    0x08000242   0x00000000   Code   RO         9843    .ARM.Collect$$libinit$$00000015  c_w.l(libinit2.o)
    0x08000242   0x00000000   Code   RO         9845    .ARM.Collect$$libinit$$00000017  c_w.l(libinit2.o)
    0x08000242   0x00000000   Code   RO         9847    .ARM.Collect$$libinit$$00000019  c_w.l(libinit2.o)
    0x08000242   0x00000000   Code   RO         9849    .ARM.Collect$$libinit$$0000001B  c_w.l(libinit2.o)
    0x08000242   0x00000000   Code   RO         9851    .ARM.Collect$$libinit$$0000001D  c_w.l(libinit2.o)
    0x08000242   0x00000000   Code   RO         9853    .ARM.Collect$$libinit$$0000001F  c_w.l(libinit2.o)
    0x08000242   0x00000000   Code   RO         9855    .ARM.Collect$$libinit$$00000021  c_w.l(libinit2.o)
    0x08000242   0x00000000   Code   RO         9857    .ARM.Collect$$libinit$$00000023  c_w.l(libinit2.o)
    0x08000242   0x00000000   Code   RO         9859    .ARM.Collect$$libinit$$00000025  c_w.l(libinit2.o)
    0x08000242   0x00000000   Code   RO         9863    .ARM.Collect$$libinit$$0000002C  c_w.l(libinit2.o)
    0x08000242   0x00000000   Code   RO         9865    .ARM.Collect$$libinit$$0000002E  c_w.l(libinit2.o)
    0x08000242   0x00000000   Code   RO         9867    .ARM.Collect$$libinit$$00000030  c_w.l(libinit2.o)
    0x08000242   0x00000000   Code   RO         9869    .ARM.Collect$$libinit$$00000032  c_w.l(libinit2.o)
    0x08000242   0x00000002   Code   RO         9870    .ARM.Collect$$libinit$$00000033  c_w.l(libinit2.o)
    0x08000244   0x00000002   Code   RO        10140    .ARM.Collect$$libshutdown$$00000000  c_w.l(libshutdown.o)
    0x08000246   0x00000000   Code   RO        10060    .ARM.Collect$$libshutdown$$00000002  c_w.l(libshutdown2.o)
    0x08000246   0x00000000   Code   RO        10062    .ARM.Collect$$libshutdown$$00000004  c_w.l(libshutdown2.o)
    0x08000246   0x00000000   Code   RO        10065    .ARM.Collect$$libshutdown$$00000007  c_w.l(libshutdown2.o)
    0x08000246   0x00000000   Code   RO        10068    .ARM.Collect$$libshutdown$$0000000A  c_w.l(libshutdown2.o)
    0x08000246   0x00000000   Code   RO        10070    .ARM.Collect$$libshutdown$$0000000C  c_w.l(libshutdown2.o)
    0x08000246   0x00000000   Code   RO        10073    .ARM.Collect$$libshutdown$$0000000F  c_w.l(libshutdown2.o)
    0x08000246   0x00000002   Code   RO        10074    .ARM.Collect$$libshutdown$$00000010  c_w.l(libshutdown2.o)
    0x08000248   0x00000000   Code   RO         9773    .ARM.Collect$$rtentry$$00000000  c_w.l(__rtentry.o)
    0x08000248   0x00000000   Code   RO         9950    .ARM.Collect$$rtentry$$00000002  c_w.l(__rtentry2.o)
    0x08000248   0x00000006   Code   RO         9962    .ARM.Collect$$rtentry$$00000004  c_w.l(__rtentry4.o)
    0x0800024e   0x00000000   Code   RO         9952    .ARM.Collect$$rtentry$$00000009  c_w.l(__rtentry2.o)
    0x0800024e   0x00000004   Code   RO         9953    .ARM.Collect$$rtentry$$0000000A  c_w.l(__rtentry2.o)
    0x08000252   0x00000000   Code   RO         9955    .ARM.Collect$$rtentry$$0000000C  c_w.l(__rtentry2.o)
    0x08000252   0x00000008   Code   RO         9956    .ARM.Collect$$rtentry$$0000000D  c_w.l(__rtentry2.o)
    0x0800025a   0x00000002   Code   RO        10079    .ARM.Collect$$rtexit$$00000000  c_w.l(rtexit.o)
    0x0800025c   0x00000000   Code   RO        10108    .ARM.Collect$$rtexit$$00000002  c_w.l(rtexit2.o)
    0x0800025c   0x00000004   Code   RO        10109    .ARM.Collect$$rtexit$$00000003  c_w.l(rtexit2.o)
    0x08000260   0x00000006   Code   RO        10110    .ARM.Collect$$rtexit$$00000004  c_w.l(rtexit2.o)
    0x08000266   0x00000002   PAD
    0x08000268   0x000000be   Code   RO         6901    .emb_text           port.o
    0x08000326   0x00000002   PAD
    0x08000328   0x00000040   Code   RO         5279    .text               startup_stm32f407xx.o
    0x08000368   0x000000ee   Code   RO         9536    .text               c_w.l(lludivv7m.o)
    0x08000456   0x00000048   Code   RO         9538    .text               c_w.l(llsdiv.o)
    0x0800049e   0x0000008a   Code   RO         9605    .text               c_w.l(rt_memcpy_v6.o)
    0x08000528   0x00000064   Code   RO         9607    .text               c_w.l(rt_memcpy_w.o)
    0x0800058c   0x00000010   Code   RO         9611    .text               c_w.l(aeabi_memset.o)
    0x0800059c   0x00000044   Code   RO         9613    .text               c_w.l(rt_memclr.o)
    0x080005e0   0x0000004e   Code   RO         9615    .text               c_w.l(rt_memclr_w.o)
    0x0800062e   0x00000006   Code   RO         9617    .text               c_w.l(heapauxi.o)
    0x08000634   0x00000016   Code   RO         9803    .text               c_w.l(_rserrno.o)
    0x0800064a   0x00000002   PAD
    0x0800064c   0x00000008   Code   RO         9946    .text               c_w.l(libspace.o)
    0x08000654   0x00000008   Code   RO         9969    .text               c_w.l(rt_errno_addr_intlibspace.o)
    0x0800065c   0x00000002   Code   RO        10013    .text               c_w.l(use_no_semi.o)
    0x0800065e   0x00000000   Code   RO        10015    .text               c_w.l(indicate_semi.o)
    0x0800065e   0x0000004a   Code   RO        10016    .text               c_w.l(sys_stackheap_outer.o)
    0x080006a8   0x00000012   Code   RO        10035    .text               c_w.l(exit.o)
    0x080006ba   0x00000002   PAD
    0x080006bc   0x0000000c   Code   RO        10077    .text               c_w.l(sys_exit.o)
    0x080006c8   0x00000010   Code   RO         7116    i.BMI088_ACCEL_NS_H  bmi088middleware.o
    0x080006d8   0x00000010   Code   RO         7117    i.BMI088_ACCEL_NS_L  bmi088middleware.o
    0x080006e8   0x00000010   Code   RO         7119    i.BMI088_GYRO_NS_H  bmi088middleware.o
    0x080006f8   0x00000010   Code   RO         7120    i.BMI088_GYRO_NS_L  bmi088middleware.o
    0x08000708   0x00000198   Code   RO         6982    i.BMI088_read       bmi088driver.o
    0x080008a0   0x00000024   Code   RO         7124    i.BMI088_read_write_byte  bmi088middleware.o
    0x080008c4   0x00000002   Code   RO         1121    i.BusFault_Handler  stm32f4xx_it.o
    0x080008c6   0x00000002   PAD
    0x080008c8   0x0000000c   Code   RO         1122    i.CAN1_RX0_IRQHandler  stm32f4xx_it.o
    0x080008d4   0x000000b8   Code   RO         8493    i.CAN1_send_current  can_receive&send.o
    0x0800098c   0x0000000c   Code   RO         1123    i.CAN2_RX0_IRQHandler  stm32f4xx_it.o
    0x08000998   0x000000b8   Code   RO         8494    i.CAN2_send_current  can_receive&send.o
    0x08000a50   0x00000004   Code   RO         1065    i.CDC_Control_FS    usbd_cdc_if.o
    0x08000a54   0x00000004   Code   RO         1066    i.CDC_DeInit_FS     usbd_cdc_if.o
    0x08000a58   0x00000024   Code   RO         1067    i.CDC_Init_FS       usbd_cdc_if.o
    0x08000a7c   0x00000038   Code   RO         1068    i.CDC_Receive_FS    usbd_cdc_if.o
    0x08000ab4   0x00000004   Code   RO         1069    i.CDC_TransmitCplt_FS  usbd_cdc_if.o
    0x08000ab8   0x0000002c   Code   RO         1070    i.CDC_Transmit_FS   usbd_cdc_if.o
    0x08000ae4   0x00000030   Code   RO          321    i.ChassisTask_callback  freertos.o
    0x08000b14   0x0000000c   Code   RO         1124    i.DMA1_Stream1_IRQHandler  stm32f4xx_it.o
    0x08000b20   0x0000000c   Code   RO         1125    i.DMA2_Stream0_IRQHandler  stm32f4xx_it.o
    0x08000b2c   0x0000000c   Code   RO         1126    i.DMA2_Stream2_IRQHandler  stm32f4xx_it.o
    0x08000b38   0x0000000c   Code   RO         1127    i.DMA2_Stream3_IRQHandler  stm32f4xx_it.o
    0x08000b44   0x0000000c   Code   RO         1128    i.DMA2_Stream5_IRQHandler  stm32f4xx_it.o
    0x08000b50   0x0000000c   Code   RO         1129    i.DMA2_Stream6_IRQHandler  stm32f4xx_it.o
    0x08000b5c   0x0000000c   Code   RO         1130    i.DMA2_Stream7_IRQHandler  stm32f4xx_it.o
    0x08000b68   0x000000d0   Code   RO         8554    i.Dbus_USARTx_IRQHandler  dbus_remote_control.o
    0x08000c38   0x00000002   Code   RO         1131    i.DebugMon_Handler  stm32f4xx_it.o
    0x08000c3a   0x00000012   Code   RO         1132    i.EXTI9_5_IRQHandler  stm32f4xx_it.o
    0x08000c4c   0x00000002   Code   RO            4    i.Error_Handler     main.o
    0x08000c4e   0x00000002   PAD
    0x08000c50   0x00000024   Code   RO          322    i.FlashLEDTask_callback  freertos.o
    0x08000c74   0x00000004   Code   RO         8709    i.Get_sys_time_ms   time.o
    0x08000c78   0x00000024   Code   RO         2975    i.HAL_CAN_ActivateNotification  stm32f4xx_hal_can.o
    0x08000c9c   0x000000e4   Code   RO         2976    i.HAL_CAN_AddTxMessage  stm32f4xx_hal_can.o
    0x08000d80   0x00000114   Code   RO         2977    i.HAL_CAN_ConfigFilter  stm32f4xx_hal_can.o
    0x08000e94   0x00000002   Code   RO         2980    i.HAL_CAN_ErrorCallback  stm32f4xx_hal_can.o
    0x08000e96   0x00000148   Code   RO         2983    i.HAL_CAN_GetRxMessage  stm32f4xx_hal_can.o
    0x08000fde   0x00000236   Code   RO         2987    i.HAL_CAN_IRQHandler  stm32f4xx_hal_can.o
    0x08001214   0x00000128   Code   RO         2988    i.HAL_CAN_Init      stm32f4xx_hal_can.o
    0x0800133c   0x000000f0   Code   RO          404    i.HAL_CAN_MspInit   can.o
    0x0800142c   0x00000002   Code   RO         2995    i.HAL_CAN_RxFifo0FullCallback  stm32f4xx_hal_can.o
    0x0800142e   0x00000002   PAD
    0x08001430   0x000001e4   Code   RO         8495    i.HAL_CAN_RxFifo0MsgPendingCallback  can_receive&send.o
    0x08001614   0x00000002   Code   RO         2997    i.HAL_CAN_RxFifo1FullCallback  stm32f4xx_hal_can.o
    0x08001616   0x00000002   Code   RO         2998    i.HAL_CAN_RxFifo1MsgPendingCallback  stm32f4xx_hal_can.o
    0x08001618   0x00000002   Code   RO         2999    i.HAL_CAN_SleepCallback  stm32f4xx_hal_can.o
    0x0800161a   0x00000062   Code   RO         3000    i.HAL_CAN_Start     stm32f4xx_hal_can.o
    0x0800167c   0x00000002   Code   RO         3002    i.HAL_CAN_TxMailbox0AbortCallback  stm32f4xx_hal_can.o
    0x0800167e   0x00000002   Code   RO         3003    i.HAL_CAN_TxMailbox0CompleteCallback  stm32f4xx_hal_can.o
    0x08001680   0x00000002   Code   RO         3004    i.HAL_CAN_TxMailbox1AbortCallback  stm32f4xx_hal_can.o
    0x08001682   0x00000002   Code   RO         3005    i.HAL_CAN_TxMailbox1CompleteCallback  stm32f4xx_hal_can.o
    0x08001684   0x00000002   Code   RO         3006    i.HAL_CAN_TxMailbox2AbortCallback  stm32f4xx_hal_can.o
    0x08001686   0x00000002   Code   RO         3007    i.HAL_CAN_TxMailbox2CompleteCallback  stm32f4xx_hal_can.o
    0x08001688   0x00000002   Code   RO         3009    i.HAL_CAN_WakeUpFromRxMsgCallback  stm32f4xx_hal_can.o
    0x0800168a   0x00000022   Code   RO         3212    i.HAL_CRC_Init      stm32f4xx_hal_crc.o
    0x080016ac   0x0000002c   Code   RO          459    i.HAL_CRC_MspInit   crc.o
    0x080016d8   0x000000a6   Code   RO         2321    i.HAL_DMA_Abort     stm32f4xx_hal_dma.o
    0x0800177e   0x00000024   Code   RO         2322    i.HAL_DMA_Abort_IT  stm32f4xx_hal_dma.o
    0x080017a2   0x00000002   PAD
    0x080017a4   0x000001d8   Code   RO         2326    i.HAL_DMA_IRQHandler  stm32f4xx_hal_dma.o
    0x0800197c   0x00000150   Code   RO         2327    i.HAL_DMA_Init      stm32f4xx_hal_dma.o
    0x08001acc   0x000000a0   Code   RO         2331    i.HAL_DMA_Start_IT  stm32f4xx_hal_dma.o
    0x08001b6c   0x00000028   Code   RO         2723    i.HAL_Delay         stm32f4xx_hal.o
    0x08001b94   0x00000024   Code   RO         8608    i.HAL_GPIO_EXTI_Callback  gpio_input_exti.o
    0x08001bb8   0x00000018   Code   RO         2221    i.HAL_GPIO_EXTI_IRQHandler  stm32f4xx_hal_gpio.o
    0x08001bd0   0x00000224   Code   RO         2222    i.HAL_GPIO_Init     stm32f4xx_hal_gpio.o
    0x08001df4   0x0000000a   Code   RO         2224    i.HAL_GPIO_ReadPin  stm32f4xx_hal_gpio.o
    0x08001dfe   0x0000000a   Code   RO         2226    i.HAL_GPIO_WritePin  stm32f4xx_hal_gpio.o
    0x08001e08   0x0000000c   Code   RO         2729    i.HAL_GetTick       stm32f4xx_hal.o
    0x08001e14   0x000001a8   Code   RO         3279    i.HAL_I2C_Init      stm32f4xx_hal_i2c.o
    0x08001fbc   0x00000228   Code   RO         3297    i.HAL_I2C_Mem_Read  stm32f4xx_hal_i2c.o
    0x080021e4   0x0000014c   Code   RO         3300    i.HAL_I2C_Mem_Write  stm32f4xx_hal_i2c.o
    0x08002330   0x000000e4   Code   RO          525    i.HAL_I2C_MspInit   i2c.o
    0x08002414   0x00000010   Code   RO         2735    i.HAL_IncTick       stm32f4xx_hal.o
    0x08002424   0x00000034   Code   RO         2736    i.HAL_Init          stm32f4xx_hal.o
    0x08002458   0x00000074   Code   RO         1305    i.HAL_InitTick      stm32f4xx_hal_timebase_tim.o
    0x080024cc   0x0000003c   Code   RO         1281    i.HAL_MspInit       stm32f4xx_hal_msp.o
    0x08002508   0x0000001e   Code   RO         2591    i.HAL_NVIC_EnableIRQ  stm32f4xx_hal_cortex.o
    0x08002526   0x00000002   PAD
    0x08002528   0x00000064   Code   RO         2597    i.HAL_NVIC_SetPriority  stm32f4xx_hal_cortex.o
    0x0800258c   0x00000024   Code   RO         2598    i.HAL_NVIC_SetPriorityGrouping  stm32f4xx_hal_cortex.o
    0x080025b0   0x00000002   Code   RO         1561    i.HAL_PCDEx_LPM_Callback  stm32f4xx_hal_pcd_ex.o
    0x080025b2   0x00000008   Code   RO         1562    i.HAL_PCDEx_SetRxFiFo  stm32f4xx_hal_pcd_ex.o
    0x080025ba   0x0000004c   Code   RO         1563    i.HAL_PCDEx_SetTxFiFo  stm32f4xx_hal_pcd_ex.o
    0x08002606   0x00000008   Code   RO          777    i.HAL_PCD_ConnectCallback  usbd_conf.o
    0x0800260e   0x00000012   Code   RO          778    i.HAL_PCD_DataInStageCallback  usbd_conf.o
    0x08002620   0x00000014   Code   RO          779    i.HAL_PCD_DataOutStageCallback  usbd_conf.o
    0x08002634   0x00000008   Code   RO          780    i.HAL_PCD_DisconnectCallback  usbd_conf.o
    0x0800263c   0x0000004c   Code   RO         1353    i.HAL_PCD_EP_Close  stm32f4xx_hal_pcd.o
    0x08002688   0x0000005e   Code   RO         1354    i.HAL_PCD_EP_ClrStall  stm32f4xx_hal_pcd.o
    0x080026e6   0x00000012   Code   RO         1356    i.HAL_PCD_EP_GetRxCount  stm32f4xx_hal_pcd.o
    0x080026f8   0x0000005e   Code   RO         1357    i.HAL_PCD_EP_Open   stm32f4xx_hal_pcd.o
    0x08002756   0x0000004a   Code   RO         1358    i.HAL_PCD_EP_Receive  stm32f4xx_hal_pcd.o
    0x080027a0   0x00000072   Code   RO         1359    i.HAL_PCD_EP_SetStall  stm32f4xx_hal_pcd.o
    0x08002812   0x00000042   Code   RO         1360    i.HAL_PCD_EP_Transmit  stm32f4xx_hal_pcd.o
    0x08002854   0x000005e0   Code   RO         1362    i.HAL_PCD_IRQHandler  stm32f4xx_hal_pcd.o
    0x08002e34   0x00000008   Code   RO          781    i.HAL_PCD_ISOINIncompleteCallback  usbd_conf.o
    0x08002e3c   0x00000008   Code   RO          782    i.HAL_PCD_ISOOUTIncompleteCallback  usbd_conf.o
    0x08002e44   0x00000104   Code   RO         1365    i.HAL_PCD_Init      stm32f4xx_hal_pcd.o
    0x08002f48   0x00000088   Code   RO          784    i.HAL_PCD_MspInit   usbd_conf.o
    0x08002fd0   0x0000002e   Code   RO          785    i.HAL_PCD_ResetCallback  usbd_conf.o
    0x08002ffe   0x00000008   Code   RO          786    i.HAL_PCD_ResumeCallback  usbd_conf.o
    0x08003006   0x00000008   Code   RO          787    i.HAL_PCD_SOFCallback  usbd_conf.o
    0x0800300e   0x00000028   Code   RO         1371    i.HAL_PCD_SetAddress  stm32f4xx_hal_pcd.o
    0x08003036   0x0000000e   Code   RO          788    i.HAL_PCD_SetupStageCallback  usbd_conf.o
    0x08003044   0x00000040   Code   RO         1373    i.HAL_PCD_Start     stm32f4xx_hal_pcd.o
    0x08003084   0x00000034   Code   RO          789    i.HAL_PCD_SuspendCallback  usbd_conf.o
    0x080030b8   0x00000164   Code   RO         1895    i.HAL_RCC_ClockConfig  stm32f4xx_hal_rcc.o
    0x0800321c   0x00000040   Code   RO         1899    i.HAL_RCC_GetClockConfig  stm32f4xx_hal_rcc.o
    0x0800325c   0x0000000c   Code   RO         1900    i.HAL_RCC_GetHCLKFreq  stm32f4xx_hal_rcc.o
    0x08003268   0x00000020   Code   RO         1902    i.HAL_RCC_GetPCLK1Freq  stm32f4xx_hal_rcc.o
    0x08003288   0x00000020   Code   RO         1903    i.HAL_RCC_GetPCLK2Freq  stm32f4xx_hal_rcc.o
    0x080032a8   0x00000074   Code   RO         1904    i.HAL_RCC_GetSysClockFreq  stm32f4xx_hal_rcc.o
    0x0800331c   0x0000041c   Code   RO         1907    i.HAL_RCC_OscConfig  stm32f4xx_hal_rcc.o
    0x08003738   0x000000c2   Code   RO         3674    i.HAL_SPI_Init      stm32f4xx_hal_spi.o
    0x080037fa   0x00000002   PAD
    0x080037fc   0x00000110   Code   RO          573    i.HAL_SPI_MspInit   spi.o
    0x0800390c   0x000001f6   Code   RO         3683    i.HAL_SPI_TransmitReceive  stm32f4xx_hal_spi.o
    0x08003b02   0x00000002   Code   RO         4660    i.HAL_TIMEx_BreakCallback  stm32f4xx_hal_tim_ex.o
    0x08003b04   0x00000002   Code   RO         4661    i.HAL_TIMEx_CommutCallback  stm32f4xx_hal_tim_ex.o
    0x08003b06   0x00000066   Code   RO         4663    i.HAL_TIMEx_ConfigBreakDeadTime  stm32f4xx_hal_tim_ex.o
    0x08003b6c   0x00000098   Code   RO         4679    i.HAL_TIMEx_MasterConfigSynchronization  stm32f4xx_hal_tim_ex.o
    0x08003c04   0x0000005a   Code   RO         3987    i.HAL_TIM_Base_Init  stm32f4xx_hal_tim.o
    0x08003c5e   0x00000002   PAD
    0x08003c60   0x000000ec   Code   RO          615    i.HAL_TIM_Base_MspInit  tim.o
    0x08003d4c   0x00000076   Code   RO         3990    i.HAL_TIM_Base_Start  stm32f4xx_hal_tim.o
    0x08003dc2   0x00000080   Code   RO         3992    i.HAL_TIM_Base_Start_IT  stm32f4xx_hal_tim.o
    0x08003e42   0x0000016e   Code   RO         3996    i.HAL_TIM_ConfigClockSource  stm32f4xx_hal_tim.o
    0x08003fb0   0x00000002   Code   RO         4021    i.HAL_TIM_IC_CaptureCallback  stm32f4xx_hal_tim.o
    0x08003fb2   0x0000016c   Code   RO         4035    i.HAL_TIM_IRQHandler  stm32f4xx_hal_tim.o
    0x0800411e   0x00000002   PAD
    0x08004120   0x000000dc   Code   RO          616    i.HAL_TIM_MspPostInit  tim.o
    0x080041fc   0x00000002   Code   RO         4038    i.HAL_TIM_OC_DelayElapsedCallback  stm32f4xx_hal_tim.o
    0x080041fe   0x00000002   PAD
    0x08004200   0x00000184   Code   RO         4059    i.HAL_TIM_PWM_ConfigChannel  stm32f4xx_hal_tim.o
    0x08004384   0x0000005a   Code   RO         4062    i.HAL_TIM_PWM_Init  stm32f4xx_hal_tim.o
    0x080043de   0x00000002   Code   RO         4064    i.HAL_TIM_PWM_MspInit  stm32f4xx_hal_tim.o
    0x080043e0   0x00000002   Code   RO         4065    i.HAL_TIM_PWM_PulseFinishedCallback  stm32f4xx_hal_tim.o
    0x080043e2   0x00000002   PAD
    0x080043e4   0x000000cc   Code   RO         4067    i.HAL_TIM_PWM_Start  stm32f4xx_hal_tim.o
    0x080044b0   0x00000034   Code   RO            5    i.HAL_TIM_PeriodElapsedCallback  main.o
    0x080044e4   0x00000002   Code   RO         4078    i.HAL_TIM_TriggerCallback  stm32f4xx_hal_tim.o
    0x080044e6   0x00000002   Code   RO         4938    i.HAL_UARTEx_RxEventCallback  stm32f4xx_hal_uart.o
    0x080044e8   0x00000088   Code   RO         4950    i.HAL_UART_DMAStop  stm32f4xx_hal_uart.o
    0x08004570   0x00000002   Code   RO         4952    i.HAL_UART_ErrorCallback  stm32f4xx_hal_uart.o
    0x08004572   0x00000002   PAD
    0x08004574   0x000002ac   Code   RO         4955    i.HAL_UART_IRQHandler  stm32f4xx_hal_uart.o
    0x08004820   0x00000062   Code   RO         4956    i.HAL_UART_Init     stm32f4xx_hal_uart.o
    0x08004882   0x00000002   PAD
    0x08004884   0x00000278   Code   RO          693    i.HAL_UART_MspInit  usart.o
    0x08004afc   0x0000002c   Code   RO         4960    i.HAL_UART_Receive_DMA  stm32f4xx_hal_uart.o
    0x08004b28   0x00000002   Code   RO         4962    i.HAL_UART_RxCpltCallback  stm32f4xx_hal_uart.o
    0x08004b2a   0x00000002   Code   RO         4963    i.HAL_UART_RxHalfCpltCallback  stm32f4xx_hal_uart.o
    0x08004b2c   0x00000098   Code   RO         4965    i.HAL_UART_Transmit_DMA  stm32f4xx_hal_uart.o
    0x08004bc4   0x00000002   Code   RO         4967    i.HAL_UART_TxCpltCallback  stm32f4xx_hal_uart.o
    0x08004bc6   0x00000002   Code   RO         4968    i.HAL_UART_TxHalfCpltCallback  stm32f4xx_hal_uart.o
    0x08004bc8   0x00000002   Code   RO         1133    i.HardFault_Handler  stm32f4xx_it.o
    0x08004bca   0x00000002   PAD
    0x08004bcc   0x0000011c   Code   RO         3323    i.I2C_RequestMemoryRead  stm32f4xx_hal_i2c.o
    0x08004ce8   0x000000b4   Code   RO         3324    i.I2C_RequestMemoryWrite  stm32f4xx_hal_i2c.o
    0x08004d9c   0x00000088   Code   RO         3325    i.I2C_WaitOnBTFFlagUntilTimeout  stm32f4xx_hal_i2c.o
    0x08004e24   0x000000a6   Code   RO         3326    i.I2C_WaitOnFlagUntilTimeout  stm32f4xx_hal_i2c.o
    0x08004eca   0x000000cc   Code   RO         3327    i.I2C_WaitOnMasterAddressFlagUntilTimeout  stm32f4xx_hal_i2c.o
    0x08004f96   0x0000007e   Code   RO         3328    i.I2C_WaitOnRXNEFlagUntilTimeout  stm32f4xx_hal_i2c.o
    0x08005014   0x00000088   Code   RO         3329    i.I2C_WaitOnTXEFlagUntilTimeout  stm32f4xx_hal_i2c.o
    0x0800509c   0x000000b0   Code   RO         8432    i.IMU_init          imu_updata.o
    0x0800514c   0x000000e4   Code   RO         8433    i.IMU_updata        imu_updata.o
    0x08005230   0x0000005c   Code   RO         7965    i.Kalman_init       kalman_filter_c.o
    0x0800528c   0x00000004   PAD
    0x08005290   0x00000772   Code   RO         7966    i.Kalman_update     kalman_filter_c.o
    0x08005a02   0x00000002   PAD
    0x08005a04   0x00000044   Code   RO          405    i.MX_CAN1_Init      can.o
    0x08005a48   0x00000044   Code   RO          406    i.MX_CAN2_Init      can.o
    0x08005a8c   0x00000024   Code   RO          460    i.MX_CRC_Init       crc.o
    0x08005ab0   0x0000009c   Code   RO          500    i.MX_DMA_Init       dma.o
    0x08005b4c   0x0000005c   Code   RO          323    i.MX_FREERTOS_Init  freertos.o
    0x08005ba8   0x00000198   Code   RO          297    i.MX_GPIO_Init      gpio.o
    0x08005d40   0x00000040   Code   RO          526    i.MX_I2C2_Init      i2c.o
    0x08005d80   0x00000040   Code   RO          527    i.MX_I2C3_Init      i2c.o
    0x08005dc0   0x00000048   Code   RO          574    i.MX_SPI1_Init      spi.o
    0x08005e08   0x00000070   Code   RO          617    i.MX_TIM10_Init     tim.o
    0x08005e78   0x00000038   Code   RO          618    i.MX_TIM13_Init     tim.o
    0x08005eb0   0x00000038   Code   RO          619    i.MX_TIM14_Init     tim.o
    0x08005ee8   0x00000120   Code   RO          620    i.MX_TIM1_Init      tim.o
    0x08006008   0x000000d0   Code   RO          621    i.MX_TIM5_Init      tim.o
    0x080060d8   0x000000e8   Code   RO          622    i.MX_TIM8_Init      tim.o
    0x080061c0   0x00000038   Code   RO          694    i.MX_USART1_UART_Init  usart.o
    0x080061f8   0x0000003c   Code   RO          695    i.MX_USART3_UART_Init  usart.o
    0x08006234   0x00000038   Code   RO          696    i.MX_USART6_UART_Init  usart.o
    0x0800626c   0x00000058   Code   RO          746    i.MX_USB_DEVICE_Init  usb_device.o
    0x080062c4   0x0000000c   Code   RO         8434    i.MagUpdate         imu_updata.o
    0x080062d0   0x0000034c   Code   RO         8271    i.MahonyAHRSupdate  mahonyahrs.o
    0x0800661c   0x000001e4   Code   RO         8272    i.MahonyAHRSupdateIMU  mahonyahrs.o
    0x08006800   0x00000002   Code   RO         1134    i.MemManage_Handler  stm32f4xx_it.o
    0x08006802   0x00000002   Code   RO         1135    i.NMI_Handler       stm32f4xx_it.o
    0x08006804   0x0000000c   Code   RO         1136    i.OTG_FS_IRQHandler  stm32f4xx_it.o
    0x08006810   0x00000044   Code   RO         8673    i.PWM_servo_control_init  pwm_control.o
    0x08006854   0x00000098   Code   RO         8555    i.RC_init           dbus_remote_control.o
    0x080068ec   0x00000008   Code   RO          324    i.RemoteTask_callback  freertos.o
    0x080068f4   0x0000005c   Code   RO         3712    i.SPI_EndRxTxTransaction  stm32f4xx_hal_spi.o
    0x08006950   0x000000cc   Code   RO         3717    i.SPI_WaitFlagStateUntilTimeout  stm32f4xx_hal_spi.o
    0x08006a1c   0x00000030   Code   RO          325    i.SendCAN_Task_callback  freertos.o
    0x08006a4c   0x0000001a   Code   RO         6350    i.SysTick_Handler   cmsis_os2.o
    0x08006a66   0x00000002   PAD
    0x08006a68   0x00000088   Code   RO            6    i.SystemClock_Config  main.o
    0x08006af0   0x00000058   Code   RO         5287    i.SystemInit        system_stm32f4xx.o
    0x08006b48   0x0000000c   Code   RO         1137    i.TIM2_IRQHandler   stm32f4xx_it.o
    0x08006b54   0x0000001c   Code   RO         1138    i.TIM8_TRG_COM_TIM14_IRQHandler  stm32f4xx_it.o
    0x08006b70   0x0000001c   Code   RO         1139    i.TIM8_UP_TIM13_IRQHandler  stm32f4xx_it.o
    0x08006b8c   0x000000c8   Code   RO         4080    i.TIM_Base_SetConfig  stm32f4xx_hal_tim.o
    0x08006c54   0x0000001e   Code   RO         4081    i.TIM_CCxChannelCmd  stm32f4xx_hal_tim.o
    0x08006c72   0x00000002   PAD
    0x08006c74   0x00000068   Code   RO         4092    i.TIM_OC1_SetConfig  stm32f4xx_hal_tim.o
    0x08006cdc   0x00000070   Code   RO         4093    i.TIM_OC2_SetConfig  stm32f4xx_hal_tim.o
    0x08006d4c   0x00000010   Code   RO         4969    i.UART_DMAAbortOnError  stm32f4xx_hal_uart.o
    0x08006d5c   0x00000062   Code   RO         4970    i.UART_DMAError     stm32f4xx_hal_uart.o
    0x08006dbe   0x00000086   Code   RO         4971    i.UART_DMAReceiveCplt  stm32f4xx_hal_uart.o
    0x08006e44   0x0000001a   Code   RO         4973    i.UART_DMARxHalfCplt  stm32f4xx_hal_uart.o
    0x08006e5e   0x00000046   Code   RO         4975    i.UART_DMATransmitCplt  stm32f4xx_hal_uart.o
    0x08006ea4   0x0000000a   Code   RO         4977    i.UART_DMATxHalfCplt  stm32f4xx_hal_uart.o
    0x08006eae   0x0000003e   Code   RO         8355    i.UART_DMA_rxtx_start  uart_data_transmit.o
    0x08006eec   0x0000004e   Code   RO         4979    i.UART_EndRxTransfer  stm32f4xx_hal_uart.o
    0x08006f3a   0x000000c8   Code   RO         4980    i.UART_Receive_IT   stm32f4xx_hal_uart.o
    0x08007002   0x00000002   PAD
    0x08007004   0x000000fc   Code   RO         4981    i.UART_SetConfig    stm32f4xx_hal_uart.o
    0x08007100   0x00000094   Code   RO         4982    i.UART_Start_Receive_DMA  stm32f4xx_hal_uart.o
    0x08007194   0x000000c0   Code   RO         8356    i.UART_rx_IRQHandler  uart_data_transmit.o
    0x08007254   0x0000001c   Code   RO         1140    i.USART1_IRQHandler  stm32f4xx_it.o
    0x08007270   0x00000014   Code   RO         1141    i.USART3_IRQHandler  stm32f4xx_it.o
    0x08007284   0x0000001c   Code   RO         1142    i.USART6_IRQHandler  stm32f4xx_it.o
    0x080072a0   0x00000068   Code   RO         9369    i.USBD_CDC_DataIn   usbd_cdc.o
    0x08007308   0x0000002e   Code   RO         9370    i.USBD_CDC_DataOut  usbd_cdc.o
    0x08007336   0x0000004a   Code   RO         9371    i.USBD_CDC_DeInit   usbd_cdc.o
    0x08007380   0x00000030   Code   RO         9372    i.USBD_CDC_EP0_RxReady  usbd_cdc.o
    0x080073b0   0x0000000c   Code   RO         9373    i.USBD_CDC_GetDeviceQualifierDescriptor  usbd_cdc.o
    0x080073bc   0x0000000c   Code   RO         9374    i.USBD_CDC_GetFSCfgDesc  usbd_cdc.o
    0x080073c8   0x0000000c   Code   RO         9375    i.USBD_CDC_GetHSCfgDesc  usbd_cdc.o
    0x080073d4   0x0000000c   Code   RO         9376    i.USBD_CDC_GetOtherSpeedCfgDesc  usbd_cdc.o
    0x080073e0   0x000000c4   Code   RO         9377    i.USBD_CDC_Init     usbd_cdc.o
    0x080074a4   0x00000032   Code   RO         9378    i.USBD_CDC_ReceivePacket  usbd_cdc.o
    0x080074d6   0x00000010   Code   RO         9379    i.USBD_CDC_RegisterInterface  usbd_cdc.o
    0x080074e6   0x00000014   Code   RO         9380    i.USBD_CDC_SetRxBuffer  usbd_cdc.o
    0x080074fa   0x00000018   Code   RO         9381    i.USBD_CDC_SetTxBuffer  usbd_cdc.o
    0x08007512   0x000000fa   Code   RO         9382    i.USBD_CDC_Setup    usbd_cdc.o
    0x0800760c   0x00000038   Code   RO         9383    i.USBD_CDC_TransmitPacket  usbd_cdc.o
    0x08007644   0x00000012   Code   RO         9073    i.USBD_ClrClassConfig  usbd_core.o
    0x08007656   0x00000026   Code   RO         9211    i.USBD_ClrFeature   usbd_ctlreq.o
    0x0800767c   0x00000010   Code   RO         9309    i.USBD_CtlContinueRx  usbd_ioreq.o
    0x0800768c   0x00000010   Code   RO         9310    i.USBD_CtlContinueSendData  usbd_ioreq.o
    0x0800769c   0x00000018   Code   RO         9212    i.USBD_CtlError     usbd_ctlreq.o
    0x080076b4   0x0000001e   Code   RO         9311    i.USBD_CtlPrepareRx  usbd_ioreq.o
    0x080076d2   0x00000016   Code   RO         9312    i.USBD_CtlReceiveStatus  usbd_ioreq.o
    0x080076e8   0x0000001a   Code   RO         9313    i.USBD_CtlSendData  usbd_ioreq.o
    0x08007702   0x00000016   Code   RO         9314    i.USBD_CtlSendStatus  usbd_ioreq.o
    0x08007718   0x00000020   Code   RO          984    i.USBD_FS_ConfigStrDescriptor  usbd_desc.o
    0x08007738   0x0000000c   Code   RO          985    i.USBD_FS_DeviceDescriptor  usbd_desc.o
    0x08007744   0x00000024   Code   RO          986    i.USBD_FS_InterfaceStrDescriptor  usbd_desc.o
    0x08007768   0x0000000c   Code   RO          987    i.USBD_FS_LangIDStrDescriptor  usbd_desc.o
    0x08007774   0x00000028   Code   RO          988    i.USBD_FS_ManufacturerStrDescriptor  usbd_desc.o
    0x0800779c   0x0000002c   Code   RO          989    i.USBD_FS_ProductStrDescriptor  usbd_desc.o
    0x080077c8   0x0000008c   Code   RO          990    i.USBD_FS_SerialStrDescriptor  usbd_desc.o
    0x08007854   0x00000034   Code   RO         9213    i.USBD_GetConfig    usbd_ctlreq.o
    0x08007888   0x000001b4   Code   RO         9214    i.USBD_GetDescriptor  usbd_ctlreq.o
    0x08007a3c   0x00000018   Code   RO         9215    i.USBD_GetLen       usbd_ctlreq.o
    0x08007a54   0x00000036   Code   RO         9216    i.USBD_GetStatus    usbd_ctlreq.o
    0x08007a8a   0x00000044   Code   RO         9217    i.USBD_GetString    usbd_ctlreq.o
    0x08007ace   0x0000001a   Code   RO          790    i.USBD_Get_USB_Status  usbd_conf.o
    0x08007ae8   0x00000028   Code   RO         9075    i.USBD_Init         usbd_core.o
    0x08007b10   0x00000012   Code   RO          791    i.USBD_LL_ClearStallEP  usbd_conf.o
    0x08007b22   0x00000012   Code   RO          792    i.USBD_LL_CloseEP   usbd_conf.o
    0x08007b34   0x000000bc   Code   RO         9076    i.USBD_LL_DataInStage  usbd_core.o
    0x08007bf0   0x00000070   Code   RO         9077    i.USBD_LL_DataOutStage  usbd_core.o
    0x08007c60   0x00000004   Code   RO         9078    i.USBD_LL_DevConnected  usbd_core.o
    0x08007c64   0x0000001a   Code   RO         9079    i.USBD_LL_DevDisconnected  usbd_core.o
    0x08007c7e   0x00000008   Code   RO          796    i.USBD_LL_GetRxDataSize  usbd_conf.o
    0x08007c86   0x00000002   PAD
    0x08007c88   0x00000060   Code   RO          797    i.USBD_LL_Init      usbd_conf.o
    0x08007ce8   0x00000020   Code   RO          798    i.USBD_LL_IsStallEP  usbd_conf.o
    0x08007d08   0x00000022   Code   RO         9080    i.USBD_LL_IsoINIncomplete  usbd_core.o
    0x08007d2a   0x00000022   Code   RO         9081    i.USBD_LL_IsoOUTIncomplete  usbd_core.o
    0x08007d4c   0x00000018   Code   RO          799    i.USBD_LL_OpenEP    usbd_conf.o
    0x08007d64   0x00000012   Code   RO          800    i.USBD_LL_PrepareReceive  usbd_conf.o
    0x08007d76   0x0000005c   Code   RO         9082    i.USBD_LL_Reset     usbd_core.o
    0x08007dd2   0x00000014   Code   RO         9083    i.USBD_LL_Resume    usbd_core.o
    0x08007de6   0x00000022   Code   RO         9084    i.USBD_LL_SOF       usbd_core.o
    0x08007e08   0x00000006   Code   RO         9085    i.USBD_LL_SetSpeed  usbd_core.o
    0x08007e0e   0x00000012   Code   RO          801    i.USBD_LL_SetUSBAddress  usbd_conf.o
    0x08007e20   0x00000064   Code   RO         9086    i.USBD_LL_SetupStage  usbd_core.o
    0x08007e84   0x00000012   Code   RO          802    i.USBD_LL_StallEP   usbd_conf.o
    0x08007e96   0x00000012   Code   RO          803    i.USBD_LL_Start     usbd_conf.o
    0x08007ea8   0x00000012   Code   RO         9087    i.USBD_LL_Suspend   usbd_core.o
    0x08007eba   0x00000012   Code   RO          805    i.USBD_LL_Transmit  usbd_conf.o
    0x08007ecc   0x00000032   Code   RO         9218    i.USBD_ParseSetupRequest  usbd_ctlreq.o
    0x08007efe   0x00000024   Code   RO         9088    i.USBD_RegisterClass  usbd_core.o
    0x08007f22   0x00000004   Code   RO         9089    i.USBD_RunTestMode  usbd_core.o
    0x08007f26   0x00000058   Code   RO         9219    i.USBD_SetAddress   usbd_ctlreq.o
    0x08007f7e   0x00000014   Code   RO         9090    i.USBD_SetClassConfig  usbd_core.o
    0x08007f92   0x00000002   PAD
    0x08007f94   0x000000d8   Code   RO         9220    i.USBD_SetConfig    usbd_ctlreq.o
    0x0800806c   0x00000010   Code   RO         9221    i.USBD_SetFeature   usbd_ctlreq.o
    0x0800807c   0x00000004   Code   RO         9091    i.USBD_Start        usbd_core.o
    0x08008080   0x00000084   Code   RO         9222    i.USBD_StdDevReq    usbd_ctlreq.o
    0x08008104   0x000001e8   Code   RO         9223    i.USBD_StdEPReq     usbd_ctlreq.o
    0x080082ec   0x0000006a   Code   RO         9224    i.USBD_StdItfReq    usbd_ctlreq.o
    0x08008356   0x00000002   Code   RO          806    i.USBD_static_free  usbd_conf.o
    0x08008358   0x00000008   Code   RO          807    i.USBD_static_malloc  usbd_conf.o
    0x08008360   0x00000098   Code   RO         1603    i.USB_ActivateEndpoint  stm32f4xx_ll_usb.o
    0x080083f8   0x0000001c   Code   RO         1605    i.USB_ActivateSetup  stm32f4xx_ll_usb.o
    0x08008414   0x000000e0   Code   RO         1607    i.USB_CoreInit      stm32f4xx_ll_usb.o
    0x080084f4   0x000000dc   Code   RO         1610    i.USB_DeactivateEndpoint  stm32f4xx_ll_usb.o
    0x080085d0   0x0000001c   Code   RO         1611    i.USB_DevConnect    stm32f4xx_ll_usb.o
    0x080085ec   0x0000001c   Code   RO         1612    i.USB_DevDisconnect  stm32f4xx_ll_usb.o
    0x08008608   0x0000018c   Code   RO         1613    i.USB_DevInit       stm32f4xx_ll_usb.o
    0x08008794   0x0000000c   Code   RO         1614    i.USB_DisableGlobalInt  stm32f4xx_ll_usb.o
    0x080087a0   0x0000012a   Code   RO         1617    i.USB_EP0StartXfer  stm32f4xx_ll_usb.o
    0x080088ca   0x00000002   PAD
    0x080088cc   0x0000005c   Code   RO         1618    i.USB_EP0_OutStart  stm32f4xx_ll_usb.o
    0x08008928   0x00000058   Code   RO         1619    i.USB_EPClearStall  stm32f4xx_ll_usb.o
    0x08008980   0x0000005e   Code   RO         1620    i.USB_EPSetStall    stm32f4xx_ll_usb.o
    0x080089de   0x00000226   Code   RO         1621    i.USB_EPStartXfer   stm32f4xx_ll_usb.o
    0x08008c04   0x0000000c   Code   RO         1622    i.USB_EnableGlobalInt  stm32f4xx_ll_usb.o
    0x08008c10   0x00000030   Code   RO         1623    i.USB_FlushRxFifo   stm32f4xx_ll_usb.o
    0x08008c40   0x00000034   Code   RO         1624    i.USB_FlushTxFifo   stm32f4xx_ll_usb.o
    0x08008c74   0x00000018   Code   RO         1626    i.USB_GetDevSpeed   stm32f4xx_ll_usb.o
    0x08008c8c   0x00000008   Code   RO         1628    i.USB_GetMode       stm32f4xx_ll_usb.o
    0x08008c94   0x0000000e   Code   RO         1635    i.USB_ReadDevAllInEpInterrupt  stm32f4xx_ll_usb.o
    0x08008ca2   0x0000000e   Code   RO         1636    i.USB_ReadDevAllOutEpInterrupt  stm32f4xx_ll_usb.o
    0x08008cb0   0x00000024   Code   RO         1637    i.USB_ReadDevInEPInterrupt  stm32f4xx_ll_usb.o
    0x08008cd4   0x00000010   Code   RO         1638    i.USB_ReadDevOutEPInterrupt  stm32f4xx_ll_usb.o
    0x08008ce4   0x00000008   Code   RO         1639    i.USB_ReadInterrupts  stm32f4xx_ll_usb.o
    0x08008cec   0x00000050   Code   RO         1640    i.USB_ReadPacket    stm32f4xx_ll_usb.o
    0x08008d3c   0x0000005c   Code   RO         1642    i.USB_SetCurrentMode  stm32f4xx_ll_usb.o
    0x08008d98   0x00000022   Code   RO         1643    i.USB_SetDevAddress  stm32f4xx_ll_usb.o
    0x08008dba   0x00000002   PAD
    0x08008dbc   0x000000e4   Code   RO         1645    i.USB_SetTurnaroundTime  stm32f4xx_ll_usb.o
    0x08008ea0   0x00000030   Code   RO         1648    i.USB_WritePacket   stm32f4xx_ll_usb.o
    0x08008ed0   0x00000002   Code   RO         1143    i.UsageFault_Handler  stm32f4xx_it.o
    0x08008ed2   0x00000008   Code   RO         8890    i.__ARM_common_memclr4_5  referee.o
    0x08008eda   0x00000008   Code   RO         8888    i.__ARM_common_memclr4_6  referee.o
    0x08008ee2   0x0000000a   Code   RO         8886    i.__ARM_common_memcpy4_5  referee.o
    0x08008eec   0x00000026   Code   RO         9922    i.__ARM_fpclassifyf  m_wm.l(fpclassifyf.o)
    0x08008f12   0x00000002   PAD
    0x08008f14   0x0000012c   Code   RO         9663    i.__hardfp_asinf    m_wm.l(asinf.o)
    0x08009040   0x00000250   Code   RO         9687    i.__hardfp_atan2f   m_wm.l(atan2f.o)
    0x08009290   0x00000160   Code   RO         9699    i.__hardfp_atanf    m_wm.l(atanf.o)
    0x080093f0   0x00000150   Code   RO         9711    i.__hardfp_cosf     m_wm.l(cosf.o)
    0x08009540   0x00000190   Code   RO         9723    i.__hardfp_sinf     m_wm.l(sinf.o)
    0x080096d0   0x0000007a   Code   RO         9735    i.__hardfp_sqrt     m_wm.l(sqrt.o)
    0x0800974a   0x0000003a   Code   RO         9747    i.__hardfp_sqrtf    m_wm.l(sqrtf.o)
    0x08009784   0x0000017c   Code   RO         9759    i.__hardfp_tanf     m_wm.l(tanf.o)
    0x08009900   0x00000006   Code   RO         9925    i.__mathlib_flt_infnan  m_wm.l(funder.o)
    0x08009906   0x00000006   Code   RO         9926    i.__mathlib_flt_infnan2  m_wm.l(funder.o)
    0x0800990c   0x00000010   Code   RO         9927    i.__mathlib_flt_invalid  m_wm.l(funder.o)
    0x0800991c   0x00000010   Code   RO         9930    i.__mathlib_flt_underflow  m_wm.l(funder.o)
    0x0800992c   0x00000154   Code   RO         9941    i.__mathlib_rredf2  m_wm.l(rredf.o)
    0x08009a80   0x00000058   Code   RO          407    i.can_filter_init   can.o
    0x08009ad8   0x000000c8   Code   RO         8741    i.chassis_move_init  chassis_move.o
    0x08009ba0   0x000000b0   Code   RO         8435    i.get_angle         imu_updata.o
    0x08009c50   0x00000008   Code   RO         8317    i.init_Encoder      encoder.o
    0x08009c58   0x00000094   Code   RO         8828    i.init_referee_struct_data  referee.o
    0x08009cec   0x0000002c   Code   RO         8273    i.invSqrt           mahonyahrs.o
    0x08009d18   0x00000002   Code   RO         7220    i.ist8310_GPIO_init  ist8310driver_middleware.o
    0x08009d1a   0x00000002   PAD
    0x08009d1c   0x00000020   Code   RO         7221    i.ist8310_IIC_read_muli_reg  ist8310driver_middleware.o
    0x08009d3c   0x00000030   Code   RO         7222    i.ist8310_IIC_read_single_reg  ist8310driver_middleware.o
    0x08009d6c   0x00000028   Code   RO         7224    i.ist8310_IIC_write_single_reg  ist8310driver_middleware.o
    0x08009d94   0x00000010   Code   RO         7225    i.ist8310_RST_H     ist8310driver_middleware.o
    0x08009da4   0x00000010   Code   RO         7226    i.ist8310_RST_L     ist8310driver_middleware.o
    0x08009db4   0x00000002   Code   RO         7227    i.ist8310_com_init  ist8310driver_middleware.o
    0x08009db6   0x00000004   Code   RO         7228    i.ist8310_delay_ms  ist8310driver_middleware.o
    0x08009dba   0x00000006   Code   RO         7229    i.ist8310_delay_us  ist8310driver_middleware.o
    0x08009dc0   0x0000007c   Code   RO         7185    i.ist8310_init      ist8310driver.o
    0x08009e3c   0x00000060   Code   RO         7186    i.ist8310_read_mag  ist8310driver.o
    0x08009e9c   0x00000028   Code   RO         8641    i.led_init          led_control.o
    0x08009ec4   0x00000048   Code   RO         8642    i.led_show          led_control.o
    0x08009f0c   0x00000004   PAD
    0x08009f10   0x000003a8   Code   RO         8250    i.madgwickUpdate    madgwick.o
    0x0800a2b8   0x000000a4   Code   RO            7    i.main              main.o
    0x0800a35c   0x00000022   Code   RO         6352    i.osDelay           cmsis_os2.o
    0x0800a37e   0x00000002   PAD
    0x0800a380   0x00000028   Code   RO         6366    i.osKernelInitialize  cmsis_os2.o
    0x0800a3a8   0x0000003c   Code   RO         6369    i.osKernelStart     cmsis_os2.o
    0x0800a3e4   0x000000a0   Code   RO         6411    i.osThreadNew       cmsis_os2.o
    0x0800a484   0x000000a4   Code   RO         7945    i.pid_cal           pid.o
    0x0800a528   0x0000002c   Code   RO         7946    i.pid_set           pid.o
    0x0800a554   0x000000b0   Code   RO         8497    i.process_motor_data  can_receive&send.o
    0x0800a604   0x00000060   Code   RO         5858    i.prvAddCurrentTaskToDelayedList  tasks.o
    0x0800a664   0x000000e0   Code   RO         5859    i.prvAddNewTaskToReadyList  tasks.o
    0x0800a744   0x0000006e   Code   RO         5487    i.prvCopyDataToQueue  queue.o
    0x0800a7b2   0x00000002   PAD
    0x0800a7b4   0x0000008c   Code   RO         5860    i.prvIdleTask       tasks.o
    0x0800a840   0x00000096   Code   RO         5861    i.prvInitialiseNewTask  tasks.o
    0x0800a8d6   0x00000002   PAD
    0x0800a8d8   0x00000060   Code   RO         6851    i.prvInsertBlockIntoFreeList  heap_4.o
    0x0800a938   0x00000040   Code   RO         6200    i.prvInsertTimerInActiveList  timers.o
    0x0800a978   0x0000009c   Code   RO         6201    i.prvSampleTimeNow  timers.o
    0x0800aa14   0x0000002c   Code   RO         6902    i.prvTaskExitError  port.o
    0x0800aa40   0x00000280   Code   RO         6202    i.prvTimerTask      timers.o
    0x0800acc0   0x0000006c   Code   RO         5488    i.prvUnlockQueue    queue.o
    0x0800ad2c   0x00000130   Code   RO         6852    i.pvPortMalloc      heap_4.o
    0x0800ae5c   0x0000002c   Code   RO         6903    i.pxPortInitialiseStack  port.o
    0x0800ae88   0x0000016c   Code   RO         8829    i.referee_data_solve  referee.o
    0x0800aff4   0x00000010   Code   RO         8557    i.remote_control_init  dbus_remote_control.o
    0x0800b004   0x000000ba   Code   RO         8558    i.sbus_to_rc        dbus_remote_control.o
    0x0800b0be   0x0000003e   Code   RO         9749    i.sqrtf             m_wm.l(sqrtf.o)
    0x0800b0fc   0x00000040   Code   RO         8358    i.uart_init         uart_data_transmit.o
    0x0800b13c   0x0000004c   Code   RO         8318    i.update_Encoder    encoder.o
    0x0800b188   0x00000026   Code   RO         5447    i.uxListRemove      list.o
    0x0800b1ae   0x00000002   PAD
    0x0800b1b0   0x00000014   Code   RO         6423    i.vApplicationGetIdleTaskMemory  cmsis_os2.o
    0x0800b1c4   0x00000018   Code   RO         6424    i.vApplicationGetTimerTaskMemory  cmsis_os2.o
    0x0800b1dc   0x00000016   Code   RO         5448    i.vListInitialise   list.o
    0x0800b1f2   0x00000006   Code   RO         5449    i.vListInitialiseItem  list.o
    0x0800b1f8   0x00000036   Code   RO         5450    i.vListInsert       list.o
    0x0800b22e   0x00000018   Code   RO         5451    i.vListInsertEnd    list.o
    0x0800b246   0x00000002   PAD
    0x0800b248   0x00000040   Code   RO         6905    i.vPortEnterCritical  port.o
    0x0800b288   0x0000002c   Code   RO         6906    i.vPortExitCritical  port.o
    0x0800b2b4   0x00000064   Code   RO         6853    i.vPortFree         heap_4.o
    0x0800b318   0x00000024   Code   RO         6907    i.vPortSetupTimerInterrupt  port.o
    0x0800b33c   0x00000054   Code   RO         6908    i.vPortValidateInterruptPriority  port.o
    0x0800b390   0x00000028   Code   RO         5494    i.vQueueAddToRegistry  queue.o
    0x0800b3b8   0x0000004a   Code   RO         5498    i.vQueueWaitForMessageRestricted  queue.o
    0x0800b402   0x00000002   PAD
    0x0800b404   0x0000004c   Code   RO         5873    i.vTaskDelay        tasks.o
    0x0800b450   0x00000010   Code   RO         5878    i.vTaskInternalSetTimeOutState  tasks.o
    0x0800b460   0x0000000c   Code   RO         5879    i.vTaskMissedYield  tasks.o
    0x0800b46c   0x00000034   Code   RO         5881    i.vTaskPlaceOnEventList  tasks.o
    0x0800b4a0   0x0000003c   Code   RO         5882    i.vTaskPlaceOnEventListRestricted  tasks.o
    0x0800b4dc   0x00000088   Code   RO         5890    i.vTaskStartScheduler  tasks.o
    0x0800b564   0x00000010   Code   RO         5892    i.vTaskSuspendAll   tasks.o
    0x0800b574   0x0000006c   Code   RO         5893    i.vTaskSwitchContext  tasks.o
    0x0800b5e0   0x00000108   Code   RO         6909    i.xPortStartScheduler  port.o
    0x0800b6e8   0x0000002c   Code   RO         6910    i.xPortSysTickHandler  port.o
    0x0800b714   0x0000007c   Code   RO         5504    i.xQueueGenericCreateStatic  queue.o
    0x0800b790   0x00000088   Code   RO         5505    i.xQueueGenericReset  queue.o
    0x0800b818   0x000001d4   Code   RO         5506    i.xQueueGenericSend  queue.o
    0x0800b9ec   0x000000ba   Code   RO         5507    i.xQueueGenericSendFromISR  queue.o
    0x0800baa6   0x00000002   PAD
    0x0800baa8   0x00000170   Code   RO         5516    i.xQueueReceive     queue.o
    0x0800bc18   0x00000088   Code   RO         5895    i.xTaskCheckForTimeOut  tasks.o
    0x0800bca0   0x00000060   Code   RO         5896    i.xTaskCreate       tasks.o
    0x0800bd00   0x0000005c   Code   RO         5897    i.xTaskCreateStatic  tasks.o
    0x0800bd5c   0x0000001c   Code   RO         5901    i.xTaskGetSchedulerState  tasks.o
    0x0800bd78   0x0000000c   Code   RO         5902    i.xTaskGetTickCount  tasks.o
    0x0800bd84   0x000000e4   Code   RO         5904    i.xTaskIncrementTick  tasks.o
    0x0800be68   0x00000080   Code   RO         5907    i.xTaskPriorityDisinherit  tasks.o
    0x0800bee8   0x00000074   Code   RO         5909    i.xTaskRemoveFromEventList  tasks.o
    0x0800bf5c   0x000000e4   Code   RO         5910    i.xTaskResumeAll    tasks.o
    0x0800c040   0x000000ac   Code   RO         6211    i.xTimerCreateTimerTask  timers.o
    0x0800c0ec   0x00000070   Code   RO         6212    i.xTimerGenericCommand  timers.o
    0x0800c15c   0x00000062   Code   RO         9621    x$fpl$d2f           fz_wm.l(d2f.o)
    0x0800c1be   0x00000002   PAD
    0x0800c1c0   0x00000150   Code   RO         9623    x$fpl$dadd          fz_wm.l(daddsub_clz.o)
    0x0800c310   0x00000154   Code   RO         9643    x$fpl$dmul          fz_wm.l(dmul.o)
    0x0800c464   0x0000009c   Code   RO         9875    x$fpl$dnaninf       fz_wm.l(dnaninf.o)
    0x0800c500   0x0000000c   Code   RO         9877    x$fpl$dretinf       fz_wm.l(dretinf.o)
    0x0800c50c   0x00000198   Code   RO         9879    x$fpl$dsqrt         fz_wm.l(dsqrt_umaal.o)
    0x0800c6a4   0x000001d4   Code   RO         9625    x$fpl$dsub          fz_wm.l(daddsub_clz.o)
    0x0800c878   0x00000056   Code   RO         9645    x$fpl$f2d           fz_wm.l(f2d.o)
    0x0800c8ce   0x00000060   Code   RO         9647    x$fpl$ffltll        fz_wm.l(ffltll_clz.o)
    0x0800c92e   0x0000008c   Code   RO         9881    x$fpl$fnaninf       fz_wm.l(fnaninf.o)
    0x0800c9ba   0x0000000a   Code   RO        10006    x$fpl$fpinit        fz_wm.l(fpinit.o)
    0x0800c9c4   0x0000000a   Code   RO         9883    x$fpl$fretinf       fz_wm.l(fretinf.o)
    0x0800c9ce   0x00000000   Code   RO         9885    x$fpl$usenofp       fz_wm.l(usenofp.o)
    0x0800c9ce   0x00000002   PAD
    0x0800c9d0   0x00000090   Data   RO          326    .constdata          freertos.o
    0x0800ca60   0x00000008   Data   RO         2333    .constdata          stm32f4xx_hal_dma.o
    0x0800ca68   0x00000010   Data   RO         5288    .constdata          system_stm32f4xx.o
    0x0800ca78   0x00000008   Data   RO         5289    .constdata          system_stm32f4xx.o
    0x0800ca80   0x0000000c   Data   RO         7188    .constdata          ist8310driver.o
    0x0800ca8c   0x00000020   Data   RO         9942    .constdata          m_wm.l(rredf.o)
    0x0800caac   0x00000038   Data   RO          327    .conststring        freertos.o
    0x0800cae4   0x00000020   Data   RO        10141    Region$$Table       anon$$obj.o


    Execution Region RW_IRAM1 (Base: 0x20000000, Size: 0x00007cd8, Max: 0x00020000, ABSOLUTE, COMPRESSED[0x00000100])

    Base Addr    Size         Type   Attr      Idx    E Section Name        Object

    0x20000000   0x00000010   Data   RW          328    .data               freertos.o
    0x20000010   0x00000004   Data   RW          409    .data               can.o
    0x20000014   0x00000008   Data   RW          461    .data               crc.o
    0x2000001c   0x0000001c   Data   RW          992    .data               usbd_desc.o
    0x20000038   0x00000032   Data   RW          993    .data               usbd_desc.o
    0x2000006a   0x00000002   PAD
    0x2000006c   0x00000014   Data   RW         1072    .data               usbd_cdc_if.o
    0x20000080   0x0000000c   Data   RW         2743    .data               stm32f4xx_hal.o
    0x2000008c   0x00000004   Data   RW         5290    .data               system_stm32f4xx.o
    0x20000090   0x0000003c   Data   RW         5913    .data               tasks.o
    0x200000cc   0x00000014   Data   RW         6220    .data               timers.o
    0x200000e0   0x00000004   Data   RW         6426    .data               cmsis_os2.o
    0x200000e4   0x00000020   Data   RW         6859    .data               heap_4.o
    0x20000104   0x0000000c   Data   RW         6911    .data               port.o
    0x20000110   0x0000002c   Data   RW         6985    .data               bmi088driver.o
    0x2000013c   0x00000010   Data   RW         8251    .data               madgwick.o
    0x2000014c   0x00000014   Data   RW         8274    .data               mahonyahrs.o
    0x20000160   0x00000002   Data   RW         8560    .data               dbus_remote_control.o
    0x20000162   0x00000008   Data   RW         8643    .data               led_control.o
    0x2000016a   0x00000026   Data   RW         8831    .data               referee.o
    0x20000190   0x00000001   Data   RW         9225    .data               usbd_ctlreq.o
    0x20000191   0x00000003   PAD
    0x20000194   0x000000d7   Data   RW         9384    .data               usbd_cdc.o
    0x2000026b   0x00000001   PAD
    0x2000026c   0x00000038   Data   RW         9385    .data               usbd_cdc.o
    0x200002a4   0x00000050   Zero   RW          408    .bss                can.o
    0x200002f4   0x000000a8   Zero   RW          528    .bss                i2c.o
    0x2000039c   0x00000118   Zero   RW          575    .bss                spi.o
    0x200004b4   0x000001b0   Zero   RW          623    .bss                tim.o
    0x20000664   0x000002ac   Zero   RW          697    .bss                usart.o
    0x20000910   0x000002d0   Zero   RW          747    .bss                usb_device.o
    0x20000be0   0x00000628   Zero   RW          808    .bss                usbd_conf.o
    0x20001208   0x00000200   Zero   RW          991    .bss                usbd_desc.o
    0x20001408   0x00001000   Zero   RW         1071    .bss                usbd_cdc_if.o
    0x20002408   0x00000048   Zero   RW         1308    .bss                stm32f4xx_hal_timebase_tim.o
    0x20002450   0x00000040   Zero   RW         5520    .bss                queue.o
    0x20002490   0x000004c4   Zero   RW         5912    .bss                tasks.o
    0x20002954   0x00000118   Zero   RW         6219    .bss                timers.o
    0x20002a6c   0x000006b8   Zero   RW         6425    .bss                cmsis_os2.o
    0x20003124   0x00003c00   Zero   RW         6858    .bss                heap_4.o
    0x20006d24   0x00000004   PAD
    0x20006d28   0x00000018   Zero   RW         8319    .bss                encoder.o
    0x20006d40   0x00000218   Zero   RW         8359    .bss                uart_data_transmit.o
    0x20006f58   0x00000108   Zero   RW         8436    .bss                imu_updata.o
    0x20007060   0x00000430   Zero   RW         8499    .bss                can_receive&send.o
    0x20007490   0x0000005e   Zero   RW         8559    .bss                dbus_remote_control.o
    0x200074ee   0x00000002   PAD
    0x200074f0   0x00000124   Zero   RW         8744    .bss                chassis_move.o
    0x20007614   0x00000061   Zero   RW         8830    .bss                referee.o
    0x20007675   0x00000003   PAD
    0x20007678   0x00000060   Zero   RW         9947    .bss                c_w.l(libspace.o)
    0x200076d8   0x00000200   Zero   RW         5277    HEAP                startup_stm32f407xx.o
    0x200078d8   0x00000400   Zero   RW         5276    STACK               startup_stm32f407xx.o


==============================================================================

Image component sizes


      Code (inc. data)   RO Data    RW Data    ZI Data      Debug   Object Name

       408          8          0         44          0     604341   bmi088driver.o
       100         30          0          0          0       2871   bmi088middleware.o
       464         44          0          4         80       3428   can.o
      1028         52          0          0       1072       6209   can_receive&send.o
       200         30          0          0        292       2813   chassis_move.o
       364         24          0          4       1720      66263   cmsis_os2.o
        80         12          0          8          0       1787   crc.o
       562         42          0          2         94       5697   dbus_remote_control.o
       156          4          0          0          0        970   dma.o
        84          0          0          0         24       2338   encoder.o
         0          0          0          0          0      19780   event_groups.o
       232         60        200         16          0       7338   freertos.o
       408         24          0          0          0       1343   gpio.o
        36          8          0          0          0       1328   gpio_input_exti.o
       500         26          0         32      15360       4887   heap_4.o
       356         48          0          0        168       2718   i2c.o
       592         82          0          0        264       4633   imu_updata.o
       220         12         12          0          0       2894   ist8310driver.o
       166         26          0          0          0       6098   ist8310driver_middleware.o
      1998         34          0          0          0       4626   kalman_filter_c.o
       112         12          0          8          0       1270   led_control.o
       144          0          0          0          0       3978   list.o
       936         40          0         16          0       1971   madgwick.o
      1372         36          0         20          0       4561   mahonyahrs.o
       354         20          0          0          0     753308   main.o
       208          6          0          0          0       2416   pid.o
       814         90          0         12          0      12321   port.o
        68         10          0          0          0        633   pwm_control.o
      1614         22          0          0         64      17422   queue.o
       538         38          0         38         97       3763   referee.o
       344         42          0          0        280       2167   spi.o
        64         26        392          0       1536        872   startup_stm32f407xx.o
       120         20          0         12          0       9178   stm32f4xx_hal.o
      1852          4          0          0          0      16430   stm32f4xx_hal_can.o
       166         10          0          0          0      32978   stm32f4xx_hal_cortex.o
        34          0          0          0          0       1183   stm32f4xx_hal_crc.o
      1170         16          8          0          0       6286   stm32f4xx_hal_dma.o
       592         20          0          0          0       3930   stm32f4xx_hal_gpio.o
      2540         48          0          0          0      14522   stm32f4xx_hal_i2c.o
        60         10          0          0          0        970   stm32f4xx_hal_msp.o
      2404          8          0          0          0      12945   stm32f4xx_hal_pcd.o
        86          0          0          0          0       2749   stm32f4xx_hal_pcd_ex.o
      1664        122          0          0          0       7305   stm32f4xx_hal_rcc.o
       992         12          0          0          0       5382   stm32f4xx_hal_spi.o
      2204         54          0          0          0      16681   stm32f4xx_hal_tim.o
       258          0          0          0          0       3653   stm32f4xx_hal_tim_ex.o
       116         14          0          0         72       1555   stm32f4xx_hal_timebase_tim.o
      2158         40          0          0          0      18319   stm32f4xx_hal_uart.o
       294        110          0          0          0      12461   stm32f4xx_it.o
      2924        104          0          0          0      25246   stm32f4xx_ll_usb.o
         0          0          0          0          0        392   stream_buffer.o
        88         24         24          4          0       1359   system_stm32f4xx.o
      2150        186          0         60       1220      27911   tasks.o
      1408         82          0          0        432       6943   tim.o
         4          0          0          0          0        562   time.o
      1144         66          0         20        280      32167   timers.o
       318         50          0          0        536       4540   uart_data_transmit.o
       804         98          0          0        684       4051   usart.o
        88         16          0          0        720        904   usb_device.o
       932         16          0        271          0      15197   usbd_cdc.o
       148         20          0         20       4096       4606   usbd_cdc_if.o
       656         30          0          0       1576      17884   usbd_conf.o
       790          0          0          0          0      14565   usbd_core.o
      1792         28          0          1          0      18504   usbd_ctlreq.o
       316        104          0         78        512       6505   usbd_desc.o
       132          0          0          0          0       4988   usbd_ioreq.o

    ----------------------------------------------------------------------
     44994       2228        668        676      31188    1909895   Object Totals
         0          0         32          0          0          0   (incl. Generated)
        68          8          0          6          9          0   (incl. Padding)

    ----------------------------------------------------------------------

      Code (inc. data)   RO Data    RW Data    ZI Data      Debug   Library Member Name

        90          0          0          0          0          0   __dczerorl2.o
         8          0          0          0          0         68   __main.o
         0          0          0          0          0          0   __rtentry.o
        12          0          0          0          0          0   __rtentry2.o
         6          0          0          0          0          0   __rtentry4.o
        52          8          0          0          0          0   __scatter.o
        28          0          0          0          0          0   __scatter_zi.o
        22          0          0          0          0        100   _rserrno.o
        16          0          0          0          0         68   aeabi_memset.o
        18          0          0          0          0         80   exit.o
         6          0          0          0          0        152   heapauxi.o
         0          0          0          0          0          0   indicate_semi.o
         2          0          0          0          0          0   libinit.o
         6          0          0          0          0          0   libinit2.o
         2          0          0          0          0          0   libshutdown.o
         2          0          0          0          0          0   libshutdown2.o
         8          4          0          0         96         68   libspace.o
        72          0          0          0          0         76   llsdiv.o
       238          0          0          0          0        100   lludivv7m.o
         8          4          0          0          0         68   rt_errno_addr_intlibspace.o
        68          0          0          0          0         68   rt_memclr.o
        78          0          0          0          0         80   rt_memclr_w.o
       138          0          0          0          0         68   rt_memcpy_v6.o
       100          0          0          0          0         80   rt_memcpy_w.o
         2          0          0          0          0          0   rtexit.o
        10          0          0          0          0          0   rtexit2.o
        12          4          0          0          0         68   sys_exit.o
        74          0          0          0          0         80   sys_stackheap_outer.o
         2          0          0          0          0         68   use_no_semi.o
        98          4          0          0          0        140   d2f.o
       804         16          0          0          0        368   daddsub_clz.o
       340         12          0          0          0        152   dmul.o
       156          4          0          0          0        140   dnaninf.o
        12          0          0          0          0        116   dretinf.o
       408         56          0          0          0        168   dsqrt_umaal.o
        86          4          0          0          0        132   f2d.o
        96          0          0          0          0        132   ffltll_clz.o
       140          4          0          0          0        132   fnaninf.o
        10          0          0          0          0        116   fpinit.o
        10          0          0          0          0        116   fretinf.o
         0          0          0          0          0          0   usenofp.o
       300         42          0          0          0        176   asinf.o
       592         90          0          0          0        184   atan2f.o
       352         56          0          0          0        172   atanf.o
       336         56          0          0          0        136   cosf.o
        38          0          0          0          0        116   fpclassifyf.o
        44         12          0          0          0        464   funder.o
       340         24         32          0          0        160   rredf.o
       400         56          0          0          0        212   sinf.o
       122          0          0          0          0        148   sqrt.o
       120          0          0          0          0        272   sqrtf.o
       380         58          0          0          0        200   tanf.o

    ----------------------------------------------------------------------
      6278        514         32          0         96       5244   Library Totals
        14          0          0          0          0          0   (incl. Padding)

    ----------------------------------------------------------------------

      Code (inc. data)   RO Data    RW Data    ZI Data      Debug   Library Name

      1080         20          0          0         96       1292   c_w.l
      2160        100          0          0          0       1712   fz_wm.l
      3024        394         32          0          0       2240   m_wm.l

    ----------------------------------------------------------------------
      6278        514         32          0         96       5244   Library Totals

    ----------------------------------------------------------------------

==============================================================================


      Code (inc. data)   RO Data    RW Data    ZI Data      Debug   

     51272       2742        700        676      31284    1872615   Grand Totals
     51272       2742        700        256      31284    1872615   ELF Image Totals (compressed)
     51272       2742        700        256          0          0   ROM Totals

==============================================================================

    Total RO  Size (Code + RO Data)                51972 (  50.75kB)
    Total RW  Size (RW Data + ZI Data)             31960 (  31.21kB)
    Total ROM Size (Code + RO Data + RW Data)      52228 (  51.00kB)

==============================================================================

