Component: ARM Compiler 5.06 update 2 (build 183) Tool: armlink [4d35b7]

==============================================================================

Section Cross References

    main.o(i.HAL_TIM_PeriodElapsedCallback) refers to stm32f4xx_hal.o(i.HAL_IncTick) for HAL_IncTick
    main.o(i.HAL_TIM_PeriodElapsedCallback) refers to imu_updata.o(i.IMU_updata) for IMU_updata
    main.o(i.HAL_TIM_PeriodElapsedCallback) refers to imu_updata.o(i.MagUpdate) for MagUpdate
    main.o(i.SystemClock_Config) refers to stm32f4xx_hal_rcc.o(i.HAL_RCC_OscConfig) for HAL_RCC_OscConfig
    main.o(i.SystemClock_Config) refers to stm32f4xx_hal_rcc.o(i.HAL_RCC_ClockConfig) for HAL_RCC_ClockConfig
    main.o(i.main) refers to stm32f4xx_hal.o(i.HAL_Init) for HAL_Init
    main.o(i.main) refers to stm32f4xx_hal.o(i.HAL_Delay) for HAL_Delay
    main.o(i.main) refers to main.o(i.SystemClock_Config) for SystemClock_Config
    main.o(i.main) refers to gpio.o(i.MX_GPIO_Init) for MX_GPIO_Init
    main.o(i.main) refers to dma.o(i.MX_DMA_Init) for MX_DMA_Init
    main.o(i.main) refers to can.o(i.MX_CAN1_Init) for MX_CAN1_Init
    main.o(i.main) refers to can.o(i.MX_CAN2_Init) for MX_CAN2_Init
    main.o(i.main) refers to usart.o(i.MX_USART3_UART_Init) for MX_USART3_UART_Init
    main.o(i.main) refers to usart.o(i.MX_USART1_UART_Init) for MX_USART1_UART_Init
    main.o(i.main) refers to tim.o(i.MX_TIM5_Init) for MX_TIM5_Init
    main.o(i.main) refers to tim.o(i.MX_TIM1_Init) for MX_TIM1_Init
    main.o(i.main) refers to spi.o(i.MX_SPI1_Init) for MX_SPI1_Init
    main.o(i.main) refers to tim.o(i.MX_TIM10_Init) for MX_TIM10_Init
    main.o(i.main) refers to i2c.o(i.MX_I2C3_Init) for MX_I2C3_Init
    main.o(i.main) refers to tim.o(i.MX_TIM14_Init) for MX_TIM14_Init
    main.o(i.main) refers to usart.o(i.MX_USART6_UART_Init) for MX_USART6_UART_Init
    main.o(i.main) refers to i2c.o(i.MX_I2C2_Init) for MX_I2C2_Init
    main.o(i.main) refers to tim.o(i.MX_TIM8_Init) for MX_TIM8_Init
    main.o(i.main) refers to crc.o(i.MX_CRC_Init) for MX_CRC_Init
    main.o(i.main) refers to tim.o(i.MX_TIM13_Init) for MX_TIM13_Init
    main.o(i.main) refers to tim.o(i.MX_TIM4_Init) for MX_TIM4_Init
    main.o(i.main) refers to led_control.o(i.led_init) for led_init
    main.o(i.main) refers to led_control.o(i.led_show) for led_show
    main.o(i.main) refers to can.o(i.can_filter_init) for can_filter_init
    main.o(i.main) refers to dbus_remote_control.o(i.remote_control_init) for remote_control_init
    main.o(i.main) refers to pwm_control.o(i.PWM_servo_control_init) for PWM_servo_control_init
    main.o(i.main) refers to pwm_control.o(i.PWM_snail_init) for PWM_snail_init
    main.o(i.main) refers to imu_updata.o(i.IMU_init) for IMU_init
    main.o(i.main) refers to uart_data_transmit.o(i.uart_init) for uart_init
    main.o(i.main) refers to chassis_move.o(i.chassis_move_init) for chassis_move_init
    main.o(i.main) refers to gimbal.o(i.gimbal_init) for gimbal_init
    main.o(i.main) refers to shoot.o(i.shoot_init) for shoot_init
    main.o(i.main) refers to arm.o(i.ARM_init) for ARM_init
    main.o(i.main) refers to myactuator_rmd_x.o(i.RMD_config) for RMD_config
    main.o(i.main) refers to myactuator_rmd_x.o(i.RMD_setup) for RMD_setup
    main.o(i.main) refers to myactuator_rmd_x.o(i.RMD_run) for RMD_run
    main.o(i.main) refers to cmsis_os2.o(i.osKernelInitialize) for osKernelInitialize
    main.o(i.main) refers to freertos.o(i.MX_FREERTOS_Init) for MX_FREERTOS_Init
    main.o(i.main) refers to cmsis_os2.o(i.osKernelStart) for osKernelStart
    main.o(i.main) refers to cmsis_os2.o(i.osDelay) for osDelay
    main.o(i.main) refers to myactuator_rmd_x.o(.bss) for RMD_motor
    gpio.o(i.MX_GPIO_Init) refers to stm32f4xx_hal_gpio.o(i.HAL_GPIO_WritePin) for HAL_GPIO_WritePin
    gpio.o(i.MX_GPIO_Init) refers to stm32f4xx_hal_gpio.o(i.HAL_GPIO_Init) for HAL_GPIO_Init
    gpio.o(i.MX_GPIO_Init) refers to stm32f4xx_hal_cortex.o(i.HAL_NVIC_SetPriority) for HAL_NVIC_SetPriority
    gpio.o(i.MX_GPIO_Init) refers to stm32f4xx_hal_cortex.o(i.HAL_NVIC_EnableIRQ) for HAL_NVIC_EnableIRQ
    freertos.o(i.CAN_sendTask_callback) refers to tasks.o(i.vTaskSuspendAll) for vTaskSuspendAll
    freertos.o(i.CAN_sendTask_callback) refers to can_receive&send.o(i.CAN2_send_current) for CAN2_send_current
    freertos.o(i.CAN_sendTask_callback) refers to tasks.o(i.xTaskResumeAll) for xTaskResumeAll
    freertos.o(i.CAN_sendTask_callback) refers to cmsis_os2.o(i.osDelay) for osDelay
    freertos.o(i.ChassisTask_callback) refers to cmsis_os2.o(i.osDelay) for osDelay
    freertos.o(i.FastTestTask_callback) refers to cmsis_os2.o(i.osDelay) for osDelay
    freertos.o(i.MX_FREERTOS_Init) refers to cmsis_os2.o(i.osThreadNew) for osThreadNew
    freertos.o(i.MX_FREERTOS_Init) refers to freertos.o(.constdata) for .constdata
    freertos.o(i.MX_FREERTOS_Init) refers to freertos.o(i.flashLEDTask_callback) for flashLEDTask_callback
[...]
    USB_DeactivateEndpoint                   0x08008629   Thumb Code   212  stm32f4xx_ll_usb.o(i.USB_DeactivateEndpoint)
    USB_DevConnect                           0x08008705   Thumb Code    28  stm32f4xx_ll_usb.o(i.USB_DevConnect)
    USB_DevDisconnect                        0x08008721   Thumb Code    28  stm32f4xx_ll_usb.o(i.USB_DevDisconnect)
    USB_DevInit                              0x0800873d   Thumb Code   390  stm32f4xx_ll_usb.o(i.USB_DevInit)
    USB_DisableGlobalInt                     0x080088c9   Thumb Code    12  stm32f4xx_ll_usb.o(i.USB_DisableGlobalInt)
    USB_EP0StartXfer                         0x080088d5   Thumb Code   298  stm32f4xx_ll_usb.o(i.USB_EP0StartXfer)
    USB_EP0_OutStart                         0x08008a01   Thumb Code    86  stm32f4xx_ll_usb.o(i.USB_EP0_OutStart)
    USB_EPClearStall                         0x08008a5d   Thumb Code    88  stm32f4xx_ll_usb.o(i.USB_EPClearStall)
    USB_EPSetStall                           0x08008ab5   Thumb Code    94  stm32f4xx_ll_usb.o(i.USB_EPSetStall)
    USB_EPStartXfer                          0x08008b13   Thumb Code   550  stm32f4xx_ll_usb.o(i.USB_EPStartXfer)
    USB_EnableGlobalInt                      0x08008d39   Thumb Code    12  stm32f4xx_ll_usb.o(i.USB_EnableGlobalInt)
    USB_FlushRxFifo                          0x08008d45   Thumb Code    42  stm32f4xx_ll_usb.o(i.USB_FlushRxFifo)
    USB_FlushTxFifo                          0x08008d75   Thumb Code    46  stm32f4xx_ll_usb.o(i.USB_FlushTxFifo)
    USB_GetDevSpeed                          0x08008da9   Thumb Code    24  stm32f4xx_ll_usb.o(i.USB_GetDevSpeed)
    USB_GetMode                              0x08008dc1   Thumb Code     8  stm32f4xx_ll_usb.o(i.USB_GetMode)
    USB_ReadDevAllInEpInterrupt              0x08008dc9   Thumb Code    14  stm32f4xx_ll_usb.o(i.USB_ReadDevAllInEpInterrupt)
    USB_ReadDevAllOutEpInterrupt             0x08008dd7   Thumb Code    14  stm32f4xx_ll_usb.o(i.USB_ReadDevAllOutEpInterrupt)
    USB_ReadDevInEPInterrupt                 0x08008de5   Thumb Code    36  stm32f4xx_ll_usb.o(i.USB_ReadDevInEPInterrupt)
    USB_ReadDevOutEPInterrupt                0x08008e09   Thumb Code    16  stm32f4xx_ll_usb.o(i.USB_ReadDevOutEPInterrupt)
    USB_ReadInterrupts                       0x08008e19   Thumb Code     8  stm32f4xx_ll_usb.o(i.USB_ReadInterrupts)
    USB_ReadPacket                           0x08008e21   Thumb Code    80  stm32f4xx_ll_usb.o(i.USB_ReadPacket)
    USB_SetCurrentMode                       0x08008e71   Thumb Code    92  stm32f4xx_ll_usb.o(i.USB_SetCurrentMode)
    USB_SetDevAddress                        0x08008ecd   Thumb Code    34  stm32f4xx_ll_usb.o(i.USB_SetDevAddress)
    USB_SetTurnaroundTime                    0x08008ef1   Thumb Code   168  stm32f4xx_ll_usb.o(i.USB_SetTurnaroundTime)
    USB_WritePacket                          0x08008fd5   Thumb Code    48  stm32f4xx_ll_usb.o(i.USB_WritePacket)
    UsageFault_Handler                       0x08009005   Thumb Code     2  stm32f4xx_it.o(i.UsageFault_Handler)
    VirCom_rev                               0x08009009   Thumb Code    88  usb_vircom.o(i.VirCom_rev)
    VirCom_send                              0x0800906d   Thumb Code     4  usb_vircom.o(i.VirCom_send)
    __ARM_fpclassifyf                        0x08009071   Thumb Code    38  fpclassifyf.o(i.__ARM_fpclassifyf)
    __hardfp_asinf                           0x08009099   Thumb Code   258  asinf.o(i.__hardfp_asinf)
    __hardfp_atan2f                          0x080091c5   Thumb Code   502  atan2f.o(i.__hardfp_atan2f)
    __hardfp_atanf                           0x08009415   Thumb Code   296  atanf.o(i.__hardfp_atanf)
    __hardfp_cosf                            0x08009575   Thumb Code   280  cosf.o(i.__hardfp_cosf)
    __hardfp_sinf                            0x080096c5   Thumb Code   344  sinf.o(i.__hardfp_sinf)
    __hardfp_sqrt                            0x08009855   Thumb Code   122  sqrt.o(i.__hardfp_sqrt)
    __hardfp_sqrtf                           0x080098cf   Thumb Code    58  sqrtf.o(i.__hardfp_sqrtf)
    __hardfp_tanf                            0x08009909   Thumb Code   322  tanf.o(i.__hardfp_tanf)
    __mathlib_flt_infnan                     0x08009a85   Thumb Code     6  funder.o(i.__mathlib_flt_infnan)
    __mathlib_flt_infnan2                    0x08009a8b   Thumb Code     6  funder.o(i.__mathlib_flt_infnan2)
    __mathlib_flt_invalid                    0x08009a91   Thumb Code    10  funder.o(i.__mathlib_flt_invalid)
    __mathlib_flt_underflow                  0x08009aa1   Thumb Code    10  funder.o(i.__mathlib_flt_underflow)
    __mathlib_rredf2                         0x08009ab1   Thumb Code   316  rredf.o(i.__mathlib_rredf2)
    bmi088_accel_init                        0x08009c05   Thumb Code   270  bmi088driver.o(i.bmi088_accel_init)
    bmi088_gyro_init                         0x08009d19   Thumb Code   280  bmi088driver.o(i.bmi088_gyro_init)
    can_filter_init                          0x08009e35   Thumb Code    76  can.o(i.can_filter_init)
    chassis_move_init                        0x08009e8d   Thumb Code   142  chassis_move.o(i.chassis_move_init)
    decodeNUC                                0x08009f31   Thumb Code    34  nuc_communication.o(i.decodeNUC)
    encodeSTM32                              0x08009f53   Thumb Code    28  nuc_communication.o(i.encodeSTM32)
    flashLEDTask_callback                    0x08009f71   Thumb Code    34  freertos.o(i.flashLEDTask_callback)
    get_angle                                0x08009f99   Thumb Code   176  imu_updata.o(i.get_angle)
    gimbalTask_callback                      0x0800a049   Thumb Code    40  freertos.o(i.gimbalTask_callback)
    gimbal_init                              0x0800a071   Thumb Code   172  gimbal.o(i.gimbal_init)
    gimbal_set                               0x0800a169   Thumb Code    26  gimbal.o(i.gimbal_set)
    invSqrt                                  0x0800a18d   Thumb Code    40  mahonyahrs.o(i.invSqrt)
    ist8310_GPIO_init                        0x0800a1b9   Thumb Code     2  ist8310driver_middleware.o(i.ist8310_GPIO_init)
    ist8310_IIC_read_muli_reg                0x0800a1bd   Thumb Code    28  ist8310driver_middleware.o(i.ist8310_IIC_read_muli_reg)
    ist8310_IIC_read_single_reg              0x0800a1dd   Thumb Code    44  ist8310driver_middleware.o(i.ist8310_IIC_read_single_reg)
    ist8310_IIC_write_single_reg             0x0800a20d   Thumb Code    34  ist8310driver_middleware.o(i.ist8310_IIC_write_single_reg)
    ist8310_RST_H                            0x0800a235   Thumb Code    10  ist8310driver_middleware.o(i.ist8310_RST_H)
    ist8310_RST_L                            0x0800a245   Thumb Code    10  ist8310driver_middleware.o(i.ist8310_RST_L)
    ist8310_com_init                         0x0800a255   Thumb Code     2  ist8310driver_middleware.o(i.ist8310_com_init)
    ist8310_delay_ms                         0x0800a257   Thumb Code     4  ist8310driver_middleware.o(i.ist8310_delay_ms)
    ist8310_delay_us                         0x0800a25b   Thumb Code     6  ist8310driver_middleware.o(i.ist8310_delay_us)
    ist8310_init                             0x0800a261   Thumb Code   118  ist8310driver.o(i.ist8310_init)
    ist8310_read_mag                         0x0800a2dd   Thumb Code    90  ist8310driver.o(i.ist8310_read_mag)
    led_init                                 0x0800a33d   Thumb Code    36  led_control.o(i.led_init)
    led_show                                 0x0800a365   Thumb Code    64  led_control.o(i.led_show)
    madgwickUpdate                           0x0800a3b1   Thumb Code   896  madgwick.o(i.madgwickUpdate)
    main                                     0x0800a759   Thumb Code   226  main.o(i.main)
    osDelay                                  0x0800a84d   Thumb Code    34  cmsis_os2.o(i.osDelay)
    osKernelInitialize                       0x0800a871   Thumb Code    36  cmsis_os2.o(i.osKernelInitialize)
    osKernelStart                            0x0800a899   Thumb Code    50  cmsis_os2.o(i.osKernelStart)
    osThreadNew                              0x0800a8d5   Thumb Code   160  cmsis_os2.o(i.osThreadNew)
    pid_cal                                  0x0800a975   Thumb Code   178  pid.o(i.pid_cal)
    pid_set                                  0x0800aa29   Thumb Code    38  pid.o(i.pid_set)
    process_motor_data                       0x0800aa55   Thumb Code   162  can_receive&send.o(i.process_motor_data)
    pvPortMalloc                             0x0800b225   Thumb Code   292  heap_4.o(i.pvPortMalloc)
    pxPortInitialiseStack                    0x0800b355   Thumb Code    38  port.o(i.pxPortInitialiseStack)
    remote_control_init                      0x0800b381   Thumb Code    12  dbus_remote_control.o(i.remote_control_init)
    send2CAN                                 0x0800b44d   Thumb Code    72  myactuator_rmd_x.o(i.send2CAN)
    set_PIN_PWM                              0x0800b49d   Thumb Code    44  pwm_control.o(i.set_PIN_PWM)
    shoot_Bullets                            0x0800b4d1   Thumb Code    52  shoot.o(i.shoot_Bullets)
    shoot_init                               0x0800b50d   Thumb Code    90  shoot.o(i.shoot_init)
    sliding_variance_init                    0x0800b58d   Thumb Code    26  small_tools.o(i.sliding_variance_init)
    sqrtf                                    0x0800b5ad   Thumb Code    62  sqrtf.o(i.sqrtf)
    uart_init                                0x0800b5ed   Thumb Code    30  uart_data_transmit.o(i.uart_init)
    updataTF_MINI_PLUS_LaserRanging          0x0800b62d   Thumb Code   108  tf_mini_plus_laserranging.o(i.updataTF_MINI_PLUS_LaserRanging)
    uxListRemove                             0x0800b6a1   Thumb Code    38  list.o(i.uxListRemove)
    vApplicationGetIdleTaskMemory            0x0800b6c9   Thumb Code    16  cmsis_os2.o(i.vApplicationGetIdleTaskMemory)
    vApplicationGetTimerTaskMemory           0x0800b6dd   Thumb Code    18  cmsis_os2.o(i.vApplicationGetTimerTaskMemory)
    vListInitialise                          0x0800b6f5   Thumb Code    22  list.o(i.vListInitialise)
    vListInitialiseItem                      0x0800b70b   Thumb Code     6  list.o(i.vListInitialiseItem)
    vListInsert                              0x0800b711   Thumb Code    54  list.o(i.vListInsert)
    vListInsertEnd                           0x0800b747   Thumb Code    24  list.o(i.vListInsertEnd)
    vPortEnterCritical                       0x0800b761   Thumb Code    56  port.o(i.vPortEnterCritical)
    vPortExitCritical                        0x0800b7a1   Thumb Code    38  port.o(i.vPortExitCritical)
    vPortFree                                0x0800b7cd   Thumb Code    96  heap_4.o(i.vPortFree)
    vPortSetupTimerInterrupt                 0x0800b831   Thumb Code    32  port.o(i.vPortSetupTimerInterrupt)
    vPortValidateInterruptPriority           0x0800b855   Thumb Code    74  port.o(i.vPortValidateInterruptPriority)
    vQueueAddToRegistry                      0x0800b8a9   Thumb Code    34  queue.o(i.vQueueAddToRegistry)
    vQueueWaitForMessageRestricted           0x0800b8d1   Thumb Code    74  queue.o(i.vQueueWaitForMessageRestricted)
    vTaskDelay                               0x0800b91d   Thumb Code    66  tasks.o(i.vTaskDelay)
    vTaskInternalSetTimeOutState             0x0800b969   Thumb Code    12  tasks.o(i.vTaskInternalSetTimeOutState)
    vTaskMissedYield                         0x0800b979   Thumb Code     8  tasks.o(i.vTaskMissedYield)
    vTaskPlaceOnEventList                    0x0800b985   Thumb Code    46  tasks.o(i.vTaskPlaceOnEventList)
    vTaskPlaceOnEventListRestricted          0x0800b9b9   Thumb Code    54  tasks.o(i.vTaskPlaceOnEventListRestricted)
    vTaskStartScheduler                      0x0800b9f5   Thumb Code   118  tasks.o(i.vTaskStartScheduler)
    vTaskSuspendAll                          0x0800ba7d   Thumb Code    10  tasks.o(i.vTaskSuspendAll)
    vTaskSwitchContext                       0x0800ba8d   Thumb Code    98  tasks.o(i.vTaskSwitchContext)
    xPortStartScheduler                      0x0800baf9   Thumb Code   236  port.o(i.xPortStartScheduler)
    xPortSysTickHandler                      0x0800bc01   Thumb Code    38  port.o(i.xPortSysTickHandler)
    xQueueGenericCreateStatic                0x0800bc2d   Thumb Code   124  queue.o(i.xQueueGenericCreateStatic)
    xQueueGenericReset                       0x0800bca9   Thumb Code   130  queue.o(i.xQueueGenericReset)
    xQueueGenericSend                        0x0800bd31   Thumb Code   462  queue.o(i.xQueueGenericSend)
    xQueueGenericSendFromISR                 0x0800bf05   Thumb Code   186  queue.o(i.xQueueGenericSendFromISR)
    xQueueReceive                            0x0800bfc1   Thumb Code   364  queue.o(i.xQueueReceive)
    xTaskCheckForTimeOut                     0x0800c131   Thumb Code   130  tasks.o(i.xTaskCheckForTimeOut)
    xTaskCreate                              0x0800c1b9   Thumb Code    96  tasks.o(i.xTaskCreate)
    xTaskCreateStatic                        0x0800c219   Thumb Code    92  tasks.o(i.xTaskCreateStatic)
    xTaskGetSchedulerState                   0x0800c275   Thumb Code    24  tasks.o(i.xTaskGetSchedulerState)
    xTaskGetTickCount                        0x0800c291   Thumb Code     6  tasks.o(i.xTaskGetTickCount)
    xTaskIncrementTick                       0x0800c29d   Thumb Code   218  tasks.o(i.xTaskIncrementTick)
    xTaskPriorityDisinherit                  0x0800c381   Thumb Code   118  tasks.o(i.xTaskPriorityDisinherit)
    xTaskRemoveFromEventList                 0x0800c401   Thumb Code   102  tasks.o(i.xTaskRemoveFromEventList)
    xTaskResumeAll                           0x0800c475   Thumb Code   212  tasks.o(i.xTaskResumeAll)
    xTimerCreateTimerTask                    0x0800c559   Thumb Code   140  timers.o(i.xTimerCreateTimerTask)
    xTimerGenericCommand                     0x0800c605   Thumb Code   106  timers.o(i.xTimerGenericCommand)
    __aeabi_d2f                              0x0800c675   Thumb Code     0  d2f.o(x$fpl$d2f)
    _d2f                                     0x0800c675   Thumb Code    98  d2f.o(x$fpl$d2f)
    __aeabi_dadd                             0x0800c6d9   Thumb Code     0  daddsub_clz.o(x$fpl$dadd)
    _dadd                                    0x0800c6d9   Thumb Code   332  daddsub_clz.o(x$fpl$dadd)
    __aeabi_dmul                             0x0800c829   Thumb Code     0  dmul.o(x$fpl$dmul)
    _dmul                                    0x0800c829   Thumb Code   332  dmul.o(x$fpl$dmul)
    __fpl_dnaninf                            0x0800c97d   Thumb Code   156  dnaninf.o(x$fpl$dnaninf)
    __fpl_dretinf                            0x0800ca19   Thumb Code    12  dretinf.o(x$fpl$dretinf)
    _dsqrt                                   0x0800ca25   Thumb Code   404  dsqrt_umaal.o(x$fpl$dsqrt)
    __aeabi_dsub                             0x0800cbbd   Thumb Code     0  daddsub_clz.o(x$fpl$dsub)
    _dsub                                    0x0800cbbd   Thumb Code   464  daddsub_clz.o(x$fpl$dsub)
    __aeabi_f2d                              0x0800cd91   Thumb Code     0  f2d.o(x$fpl$f2d)
    _f2d                                     0x0800cd91   Thumb Code    86  f2d.o(x$fpl$f2d)
    __aeabi_ul2f                             0x0800cde7   Thumb Code     0  ffltll_clz.o(x$fpl$ffltll)
    _ll_uto_f                                0x0800cde7   Thumb Code     6  ffltll_clz.o(x$fpl$ffltll)
    __aeabi_l2f                              0x0800cded   Thumb Code     0  ffltll_clz.o(x$fpl$ffltll)
    _ll_sto_f                                0x0800cded   Thumb Code    90  ffltll_clz.o(x$fpl$ffltll)
    __fpl_fnaninf                            0x0800ce47   Thumb Code   140  fnaninf.o(x$fpl$fnaninf)
    _fp_init                                 0x0800ced3   Thumb Code    10  fpinit.o(x$fpl$fpinit)
    __fplib_config_fpu_vfp                   0x0800cedb   Thumb Code     0  fpinit.o(x$fpl$fpinit)
    __fplib_config_pureend_doubles           0x0800cedb   Thumb Code     0  fpinit.o(x$fpl$fpinit)
    __fpl_fretinf                            0x0800cedd   Thumb Code    10  fretinf.o(x$fpl$fretinf)
    __aeabi_f2lz                             0x0800cee9   Thumb Code     0  ffixll.o(x$fpl$llsfromf)
    _ll_sfrom_f                              0x0800cee9   Thumb Code   134  ffixll.o(x$fpl$llsfromf)
    __I$use$fp                               0x0800cf6e   Number         0  usenofp.o(x$fpl$usenofp)
    flashLED_attributes                      0x0800cf70   Data          36  freertos.o(.constdata)
    CAN_sendTask_attributes                  0x0800cf94   Data          36  freertos.o(.constdata)
    FastTestTask_attributes                  0x0800cfb8   Data          36  freertos.o(.constdata)
    RemoteTask_attributes                    0x0800cfdc   Data          36  freertos.o(.constdata)
    ChassisTask_attributes                   0x0800d000   Data          36  freertos.o(.constdata)
    gimbalTask_attributes                    0x0800d024   Data          36  freertos.o(.constdata)
    NUCcontrolTask_attributes                0x0800d048   Data          36  freertos.o(.constdata)
    AHBPrescTable                            0x0800d074   Data          16  system_stm32f4xx.o(.constdata)
    APBPrescTable                            0x0800d084   Data           8  system_stm32f4xx.o(.constdata)
    Region$$Table$$Base                      0x0800d118   Number         0  anon$$obj.o(Region$$Table)
    Region$$Table$$Limit                     0x0800d138   Number         0  anon$$obj.o(Region$$Table)
    flashLEDHandle                           0x20000000   Data           4  freertos.o(.data)
    CAN_sendTaskHandle                       0x20000004   Data           4  freertos.o(.data)
    FastTestTaskHandle                       0x20000008   Data           4  freertos.o(.data)
    RemoteTaskHandle                         0x2000000c   Data           4  freertos.o(.data)
    ChassisTaskHandle                        0x20000010   Data           4  freertos.o(.data)
    gimbalTaskHandle                         0x20000014   Data           4  freertos.o(.data)
    NUCcontrolTaskHandle                     0x20000018   Data           4  freertos.o(.data)
    hcrc                                     0x20000020   Data           8  crc.o(.data)
    FS_Desc                                  0x20000028   Data          28  usbd_desc.o(.data)
    USBD_LangIDDesc                          0x20000044   Data           4  usbd_desc.o(.data)
    USBD_FS_DeviceDesc                       0x20000048   Data          18  usbd_desc.o(.data)
    USBD_StringSerial                        0x2000005c   Data          26  usbd_desc.o(.data)
    USBD_Interface_fops_FS                   0x20000078   Data          20  usbd_cdc_if.o(.data)
    uwTickFreq                               0x2000008c   Data           1  stm32f4xx_hal.o(.data)
    uwTickPrio                               0x20000090   Data           4  stm32f4xx_hal.o(.data)
    uwTick                                   0x20000094   Data           4  stm32f4xx_hal.o(.data)
    SystemCoreClock                          0x20000098   Data           4  system_stm32f4xx.o(.data)
    pxCurrentTCB                             0x2000009c   Data           4  tasks.o(.data)
    BMI088_ACCEL_SEN                         0x2000011c   Data           4  bmi088driver.o(.data)
    BMI088_GYRO_SEN                          0x20000120   Data           4  bmi088driver.o(.data)
    SEq_1                                    0x20000148   Data           4  madgwick.o(.data)
    SEq_2                                    0x2000014c   Data           4  madgwick.o(.data)
    SEq_3                                    0x20000150   Data           4  madgwick.o(.data)
    SEq_4                                    0x20000154   Data           4  madgwick.o(.data)
    twoKp                                    0x20000158   Data           4  mahonyahrs.o(.data)
    twoKi                                    0x2000015c   Data           4  mahonyahrs.o(.data)
    integralFBx                              0x20000160   Data           4  mahonyahrs.o(.data)
    integralFBy                              0x20000164   Data           4  mahonyahrs.o(.data)
    integralFBz                              0x20000168   Data           4  mahonyahrs.o(.data)
    USBD_CDC                                 0x20000250   Data          56  usbd_cdc.o(.data)
    hcan1                                    0x200002b0   Data          40  can.o(.bss)
    hcan2                                    0x200002d8   Data          40  can.o(.bss)
    hi2c2                                    0x20000300   Data          84  i2c.o(.bss)
    hi2c3                                    0x20000354   Data          84  i2c.o(.bss)
    hspi1                                    0x200003a8   Data          88  spi.o(.bss)
    hdma_spi1_rx                             0x20000400   Data          96  spi.o(.bss)
    hdma_spi1_tx                             0x20000460   Data          96  spi.o(.bss)
    htim1                                    0x200004c0   Data          72  tim.o(.bss)
    htim4                                    0x20000508   Data          72  tim.o(.bss)
    htim5                                    0x20000550   Data          72  tim.o(.bss)
    htim8                                    0x20000598   Data          72  tim.o(.bss)
    htim10                                   0x200005e0   Data          72  tim.o(.bss)
    htim13                                   0x20000628   Data          72  tim.o(.bss)
    htim14                                   0x20000670   Data          72  tim.o(.bss)
    huart1                                   0x200006b8   Data          68  usart.o(.bss)
    huart3                                   0x200006fc   Data          68  usart.o(.bss)
    huart6                                   0x20000740   Data          68  usart.o(.bss)
    hdma_usart1_rx                           0x20000784   Data          96  usart.o(.bss)
    hdma_usart1_tx                           0x200007e4   Data          96  usart.o(.bss)
    hdma_usart3_rx                           0x20000844   Data          96  usart.o(.bss)
    hdma_usart6_rx                           0x200008a4   Data          96  usart.o(.bss)
    hdma_usart6_tx                           0x20000904   Data          96  usart.o(.bss)
    hUsbDeviceFS                             0x20000964   Data         720  usb_device.o(.bss)
    hpcd_USB_OTG_FS                          0x20000e54   Data        1032  usbd_conf.o(.bss)
    USBD_StrDesc                             0x2000125c   Data         512  usbd_desc.o(.bss)
    UserRxBufferFS                           0x2000145c   Data        2048  usbd_cdc_if.o(.bss)
    UserTxBufferFS                           0x20001c5c   Data        2048  usbd_cdc_if.o(.bss)
    htim2                                    0x2000245c   Data          72  stm32f4xx_hal_timebase_tim.o(.bss)
    xQueueRegistry                           0x200024a4   Data          64  queue.o(.bss)
    UART1_data                               0x20006d78   Data         268  uart_data_transmit.o(.bss)
    UART6_data                               0x20006e84   Data         268  uart_data_transmit.o(.bss)
    IMU_tempure_pid                          0x20006f90   Data          48  imu_updata.o(.bss)
    filter                                   0x20006fc0   Data          96  imu_updata.o(.bss)
    IMU_data                                 0x20007020   Data         120  imu_updata.o(.bss)
    motor_data                               0x200070c8   Data         704  can_receive&send.o(.bss)
    RC_data                                  0x20007388   Data          22  dbus_remote_control.o(.bss)
    fromNUC                                  0x200073e8   Data          20  usb_vircom.o(.bss)
    gimbal                                   0x200073fc   Data          48  gimbal.o(.bss)
    pitch_speed_pid                          0x2000742c   Data          48  gimbal.o(.bss)
    pitch_location_pid                       0x2000745c   Data          48  gimbal.o(.bss)
    yaw_speed_pid                            0x2000748c   Data          48  gimbal.o(.bss)
    yaw_location_pid                         0x200074bc   Data          48  gimbal.o(.bss)
    pitch_variance                           0x200074ec   Data          24  gimbal.o(.bss)
    yaw_variance                             0x20007504   Data          24  gimbal.o(.bss)
    trigger_speed_pid                        0x2000751c   Data          48  shoot.o(.bss)
    trigger_location_pid                     0x2000754c   Data          48  shoot.o(.bss)
    shoot                                    0x2000757c   Data          24  shoot.o(.bss)
    chassis                                  0x20007594   Data          36  chassis_move.o(.bss)
    wheel_rpm                                0x200075b8   Data          16  chassis_move.o(.bss)
    motor_speed                              0x200075c8   Data         192  chassis_move.o(.bss)
    TF_LaserRanging                          0x20007688   Data          12  tf_mini_plus_laserranging.o(.bss)
    RMD_motor                                0x200076ac   Data        1024  myactuator_rmd_x.o(.bss)
    __libspace_start                         0x20007aac   Data          96  libspace.o(.bss)
    __temporary_stack_top$libspace           0x20007b0c   Data           0  libspace.o(.bss)



==============================================================================

Memory Map of the image

  Image Entry point : 0x08000189

  Load Region LR_IROM1 (Base: 0x08000000, Size: 0x0000d3c0, Max: 0x00100000, ABSOLUTE, COMPRESSED[0x0000d23c])

    Execution Region ER_IROM1 (Base: 0x08000000, Size: 0x0000d138, Max: 0x00100000, ABSOLUTE)

    Base Addr    Size         Type   Attr      Idx    E Section Name        Object

    0x08000000   0x00000188   Data   RO         5324    RESET               startup_stm32f407xx.o
    0x08000188   0x00000008   Code   RO         9854  * !!!main             c_w.l(__main.o)
    0x08000190   0x00000034   Code   RO        10384    !!!scatter          c_w.l(__scatter.o)
    0x080001c4   0x0000005a   Code   RO        10382    !!dczerorl2         c_w.l(__dczerorl2.o)
    0x0800021e   0x00000002   PAD
    0x08000220   0x0000001c   Code   RO        10386    !!handler_zi        c_w.l(__scatter_zi.o)
    0x0800023c   0x00000002   Code   RO        10295    .ARM.Collect$$libinit$$00000000  c_w.l(libinit.o)
    0x0800023e   0x00000004   Code   RO        10059    .ARM.Collect$$libinit$$00000001  c_w.l(libinit2.o)
    0x08000242   0x00000000   Code   RO        10062    .ARM.Collect$$libinit$$00000004  c_w.l(libinit2.o)
    0x08000242   0x00000000   Code   RO        10065    .ARM.Collect$$libinit$$0000000A  c_w.l(libinit2.o)
    0x08000242   0x00000000   Code   RO        10067    .ARM.Collect$$libinit$$0000000C  c_w.l(libinit2.o)
    0x08000242   0x00000000   Code   RO        10069    .ARM.Collect$$libinit$$0000000E  c_w.l(libinit2.o)
    0x08000242   0x00000000   Code   RO        10072    .ARM.Collect$$libinit$$00000011  c_w.l(libinit2.o)
    0x08000242   0x00000000   Code   RO        10074    .ARM.Collect$$libinit$$00000013  c_w.l(libinit2.o)
    0x08000242   0x00000000   Code   RO        10076    .ARM.Collect$$libinit$$00000015  c_w.l(libinit2.o)
    0x08000242   0x00000000   Code   RO        10078    .ARM.Collect$$libinit$$00000017  c_w.l(libinit2.o)
    0x08000242   0x00000000   Code   RO        10080    .ARM.Collect$$libinit$$00000019  c_w.l(libinit2.o)
    0x08000242   0x00000000   Code   RO        10082    .ARM.Collect$$libinit$$0000001B  c_w.l(libinit2.o)
    0x08000242   0x00000000   Code   RO        10084    .ARM.Collect$$libinit$$0000001D  c_w.l(libinit2.o)
    0x08000242   0x00000000   Code   RO        10086    .ARM.Collect$$libinit$$0000001F  c_w.l(libinit2.o)
    0x08000242   0x00000000   Code   RO        10088    .ARM.Collect$$libinit$$00000021  c_w.l(libinit2.o)
    0x08000242   0x00000000   Code   RO        10090    .ARM.Collect$$libinit$$00000023  c_w.l(libinit2.o)
    0x08000242   0x00000000   Code   RO        10092    .ARM.Collect$$libinit$$00000025  c_w.l(libinit2.o)
    0x08000242   0x00000000   Code   RO        10096    .ARM.Collect$$libinit$$0000002C  c_w.l(libinit2.o)
    0x08000242   0x00000000   Code   RO        10098    .ARM.Collect$$libinit$$0000002E  c_w.l(libinit2.o)
    0x08000242   0x00000000   Code   RO        10100    .ARM.Collect$$libinit$$00000030  c_w.l(libinit2.o)
    0x08000242   0x00000000   Code   RO        10102    .ARM.Collect$$libinit$$00000032  c_w.l(libinit2.o)
    0x08000242   0x00000002   Code   RO        10103    .ARM.Collect$$libinit$$00000033  c_w.l(libinit2.o)
    0x08000244   0x00000002   Code   RO        10379    .ARM.Collect$$libshutdown$$00000000  c_w.l(libshutdown.o)
    0x08000246   0x00000000   Code   RO        10297    .ARM.Collect$$libshutdown$$00000002  c_w.l(libshutdown2.o)
    0x08000246   0x00000000   Code   RO        10299    .ARM.Collect$$libshutdown$$00000004  c_w.l(libshutdown2.o)
    0x08000246   0x00000000   Code   RO        10302    .ARM.Collect$$libshutdown$$00000007  c_w.l(libshutdown2.o)
    0x08000246   0x00000000   Code   RO        10305    .ARM.Collect$$libshutdown$$0000000A  c_w.l(libshutdown2.o)
    0x08000246   0x00000000   Code   RO        10307    .ARM.Collect$$libshutdown$$0000000C  c_w.l(libshutdown2.o)
    0x08000246   0x00000000   Code   RO        10310    .ARM.Collect$$libshutdown$$0000000F  c_w.l(libshutdown2.o)
    0x08000246   0x00000002   Code   RO        10311    .ARM.Collect$$libshutdown$$00000010  c_w.l(libshutdown2.o)
    0x08000248   0x00000000   Code   RO        10012    .ARM.Collect$$rtentry$$00000000  c_w.l(__rtentry.o)
    0x08000248   0x00000000   Code   RO        10183    .ARM.Collect$$rtentry$$00000002  c_w.l(__rtentry2.o)
    0x08000248   0x00000006   Code   RO        10195    .ARM.Collect$$rtentry$$00000004  c_w.l(__rtentry4.o)
    0x0800024e   0x00000000   Code   RO        10185    .ARM.Collect$$rtentry$$00000009  c_w.l(__rtentry2.o)
    0x0800024e   0x00000004   Code   RO        10186    .ARM.Collect$$rtentry$$0000000A  c_w.l(__rtentry2.o)
    0x08000252   0x00000000   Code   RO        10188    .ARM.Collect$$rtentry$$0000000C  c_w.l(__rtentry2.o)
    0x08000252   0x00000008   Code   RO        10189    .ARM.Collect$$rtentry$$0000000D  c_w.l(__rtentry2.o)
    0x0800025a   0x00000002   Code   RO        10316    .ARM.Collect$$rtexit$$00000000  c_w.l(rtexit.o)
    0x0800025c   0x00000000   Code   RO        10347    .ARM.Collect$$rtexit$$00000002  c_w.l(rtexit2.o)
    0x0800025c   0x00000004   Code   RO        10348    .ARM.Collect$$rtexit$$00000003  c_w.l(rtexit2.o)
    0x08000260   0x00000006   Code   RO        10349    .ARM.Collect$$rtexit$$00000004  c_w.l(rtexit2.o)
    0x08000266   0x00000002   PAD
    0x08000268   0x000000be   Code   RO         6947    .emb_text           port.o
    0x08000326   0x00000002   PAD
    0x08000328   0x00000040   Code   RO         5325    .text               startup_stm32f407xx.o
    0x08000368   0x000000ee   Code   RO         9784    .text               c_w.l(lludivv7m.o)
    0x08000456   0x0000008a   Code   RO         9844    .text               c_w.l(rt_memcpy_v6.o)
    0x080004e0   0x00000064   Code   RO         9846    .text               c_w.l(rt_memcpy_w.o)
    0x08000544   0x00000010   Code   RO         9850    .text               c_w.l(aeabi_memset.o)
    0x08000554   0x00000006   Code   RO         9852    .text               c_w.l(heapauxi.o)
    0x0800055a   0x00000016   Code   RO        10042    .text               c_w.l(_rserrno.o)
    0x08000570   0x00000044   Code   RO        10055    .text               c_w.l(rt_memclr.o)
    0x080005b4   0x00000008   Code   RO        10179    .text               c_w.l(libspace.o)
    0x080005bc   0x00000008   Code   RO        10202    .text               c_w.l(rt_errno_addr_intlibspace.o)
    0x080005c4   0x0000004e   Code   RO        10232    .text               c_w.l(rt_memclr_w.o)
    0x08000612   0x00000002   Code   RO        10248    .text               c_w.l(use_no_semi.o)
    0x08000614   0x00000000   Code   RO        10250    .text               c_w.l(indicate_semi.o)
    0x08000614   0x0000004a   Code   RO        10251    .text               c_w.l(sys_stackheap_outer.o)
    0x0800065e   0x00000012   Code   RO        10272    .text               c_w.l(exit.o)
    0x08000670   0x0000000c   Code   RO        10314    .text               c_w.l(sys_exit.o)
    0x0800067c   0x00000002   Code   RO         9223    i.ARM_init          arm.o
    0x0800067e   0x00000002   PAD
    0x08000680   0x00000010   Code   RO         7162    i.BMI088_ACCEL_NS_H  bmi088middleware.o
    0x08000690   0x00000010   Code   RO         7163    i.BMI088_ACCEL_NS_L  bmi088middleware.o
    0x080006a0   0x00000002   Code   RO         7164    i.BMI088_GPIO_init  bmi088middleware.o
    0x080006a2   0x00000002   PAD
    0x080006a4   0x00000010   Code   RO         7165    i.BMI088_GYRO_NS_H  bmi088middleware.o
    0x080006b4   0x00000010   Code   RO         7166    i.BMI088_GYRO_NS_L  bmi088middleware.o
    0x080006c4   0x00000002   Code   RO         7167    i.BMI088_com_init   bmi088middleware.o
    0x080006c6   0x00000022   Code   RO         7168    i.BMI088_delay_ms   bmi088middleware.o
    0x080006e8   0x0000000c   Code   RO         7169    i.BMI088_delay_us   bmi088middleware.o
    0x080006f4   0x00000018   Code   RO         7027    i.BMI088_init       bmi088driver.o
    0x0800070c   0x00000198   Code   RO         7028    i.BMI088_read       bmi088driver.o
    0x080008a4   0x00000024   Code   RO         7170    i.BMI088_read_write_byte  bmi088middleware.o
    0x080008c8   0x00000002   Code   RO         1161    i.BusFault_Handler  stm32f4xx_it.o
    0x080008ca   0x00000002   PAD
    0x080008cc   0x0000000c   Code   RO         1162    i.CAN1_RX0_IRQHandler  stm32f4xx_it.o
    0x080008d8   0x0000000c   Code   RO         1163    i.CAN2_RX0_IRQHandler  stm32f4xx_it.o
    0x080008e4   0x000000b8   Code   RO         8574    i.CAN2_send_current  can_receive&send.o
    0x0800099c   0x0000002c   Code   RO          335    i.CAN_sendTask_callback  freertos.o
    0x080009c8   0x00000004   Code   RO         1104    i.CDC_Control_FS    usbd_cdc_if.o
    0x080009cc   0x00000004   Code   RO         1105    i.CDC_DeInit_FS     usbd_cdc_if.o
    0x080009d0   0x00000024   Code   RO         1106    i.CDC_Init_FS       usbd_cdc_if.o
    0x080009f4   0x00000024   Code   RO         1107    i.CDC_Receive_FS    usbd_cdc_if.o
    0x08000a18   0x00000004   Code   RO         1108    i.CDC_TransmitCplt_FS  usbd_cdc_if.o
    0x08000a1c   0x0000002c   Code   RO         1109    i.CDC_Transmit_FS   usbd_cdc_if.o
    0x08000a48   0x00000008   Code   RO          336    i.ChassisTask_callback  freertos.o
    0x08000a50   0x0000000c   Code   RO         1164    i.DMA1_Stream1_IRQHandler  stm32f4xx_it.o
    0x08000a5c   0x0000000c   Code   RO         1165    i.DMA2_Stream0_IRQHandler  stm32f4xx_it.o
    0x08000a68   0x0000000c   Code   RO         1166    i.DMA2_Stream2_IRQHandler  stm32f4xx_it.o
    0x08000a74   0x0000000c   Code   RO         1167    i.DMA2_Stream3_IRQHandler  stm32f4xx_it.o
    0x08000a80   0x0000000c   Code   RO         1168    i.DMA2_Stream5_IRQHandler  stm32f4xx_it.o
    0x08000a8c   0x0000000c   Code   RO         1169    i.DMA2_Stream6_IRQHandler  stm32f4xx_it.o
    0x08000a98   0x0000000c   Code   RO         1170    i.DMA2_Stream7_IRQHandler  stm32f4xx_it.o
    0x08000aa4   0x000000d0   Code   RO         8682    i.Dbus_USARTx_IRQHandler  dbus_remote_control.o
    0x08000b74   0x00000002   Code   RO         1171    i.DebugMon_Handler  stm32f4xx_it.o
    0x08000b76   0x00000006   Code   RO         1172    i.EXTI0_IRQHandler  stm32f4xx_it.o
    0x08000b7c   0x00000012   Code   RO         1173    i.EXTI9_5_IRQHandler  stm32f4xx_it.o
    0x08000b8e   0x00000002   Code   RO            4    i.Error_Handler     main.o
    0x08000b90   0x00000008   Code   RO          337    i.FastTestTask_callback  freertos.o
    0x08000b98   0x00000024   Code   RO         3021    i.HAL_CAN_ActivateNotification  stm32f4xx_hal_can.o
    0x08000bbc   0x000000e4   Code   RO         3022    i.HAL_CAN_AddTxMessage  stm32f4xx_hal_can.o
    0x08000ca0   0x00000114   Code   RO         3023    i.HAL_CAN_ConfigFilter  stm32f4xx_hal_can.o
    0x08000db4   0x00000002   Code   RO         3026    i.HAL_CAN_ErrorCallback  stm32f4xx_hal_can.o
    0x08000db6   0x00000148   Code   RO         3029    i.HAL_CAN_GetRxMessage  stm32f4xx_hal_can.o
    0x08000efe   0x00000236   Code   RO         3033    i.HAL_CAN_IRQHandler  stm32f4xx_hal_can.o
    0x08001134   0x00000128   Code   RO         3034    i.HAL_CAN_Init      stm32f4xx_hal_can.o
    0x0800125c   0x000000f0   Code   RO          437    i.HAL_CAN_MspInit   can.o
    0x0800134c   0x00000002   Code   RO         3041    i.HAL_CAN_RxFifo0FullCallback  stm32f4xx_hal_can.o
    0x0800134e   0x00000002   PAD
    0x08001350   0x000000a0   Code   RO         8575    i.HAL_CAN_RxFifo0MsgPendingCallback  can_receive&send.o
    0x080013f0   0x00000002   Code   RO         3043    i.HAL_CAN_RxFifo1FullCallback  stm32f4xx_hal_can.o
    0x080013f2   0x00000002   Code   RO         3044    i.HAL_CAN_RxFifo1MsgPendingCallback  stm32f4xx_hal_can.o
    0x080013f4   0x00000002   Code   RO         3045    i.HAL_CAN_SleepCallback  stm32f4xx_hal_can.o
    0x080013f6   0x00000062   Code   RO         3046    i.HAL_CAN_Start     stm32f4xx_hal_can.o
    0x08001458   0x00000002   Code   RO         3048    i.HAL_CAN_TxMailbox0AbortCallback  stm32f4xx_hal_can.o
    0x0800145a   0x00000002   Code   RO         3049    i.HAL_CAN_TxMailbox0CompleteCallback  stm32f4xx_hal_can.o
    0x0800145c   0x00000002   Code   RO         3050    i.HAL_CAN_TxMailbox1AbortCallback  stm32f4xx_hal_can.o
    0x0800145e   0x00000002   Code   RO         3051    i.HAL_CAN_TxMailbox1CompleteCallback  stm32f4xx_hal_can.o
    0x08001460   0x00000002   Code   RO         3052    i.HAL_CAN_TxMailbox2AbortCallback  stm32f4xx_hal_can.o
    0x08001462   0x00000002   Code   RO         3053    i.HAL_CAN_TxMailbox2CompleteCallback  stm32f4xx_hal_can.o
    0x08001464   0x00000002   Code   RO         3055    i.HAL_CAN_WakeUpFromRxMsgCallback  stm32f4xx_hal_can.o
    0x08001466   0x00000022   Code   RO         3258    i.HAL_CRC_Init      stm32f4xx_hal_crc.o
    0x08001488   0x0000002c   Code   RO          492    i.HAL_CRC_MspInit   crc.o
    0x080014b4   0x000000a6   Code   RO         2367    i.HAL_DMA_Abort     stm32f4xx_hal_dma.o
    0x0800155a   0x00000024   Code   RO         2368    i.HAL_DMA_Abort_IT  stm32f4xx_hal_dma.o
    0x0800157e   0x00000002   PAD
    0x08001580   0x000001d8   Code   RO         2372    i.HAL_DMA_IRQHandler  stm32f4xx_hal_dma.o
    0x08001758   0x00000150   Code   RO         2373    i.HAL_DMA_Init      stm32f4xx_hal_dma.o
    0x080018a8   0x000000a0   Code   RO         2377    i.HAL_DMA_Start_IT  stm32f4xx_hal_dma.o
    0x08001948   0x00000028   Code   RO         2769    i.HAL_Delay         stm32f4xx_hal.o
    0x08001970   0x0000000e   Code   RO         8736    i.HAL_GPIO_EXTI_Callback  gpio_input_exti.o
    0x0800197e   0x00000002   PAD
    0x08001980   0x00000018   Code   RO         2267    i.HAL_GPIO_EXTI_IRQHandler  stm32f4xx_hal_gpio.o
    0x08001998   0x00000224   Code   RO         2268    i.HAL_GPIO_Init     stm32f4xx_hal_gpio.o
    0x08001bbc   0x0000000a   Code   RO         2272    i.HAL_GPIO_WritePin  stm32f4xx_hal_gpio.o
    0x08001bc6   0x00000002   PAD
    0x08001bc8   0x0000000c   Code   RO         2775    i.HAL_GetTick       stm32f4xx_hal.o
    0x08001bd4   0x000001a8   Code   RO         3325    i.HAL_I2C_Init      stm32f4xx_hal_i2c.o
    0x08001d7c   0x00000228   Code   RO         3343    i.HAL_I2C_Mem_Read  stm32f4xx_hal_i2c.o
    0x08001fa4   0x0000014c   Code   RO         3346    i.HAL_I2C_Mem_Write  stm32f4xx_hal_i2c.o
    0x080020f0   0x000000e4   Code   RO          558    i.HAL_I2C_MspInit   i2c.o
    0x080021d4   0x00000010   Code   RO         2781    i.HAL_IncTick       stm32f4xx_hal.o
    0x080021e4   0x00000034   Code   RO         2782    i.HAL_Init          stm32f4xx_hal.o
    0x08002218   0x00000074   Code   RO         1351    i.HAL_InitTick      stm32f4xx_hal_timebase_tim.o
    0x0800228c   0x0000003c   Code   RO         1327    i.HAL_MspInit       stm32f4xx_hal_msp.o
    0x080022c8   0x0000001e   Code   RO         2637    i.HAL_NVIC_EnableIRQ  stm32f4xx_hal_cortex.o
    0x080022e6   0x00000002   PAD
    0x080022e8   0x00000064   Code   RO         2643    i.HAL_NVIC_SetPriority  stm32f4xx_hal_cortex.o
    0x0800234c   0x00000024   Code   RO         2644    i.HAL_NVIC_SetPriorityGrouping  stm32f4xx_hal_cortex.o
    0x08002370   0x00000002   Code   RO         1607    i.HAL_PCDEx_LPM_Callback  stm32f4xx_hal_pcd_ex.o
    0x08002372   0x00000008   Code   RO         1608    i.HAL_PCDEx_SetRxFiFo  stm32f4xx_hal_pcd_ex.o
    0x0800237a   0x0000004c   Code   RO         1609    i.HAL_PCDEx_SetTxFiFo  stm32f4xx_hal_pcd_ex.o
    0x080023c6   0x00000008   Code   RO          816    i.HAL_PCD_ConnectCallback  usbd_conf.o
    0x080023ce   0x00000012   Code   RO          817    i.HAL_PCD_DataInStageCallback  usbd_conf.o
    0x080023e0   0x00000014   Code   RO          818    i.HAL_PCD_DataOutStageCallback  usbd_conf.o
    0x080023f4   0x00000008   Code   RO          819    i.HAL_PCD_DisconnectCallback  usbd_conf.o
    0x080023fc   0x0000004c   Code   RO         1399    i.HAL_PCD_EP_Close  stm32f4xx_hal_pcd.o
    0x08002448   0x0000005e   Code   RO         1400    i.HAL_PCD_EP_ClrStall  stm32f4xx_hal_pcd.o
    0x080024a6   0x00000012   Code   RO         1402    i.HAL_PCD_EP_GetRxCount  stm32f4xx_hal_pcd.o
    0x080024b8   0x0000005e   Code   RO         1403    i.HAL_PCD_EP_Open   stm32f4xx_hal_pcd.o
    0x08002516   0x0000004a   Code   RO         1404    i.HAL_PCD_EP_Receive  stm32f4xx_hal_pcd.o
    0x08002560   0x00000072   Code   RO         1405    i.HAL_PCD_EP_SetStall  stm32f4xx_hal_pcd.o
    0x080025d2   0x00000042   Code   RO         1406    i.HAL_PCD_EP_Transmit  stm32f4xx_hal_pcd.o
    0x08002614   0x000005e0   Code   RO         1408    i.HAL_PCD_IRQHandler  stm32f4xx_hal_pcd.o
    0x08002bf4   0x00000008   Code   RO          820    i.HAL_PCD_ISOINIncompleteCallback  usbd_conf.o
    0x08002bfc   0x00000008   Code   RO          821    i.HAL_PCD_ISOOUTIncompleteCallback  usbd_conf.o
    0x08002c04   0x00000104   Code   RO         1411    i.HAL_PCD_Init      stm32f4xx_hal_pcd.o
    0x08002d08   0x0000009c   Code   RO          823    i.HAL_PCD_MspInit   usbd_conf.o
    0x08002da4   0x0000002e   Code   RO          824    i.HAL_PCD_ResetCallback  usbd_conf.o
    0x08002dd2   0x00000008   Code   RO          825    i.HAL_PCD_ResumeCallback  usbd_conf.o
    0x08002dda   0x00000008   Code   RO          826    i.HAL_PCD_SOFCallback  usbd_conf.o
    0x08002de2   0x00000028   Code   RO         1417    i.HAL_PCD_SetAddress  stm32f4xx_hal_pcd.o
    0x08002e0a   0x0000000e   Code   RO          827    i.HAL_PCD_SetupStageCallback  usbd_conf.o
    0x08002e18   0x00000040   Code   RO         1419    i.HAL_PCD_Start     stm32f4xx_hal_pcd.o
    0x08002e58   0x00000034   Code   RO          828    i.HAL_PCD_SuspendCallback  usbd_conf.o
    0x08002e8c   0x00000164   Code   RO         1941    i.HAL_RCC_ClockConfig  stm32f4xx_hal_rcc.o
    0x08002ff0   0x00000040   Code   RO         1945    i.HAL_RCC_GetClockConfig  stm32f4xx_hal_rcc.o
    0x08003030   0x0000000c   Code   RO         1946    i.HAL_RCC_GetHCLKFreq  stm32f4xx_hal_rcc.o
    0x0800303c   0x00000020   Code   RO         1948    i.HAL_RCC_GetPCLK1Freq  stm32f4xx_hal_rcc.o
    0x0800305c   0x00000020   Code   RO         1949    i.HAL_RCC_GetPCLK2Freq  stm32f4xx_hal_rcc.o
    0x0800307c   0x00000074   Code   RO         1950    i.HAL_RCC_GetSysClockFreq  stm32f4xx_hal_rcc.o
    0x080030f0   0x0000041c   Code   RO         1953    i.HAL_RCC_OscConfig  stm32f4xx_hal_rcc.o
    0x0800350c   0x000000c2   Code   RO         3720    i.HAL_SPI_Init      stm32f4xx_hal_spi.o
    0x080035ce   0x00000002   PAD
    0x080035d0   0x00000110   Code   RO          606    i.HAL_SPI_MspInit   spi.o
    0x080036e0   0x000001f6   Code   RO         3729    i.HAL_SPI_TransmitReceive  stm32f4xx_hal_spi.o
    0x080038d6   0x00000002   Code   RO         4706    i.HAL_TIMEx_BreakCallback  stm32f4xx_hal_tim_ex.o
    0x080038d8   0x00000002   Code   RO         4707    i.HAL_TIMEx_CommutCallback  stm32f4xx_hal_tim_ex.o
    0x080038da   0x00000066   Code   RO         4709    i.HAL_TIMEx_ConfigBreakDeadTime  stm32f4xx_hal_tim_ex.o
    0x08003940   0x00000098   Code   RO         4725    i.HAL_TIMEx_MasterConfigSynchronization  stm32f4xx_hal_tim_ex.o
    0x080039d8   0x0000005a   Code   RO         4033    i.HAL_TIM_Base_Init  stm32f4xx_hal_tim.o
    0x08003a32   0x00000002   PAD
    0x08003a34   0x00000100   Code   RO          648    i.HAL_TIM_Base_MspInit  tim.o
    0x08003b34   0x00000076   Code   RO         4036    i.HAL_TIM_Base_Start  stm32f4xx_hal_tim.o
    0x08003baa   0x00000080   Code   RO         4038    i.HAL_TIM_Base_Start_IT  stm32f4xx_hal_tim.o
    0x08003c2a   0x0000016e   Code   RO         4042    i.HAL_TIM_ConfigClockSource  stm32f4xx_hal_tim.o
    0x08003d98   0x00000002   Code   RO         4067    i.HAL_TIM_IC_CaptureCallback  stm32f4xx_hal_tim.o
    0x08003d9a   0x0000016c   Code   RO         4081    i.HAL_TIM_IRQHandler  stm32f4xx_hal_tim.o
    0x08003f06   0x00000002   PAD
    0x08003f08   0x0000010c   Code   RO          649    i.HAL_TIM_MspPostInit  tim.o
    0x08004014   0x00000002   Code   RO         4084    i.HAL_TIM_OC_DelayElapsedCallback  stm32f4xx_hal_tim.o
    0x08004016   0x00000002   PAD
    0x08004018   0x00000184   Code   RO         4105    i.HAL_TIM_PWM_ConfigChannel  stm32f4xx_hal_tim.o
    0x0800419c   0x0000005a   Code   RO         4108    i.HAL_TIM_PWM_Init  stm32f4xx_hal_tim.o
    0x080041f6   0x00000002   Code   RO         4110    i.HAL_TIM_PWM_MspInit  stm32f4xx_hal_tim.o
    0x080041f8   0x00000002   Code   RO         4111    i.HAL_TIM_PWM_PulseFinishedCallback  stm32f4xx_hal_tim.o
    0x080041fa   0x00000002   PAD
    0x080041fc   0x000000cc   Code   RO         4113    i.HAL_TIM_PWM_Start  stm32f4xx_hal_tim.o
    0x080042c8   0x00000036   Code   RO            5    i.HAL_TIM_PeriodElapsedCallback  main.o
    0x080042fe   0x00000002   Code   RO         4124    i.HAL_TIM_TriggerCallback  stm32f4xx_hal_tim.o
    0x08004300   0x00000002   Code   RO         4984    i.HAL_UARTEx_RxEventCallback  stm32f4xx_hal_uart.o
    0x08004302   0x00000088   Code   RO         4996    i.HAL_UART_DMAStop  stm32f4xx_hal_uart.o
    0x0800438a   0x00000002   Code   RO         4998    i.HAL_UART_ErrorCallback  stm32f4xx_hal_uart.o
    0x0800438c   0x000002ac   Code   RO         5001    i.HAL_UART_IRQHandler  stm32f4xx_hal_uart.o
    0x08004638   0x00000062   Code   RO         5002    i.HAL_UART_Init     stm32f4xx_hal_uart.o
    0x0800469a   0x00000002   PAD
    0x0800469c   0x00000278   Code   RO          732    i.HAL_UART_MspInit  usart.o
    0x08004914   0x0000002c   Code   RO         5006    i.HAL_UART_Receive_DMA  stm32f4xx_hal_uart.o
    0x08004940   0x00000002   Code   RO         5008    i.HAL_UART_RxCpltCallback  stm32f4xx_hal_uart.o
    0x08004942   0x00000002   Code   RO         5009    i.HAL_UART_RxHalfCpltCallback  stm32f4xx_hal_uart.o
    0x08004944   0x00000098   Code   RO         5011    i.HAL_UART_Transmit_DMA  stm32f4xx_hal_uart.o
    0x080049dc   0x00000002   Code   RO         5013    i.HAL_UART_TxCpltCallback  stm32f4xx_hal_uart.o
    0x080049de   0x00000002   Code   RO         5014    i.HAL_UART_TxHalfCpltCallback  stm32f4xx_hal_uart.o
    0x080049e0   0x00000002   Code   RO         1174    i.HardFault_Handler  stm32f4xx_it.o
    0x080049e2   0x00000002   PAD
    0x080049e4   0x0000011c   Code   RO         3369    i.I2C_RequestMemoryRead  stm32f4xx_hal_i2c.o
    0x08004b00   0x000000b4   Code   RO         3370    i.I2C_RequestMemoryWrite  stm32f4xx_hal_i2c.o
    0x08004bb4   0x00000088   Code   RO         3371    i.I2C_WaitOnBTFFlagUntilTimeout  stm32f4xx_hal_i2c.o
    0x08004c3c   0x000000a6   Code   RO         3372    i.I2C_WaitOnFlagUntilTimeout  stm32f4xx_hal_i2c.o
    0x08004ce2   0x000000cc   Code   RO         3373    i.I2C_WaitOnMasterAddressFlagUntilTimeout  stm32f4xx_hal_i2c.o
    0x08004dae   0x0000007e   Code   RO         3374    i.I2C_WaitOnRXNEFlagUntilTimeout  stm32f4xx_hal_i2c.o
    0x08004e2c   0x00000088   Code   RO         3375    i.I2C_WaitOnTXEFlagUntilTimeout  stm32f4xx_hal_i2c.o
    0x08004eb4   0x000000b4   Code   RO         8506    i.IMU_init          imu_updata.o
    0x08004f68   0x000000e4   Code   RO         8507    i.IMU_updata        imu_updata.o
    0x0800504c   0x0000005c   Code   RO         8009    i.Kalman_init       kalman_filter_c.o
    0x080050a8   0x00000772   Code   RO         8010    i.Kalman_update     kalman_filter_c.o
    0x0800581a   0x00000002   PAD
    0x0800581c   0x00000044   Code   RO          438    i.MX_CAN1_Init      can.o
    0x08005860   0x00000044   Code   RO          439    i.MX_CAN2_Init      can.o
    0x080058a4   0x00000024   Code   RO          493    i.MX_CRC_Init       crc.o
    0x080058c8   0x0000009c   Code   RO          533    i.MX_DMA_Init       dma.o
    0x08005964   0x00000098   Code   RO          338    i.MX_FREERTOS_Init  freertos.o
    0x080059fc   0x000001dc   Code   RO          311    i.MX_GPIO_Init      gpio.o
    0x08005bd8   0x00000040   Code   RO          559    i.MX_I2C2_Init      i2c.o
    0x08005c18   0x00000040   Code   RO          560    i.MX_I2C3_Init      i2c.o
    0x08005c58   0x00000048   Code   RO          607    i.MX_SPI1_Init      spi.o
    0x08005ca0   0x00000070   Code   RO          650    i.MX_TIM10_Init     tim.o
    0x08005d10   0x00000038   Code   RO          651    i.MX_TIM13_Init     tim.o
    0x08005d48   0x00000038   Code   RO          652    i.MX_TIM14_Init     tim.o
    0x08005d80   0x00000120   Code   RO          653    i.MX_TIM1_Init      tim.o
    0x08005ea0   0x000000a8   Code   RO          654    i.MX_TIM4_Init      tim.o
    0x08005f48   0x000000d0   Code   RO          655    i.MX_TIM5_Init      tim.o
    0x08006018   0x000000e8   Code   RO          656    i.MX_TIM8_Init      tim.o
    0x08006100   0x00000038   Code   RO          733    i.MX_USART1_UART_Init  usart.o
    0x08006138   0x0000003c   Code   RO          734    i.MX_USART3_UART_Init  usart.o
    0x08006174   0x00000038   Code   RO          735    i.MX_USART6_UART_Init  usart.o
    0x080061ac   0x00000058   Code   RO          785    i.MX_USB_DEVICE_Init  usb_device.o
    0x08006204   0x0000000c   Code   RO         8508    i.MagUpdate         imu_updata.o
    0x08006210   0x0000034c   Code   RO         8315    i.MahonyAHRSupdate  mahonyahrs.o
    0x0800655c   0x000001e4   Code   RO         8316    i.MahonyAHRSupdateIMU  mahonyahrs.o
    0x08006740   0x00000002   Code   RO         1175    i.MemManage_Handler  stm32f4xx_it.o
    0x08006742   0x00000002   Code   RO         1176    i.NMI_Handler       stm32f4xx_it.o
    0x08006744   0x00000090   Code   RO          339    i.NUCcontrolTask_callback  freertos.o
    0x080067d4   0x0000000c   Code   RO         1177    i.OTG_FS_IRQHandler  stm32f4xx_it.o
    0x080067e0   0x00000044   Code   RO         8801    i.PWM_servo_control_init  pwm_control.o
    0x08006824   0x00000008   Code   RO         8802    i.PWM_snail_init    pwm_control.o
    0x0800682c   0x00000098   Code   RO         8683    i.RC_init           dbus_remote_control.o
    0x080068c4   0x00000006   Code   RO         9656    i.RMD_config        myactuator_rmd_x.o
    0x080068ca   0x00000002   PAD
    0x080068cc   0x00000028   Code   RO         9657    i.RMD_decode_reply  myactuator_rmd_x.o
    0x080068f4   0x0000001e   Code   RO         9658    i.RMD_run           myactuator_rmd_x.o
    0x08006912   0x00000002   PAD
    0x08006914   0x00000110   Code   RO         9659    i.RMD_setup         myactuator_rmd_x.o
    0x08006a24   0x00000040   Code   RO         9661    i.RMD_write_angle_with_speed  myactuator_rmd_x.o
    0x08006a64   0x0000000a   Code   RO          340    i.RemoteTask_callback  freertos.o
    0x08006a6e   0x00000002   PAD
    0x08006a70   0x0000005c   Code   RO         3758    i.SPI_EndRxTxTransaction  stm32f4xx_hal_spi.o
    0x08006acc   0x000000cc   Code   RO         3763    i.SPI_WaitFlagStateUntilTimeout  stm32f4xx_hal_spi.o
    0x08006b98   0x0000001a   Code   RO         6396    i.SysTick_Handler   cmsis_os2.o
    0x08006bb2   0x00000002   PAD
    0x08006bb4   0x00000088   Code   RO            6    i.SystemClock_Config  main.o
    0x08006c3c   0x00000058   Code   RO         5333    i.SystemInit        system_stm32f4xx.o
    0x08006c94   0x0000000c   Code   RO         1178    i.TIM2_IRQHandler   stm32f4xx_it.o
    0x08006ca0   0x0000001c   Code   RO         1179    i.TIM8_TRG_COM_TIM14_IRQHandler  stm32f4xx_it.o
    0x08006cbc   0x0000001c   Code   RO         1180    i.TIM8_UP_TIM13_IRQHandler  stm32f4xx_it.o
    0x08006cd8   0x000000c8   Code   RO         4126    i.TIM_Base_SetConfig  stm32f4xx_hal_tim.o
    0x08006da0   0x0000001e   Code   RO         4127    i.TIM_CCxChannelCmd  stm32f4xx_hal_tim.o
    0x08006dbe   0x00000002   PAD
    0x08006dc0   0x00000068   Code   RO         4138    i.TIM_OC1_SetConfig  stm32f4xx_hal_tim.o
    0x08006e28   0x00000070   Code   RO         4139    i.TIM_OC2_SetConfig  stm32f4xx_hal_tim.o
    0x08006e98   0x00000010   Code   RO         5015    i.UART_DMAAbortOnError  stm32f4xx_hal_uart.o
    0x08006ea8   0x00000062   Code   RO         5016    i.UART_DMAError     stm32f4xx_hal_uart.o
    0x08006f0a   0x00000086   Code   RO         5017    i.UART_DMAReceiveCplt  stm32f4xx_hal_uart.o
    0x08006f90   0x0000001a   Code   RO         5019    i.UART_DMARxHalfCplt  stm32f4xx_hal_uart.o
    0x08006faa   0x00000046   Code   RO         5021    i.UART_DMATransmitCplt  stm32f4xx_hal_uart.o
    0x08006ff0   0x0000000a   Code   RO         5023    i.UART_DMATxHalfCplt  stm32f4xx_hal_uart.o
    0x08006ffa   0x0000003e   Code   RO         8426    i.UART_DMA_rxtx_start  uart_data_transmit.o
    0x08007038   0x0000004e   Code   RO         5025    i.UART_EndRxTransfer  stm32f4xx_hal_uart.o
    0x08007086   0x000000c8   Code   RO         5026    i.UART_Receive_IT   stm32f4xx_hal_uart.o
    0x0800714e   0x00000002   PAD
    0x08007150   0x000000fc   Code   RO         5027    i.UART_SetConfig    stm32f4xx_hal_uart.o
    0x0800724c   0x00000094   Code   RO         5028    i.UART_Start_Receive_DMA  stm32f4xx_hal_uart.o
    0x080072e0   0x000000a8   Code   RO         8427    i.UART_rx_IRQHandler  uart_data_transmit.o
    0x08007388   0x0000001c   Code   RO         1181    i.USART1_IRQHandler  stm32f4xx_it.o
    0x080073a4   0x00000014   Code   RO         1182    i.USART3_IRQHandler  stm32f4xx_it.o
    0x080073b8   0x0000001c   Code   RO         1183    i.USART6_IRQHandler  stm32f4xx_it.o
    0x080073d4   0x00000068   Code   RO         9534    i.USBD_CDC_DataIn   usbd_cdc.o
    0x0800743c   0x0000002e   Code   RO         9535    i.USBD_CDC_DataOut  usbd_cdc.o
    0x0800746a   0x0000004a   Code   RO         9536    i.USBD_CDC_DeInit   usbd_cdc.o
    0x080074b4   0x00000030   Code   RO         9537    i.USBD_CDC_EP0_RxReady  usbd_cdc.o
    0x080074e4   0x0000000c   Code   RO         9538    i.USBD_CDC_GetDeviceQualifierDescriptor  usbd_cdc.o
    0x080074f0   0x0000000c   Code   RO         9539    i.USBD_CDC_GetFSCfgDesc  usbd_cdc.o
    0x080074fc   0x0000000c   Code   RO         9540    i.USBD_CDC_GetHSCfgDesc  usbd_cdc.o
    0x08007508   0x0000000c   Code   RO         9541    i.USBD_CDC_GetOtherSpeedCfgDesc  usbd_cdc.o
    0x08007514   0x000000c4   Code   RO         9542    i.USBD_CDC_Init     usbd_cdc.o
    0x080075d8   0x00000032   Code   RO         9543    i.USBD_CDC_ReceivePacket  usbd_cdc.o
    0x0800760a   0x00000010   Code   RO         9544    i.USBD_CDC_RegisterInterface  usbd_cdc.o
    0x0800761a   0x00000014   Code   RO         9545    i.USBD_CDC_SetRxBuffer  usbd_cdc.o
    0x0800762e   0x00000018   Code   RO         9546    i.USBD_CDC_SetTxBuffer  usbd_cdc.o
    0x08007646   0x000000fa   Code   RO         9547    i.USBD_CDC_Setup    usbd_cdc.o
    0x08007740   0x00000038   Code   RO         9548    i.USBD_CDC_TransmitPacket  usbd_cdc.o
    0x08007778   0x00000012   Code   RO         9238    i.USBD_ClrClassConfig  usbd_core.o
    0x0800778a   0x00000026   Code   RO         9376    i.USBD_ClrFeature   usbd_ctlreq.o
    0x080077b0   0x00000010   Code   RO         9474    i.USBD_CtlContinueRx  usbd_ioreq.o
    0x080077c0   0x00000010   Code   RO         9475    i.USBD_CtlContinueSendData  usbd_ioreq.o
    0x080077d0   0x00000018   Code   RO         9377    i.USBD_CtlError     usbd_ctlreq.o
    0x080077e8   0x0000001e   Code   RO         9476    i.USBD_CtlPrepareRx  usbd_ioreq.o
    0x08007806   0x00000016   Code   RO         9477    i.USBD_CtlReceiveStatus  usbd_ioreq.o
    0x0800781c   0x0000001a   Code   RO         9478    i.USBD_CtlSendData  usbd_ioreq.o
    0x08007836   0x00000016   Code   RO         9479    i.USBD_CtlSendStatus  usbd_ioreq.o
    0x0800784c   0x00000020   Code   RO         1023    i.USBD_FS_ConfigStrDescriptor  usbd_desc.o
    0x0800786c   0x0000000c   Code   RO         1024    i.USBD_FS_DeviceDescriptor  usbd_desc.o
    0x08007878   0x00000024   Code   RO         1025    i.USBD_FS_InterfaceStrDescriptor  usbd_desc.o
    0x0800789c   0x0000000c   Code   RO         1026    i.USBD_FS_LangIDStrDescriptor  usbd_desc.o
    0x080078a8   0x00000028   Code   RO         1027    i.USBD_FS_ManufacturerStrDescriptor  usbd_desc.o
    0x080078d0   0x0000002c   Code   RO         1028    i.USBD_FS_ProductStrDescriptor  usbd_desc.o
    0x080078fc   0x0000008c   Code   RO         1029    i.USBD_FS_SerialStrDescriptor  usbd_desc.o
    0x08007988   0x00000034   Code   RO         9378    i.USBD_GetConfig    usbd_ctlreq.o
    0x080079bc   0x000001b4   Code   RO         9379    i.USBD_GetDescriptor  usbd_ctlreq.o
    0x08007b70   0x00000018   Code   RO         9380    i.USBD_GetLen       usbd_ctlreq.o
    0x08007b88   0x00000036   Code   RO         9381    i.USBD_GetStatus    usbd_ctlreq.o
    0x08007bbe   0x00000044   Code   RO         9382    i.USBD_GetString    usbd_ctlreq.o
    0x08007c02   0x0000001a   Code   RO          829    i.USBD_Get_USB_Status  usbd_conf.o
    0x08007c1c   0x00000028   Code   RO         9240    i.USBD_Init         usbd_core.o
    0x08007c44   0x00000012   Code   RO          830    i.USBD_LL_ClearStallEP  usbd_conf.o
    0x08007c56   0x00000012   Code   RO          831    i.USBD_LL_CloseEP   usbd_conf.o
    0x08007c68   0x000000bc   Code   RO         9241    i.USBD_LL_DataInStage  usbd_core.o
    0x08007d24   0x00000070   Code   RO         9242    i.USBD_LL_DataOutStage  usbd_core.o
    0x08007d94   0x00000004   Code   RO         9243    i.USBD_LL_DevConnected  usbd_core.o
    0x08007d98   0x0000001a   Code   RO         9244    i.USBD_LL_DevDisconnected  usbd_core.o
    0x08007db2   0x00000008   Code   RO          835    i.USBD_LL_GetRxDataSize  usbd_conf.o
    0x08007dba   0x00000002   PAD
    0x08007dbc   0x00000060   Code   RO          836    i.USBD_LL_Init      usbd_conf.o
    0x08007e1c   0x00000020   Code   RO          837    i.USBD_LL_IsStallEP  usbd_conf.o
    0x08007e3c   0x00000022   Code   RO         9245    i.USBD_LL_IsoINIncomplete  usbd_core.o
    0x08007e5e   0x00000022   Code   RO         9246    i.USBD_LL_IsoOUTIncomplete  usbd_core.o
    0x08007e80   0x00000018   Code   RO          838    i.USBD_LL_OpenEP    usbd_conf.o
    0x08007e98   0x00000012   Code   RO          839    i.USBD_LL_PrepareReceive  usbd_conf.o
    0x08007eaa   0x0000005c   Code   RO         9247    i.USBD_LL_Reset     usbd_core.o
    0x08007f06   0x00000014   Code   RO         9248    i.USBD_LL_Resume    usbd_core.o
    0x08007f1a   0x00000022   Code   RO         9249    i.USBD_LL_SOF       usbd_core.o
    0x08007f3c   0x00000006   Code   RO         9250    i.USBD_LL_SetSpeed  usbd_core.o
    0x08007f42   0x00000012   Code   RO          840    i.USBD_LL_SetUSBAddress  usbd_conf.o
    0x08007f54   0x00000064   Code   RO         9251    i.USBD_LL_SetupStage  usbd_core.o
    0x08007fb8   0x00000012   Code   RO          841    i.USBD_LL_StallEP   usbd_conf.o
    0x08007fca   0x00000012   Code   RO          842    i.USBD_LL_Start     usbd_conf.o
    0x08007fdc   0x00000012   Code   RO         9252    i.USBD_LL_Suspend   usbd_core.o
    0x08007fee   0x00000012   Code   RO          844    i.USBD_LL_Transmit  usbd_conf.o
    0x08008000   0x00000032   Code   RO         9383    i.USBD_ParseSetupRequest  usbd_ctlreq.o
    0x08008032   0x00000024   Code   RO         9253    i.USBD_RegisterClass  usbd_core.o
    0x08008056   0x00000004   Code   RO         9254    i.USBD_RunTestMode  usbd_core.o
    0x0800805a   0x00000058   Code   RO         9384    i.USBD_SetAddress   usbd_ctlreq.o
    0x080080b2   0x00000014   Code   RO         9255    i.USBD_SetClassConfig  usbd_core.o
    0x080080c6   0x00000002   PAD
    0x080080c8   0x000000d8   Code   RO         9385    i.USBD_SetConfig    usbd_ctlreq.o
    0x080081a0   0x00000010   Code   RO         9386    i.USBD_SetFeature   usbd_ctlreq.o
    0x080081b0   0x00000004   Code   RO         9256    i.USBD_Start        usbd_core.o
    0x080081b4   0x00000084   Code   RO         9387    i.USBD_StdDevReq    usbd_ctlreq.o
    0x08008238   0x000001e8   Code   RO         9388    i.USBD_StdEPReq     usbd_ctlreq.o
    0x08008420   0x0000006a   Code   RO         9389    i.USBD_StdItfReq    usbd_ctlreq.o
    0x0800848a   0x00000002   Code   RO          845    i.USBD_static_free  usbd_conf.o
    0x0800848c   0x00000008   Code   RO          846    i.USBD_static_malloc  usbd_conf.o
    0x08008494   0x00000098   Code   RO         1649    i.USB_ActivateEndpoint  stm32f4xx_ll_usb.o
    0x0800852c   0x0000001c   Code   RO         1651    i.USB_ActivateSetup  stm32f4xx_ll_usb.o
    0x08008548   0x000000e0   Code   RO         1653    i.USB_CoreInit      stm32f4xx_ll_usb.o
    0x08008628   0x000000dc   Code   RO         1656    i.USB_DeactivateEndpoint  stm32f4xx_ll_usb.o
    0x08008704   0x0000001c   Code   RO         1657    i.USB_DevConnect    stm32f4xx_ll_usb.o
    0x08008720   0x0000001c   Code   RO         1658    i.USB_DevDisconnect  stm32f4xx_ll_usb.o
    0x0800873c   0x0000018c   Code   RO         1659    i.USB_DevInit       stm32f4xx_ll_usb.o
    0x080088c8   0x0000000c   Code   RO         1660    i.USB_DisableGlobalInt  stm32f4xx_ll_usb.o
    0x080088d4   0x0000012a   Code   RO         1663    i.USB_EP0StartXfer  stm32f4xx_ll_usb.o
    0x080089fe   0x00000002   PAD
    0x08008a00   0x0000005c   Code   RO         1664    i.USB_EP0_OutStart  stm32f4xx_ll_usb.o
    0x08008a5c   0x00000058   Code   RO         1665    i.USB_EPClearStall  stm32f4xx_ll_usb.o
    0x08008ab4   0x0000005e   Code   RO         1666    i.USB_EPSetStall    stm32f4xx_ll_usb.o
    0x08008b12   0x00000226   Code   RO         1667    i.USB_EPStartXfer   stm32f4xx_ll_usb.o
    0x08008d38   0x0000000c   Code   RO         1668    i.USB_EnableGlobalInt  stm32f4xx_ll_usb.o
    0x08008d44   0x00000030   Code   RO         1669    i.USB_FlushRxFifo   stm32f4xx_ll_usb.o
    0x08008d74   0x00000034   Code   RO         1670    i.USB_FlushTxFifo   stm32f4xx_ll_usb.o
    0x08008da8   0x00000018   Code   RO         1672    i.USB_GetDevSpeed   stm32f4xx_ll_usb.o
    0x08008dc0   0x00000008   Code   RO         1674    i.USB_GetMode       stm32f4xx_ll_usb.o
    0x08008dc8   0x0000000e   Code   RO         1681    i.USB_ReadDevAllInEpInterrupt  stm32f4xx_ll_usb.o
    0x08008dd6   0x0000000e   Code   RO         1682    i.USB_ReadDevAllOutEpInterrupt  stm32f4xx_ll_usb.o
    0x08008de4   0x00000024   Code   RO         1683    i.USB_ReadDevInEPInterrupt  stm32f4xx_ll_usb.o
    0x08008e08   0x00000010   Code   RO         1684    i.USB_ReadDevOutEPInterrupt  stm32f4xx_ll_usb.o
    0x08008e18   0x00000008   Code   RO         1685    i.USB_ReadInterrupts  stm32f4xx_ll_usb.o
    0x08008e20   0x00000050   Code   RO         1686    i.USB_ReadPacket    stm32f4xx_ll_usb.o
    0x08008e70   0x0000005c   Code   RO         1688    i.USB_SetCurrentMode  stm32f4xx_ll_usb.o
    0x08008ecc   0x00000022   Code   RO         1689    i.USB_SetDevAddress  stm32f4xx_ll_usb.o
    0x08008eee   0x00000002   PAD
    0x08008ef0   0x000000e4   Code   RO         1691    i.USB_SetTurnaroundTime  stm32f4xx_ll_usb.o
    0x08008fd4   0x00000030   Code   RO         1694    i.USB_WritePacket   stm32f4xx_ll_usb.o
    0x08009004   0x00000002   Code   RO         1184    i.UsageFault_Handler  stm32f4xx_it.o
    0x08009006   0x00000002   PAD
    0x08009008   0x00000064   Code   RO         8885    i.VirCom_rev        usb_vircom.o
    0x0800906c   0x00000004   Code   RO         8886    i.VirCom_send       usb_vircom.o
    0x08009070   0x00000026   Code   RO        10155    i.__ARM_fpclassifyf  m_wm.l(fpclassifyf.o)
    0x08009096   0x00000002   PAD
    0x08009098   0x0000012c   Code   RO         9902    i.__hardfp_asinf    m_wm.l(asinf.o)
    0x080091c4   0x00000250   Code   RO         9926    i.__hardfp_atan2f   m_wm.l(atan2f.o)
    0x08009414   0x00000160   Code   RO         9938    i.__hardfp_atanf    m_wm.l(atanf.o)
    0x08009574   0x00000150   Code   RO         9950    i.__hardfp_cosf     m_wm.l(cosf.o)
    0x080096c4   0x00000190   Code   RO         9962    i.__hardfp_sinf     m_wm.l(sinf.o)
    0x08009854   0x0000007a   Code   RO         9974    i.__hardfp_sqrt     m_wm.l(sqrt.o)
    0x080098ce   0x0000003a   Code   RO         9986    i.__hardfp_sqrtf    m_wm.l(sqrtf.o)
    0x08009908   0x0000017c   Code   RO         9998    i.__hardfp_tanf     m_wm.l(tanf.o)
    0x08009a84   0x00000006   Code   RO        10158    i.__mathlib_flt_infnan  m_wm.l(funder.o)
    0x08009a8a   0x00000006   Code   RO        10159    i.__mathlib_flt_infnan2  m_wm.l(funder.o)
    0x08009a90   0x00000010   Code   RO        10160    i.__mathlib_flt_invalid  m_wm.l(funder.o)
    0x08009aa0   0x00000010   Code   RO        10163    i.__mathlib_flt_underflow  m_wm.l(funder.o)
    0x08009ab0   0x00000154   Code   RO        10174    i.__mathlib_rredf2  m_wm.l(rredf.o)
    0x08009c04   0x00000114   Code   RO         7029    i.bmi088_accel_init  bmi088driver.o
    0x08009d18   0x0000011c   Code   RO         7030    i.bmi088_gyro_init  bmi088driver.o
    0x08009e34   0x00000058   Code   RO          440    i.can_filter_init   can.o
    0x08009e8c   0x000000a4   Code   RO         9170    i.chassis_move_init  chassis_move.o
    0x08009f30   0x00000022   Code   RO         9135    i.decodeNUC         nuc_communication.o
    0x08009f52   0x0000001c   Code   RO         9138    i.encodeSTM32       nuc_communication.o
    0x08009f6e   0x00000002   PAD
    0x08009f70   0x00000028   Code   RO          341    i.flashLEDTask_callback  freertos.o
    0x08009f98   0x000000b0   Code   RO         8509    i.get_angle         imu_updata.o
    0x0800a048   0x00000028   Code   RO          342    i.gimbalTask_callback  freertos.o
    0x0800a070   0x000000f8   Code   RO         9009    i.gimbal_init       gimbal.o
    0x0800a168   0x00000024   Code   RO         9011    i.gimbal_set        gimbal.o
    0x0800a18c   0x0000002c   Code   RO         8317    i.invSqrt           mahonyahrs.o
    0x0800a1b8   0x00000002   Code   RO         7266    i.ist8310_GPIO_init  ist8310driver_middleware.o
    0x0800a1ba   0x00000002   PAD
    0x0800a1bc   0x00000020   Code   RO         7267    i.ist8310_IIC_read_muli_reg  ist8310driver_middleware.o
    0x0800a1dc   0x00000030   Code   RO         7268    i.ist8310_IIC_read_single_reg  ist8310driver_middleware.o
    0x0800a20c   0x00000028   Code   RO         7270    i.ist8310_IIC_write_single_reg  ist8310driver_middleware.o
    0x0800a234   0x00000010   Code   RO         7271    i.ist8310_RST_H     ist8310driver_middleware.o
    0x0800a244   0x00000010   Code   RO         7272    i.ist8310_RST_L     ist8310driver_middleware.o
    0x0800a254   0x00000002   Code   RO         7273    i.ist8310_com_init  ist8310driver_middleware.o
    0x0800a256   0x00000004   Code   RO         7274    i.ist8310_delay_ms  ist8310driver_middleware.o
    0x0800a25a   0x00000006   Code   RO         7275    i.ist8310_delay_us  ist8310driver_middleware.o
    0x0800a260   0x0000007c   Code   RO         7231    i.ist8310_init      ist8310driver.o
    0x0800a2dc   0x00000060   Code   RO         7232    i.ist8310_read_mag  ist8310driver.o
    0x0800a33c   0x00000028   Code   RO         8769    i.led_init          led_control.o
    0x0800a364   0x00000048   Code   RO         8770    i.led_show          led_control.o
    0x0800a3ac   0x00000004   PAD
    0x0800a3b0   0x000003a8   Code   RO         8294    i.madgwickUpdate    madgwick.o
    0x0800a758   0x000000f4   Code   RO            7    i.main              main.o
    0x0800a84c   0x00000022   Code   RO         6398    i.osDelay           cmsis_os2.o
    0x0800a86e   0x00000002   PAD
    0x0800a870   0x00000028   Code   RO         6412    i.osKernelInitialize  cmsis_os2.o
    0x0800a898   0x0000003c   Code   RO         6415    i.osKernelStart     cmsis_os2.o
    0x0800a8d4   0x000000a0   Code   RO         6457    i.osThreadNew       cmsis_os2.o
    0x0800a974   0x000000b2   Code   RO         7991    i.pid_cal           pid.o
    0x0800aa26   0x00000002   PAD
    0x0800aa28   0x0000002c   Code   RO         7992    i.pid_set           pid.o
    0x0800aa54   0x000000a8   Code   RO         8581    i.process_motor_data  can_receive&send.o
    0x0800aafc   0x00000060   Code   RO         5904    i.prvAddCurrentTaskToDelayedList  tasks.o
    0x0800ab5c   0x000000e0   Code   RO         5905    i.prvAddNewTaskToReadyList  tasks.o
    0x0800ac3c   0x0000006e   Code   RO         5533    i.prvCopyDataToQueue  queue.o
    0x0800acaa   0x00000002   PAD
    0x0800acac   0x0000008c   Code   RO         5906    i.prvIdleTask       tasks.o
    0x0800ad38   0x00000096   Code   RO         5907    i.prvInitialiseNewTask  tasks.o
    0x0800adce   0x00000002   PAD
    0x0800add0   0x00000060   Code   RO         6897    i.prvInsertBlockIntoFreeList  heap_4.o
    0x0800ae30   0x00000040   Code   RO         6246    i.prvInsertTimerInActiveList  timers.o
    0x0800ae70   0x0000009c   Code   RO         6247    i.prvSampleTimeNow  timers.o
    0x0800af0c   0x0000002c   Code   RO         6948    i.prvTaskExitError  port.o
    0x0800af38   0x00000280   Code   RO         6248    i.prvTimerTask      timers.o
    0x0800b1b8   0x0000006c   Code   RO         5534    i.prvUnlockQueue    queue.o
    0x0800b224   0x00000130   Code   RO         6898    i.pvPortMalloc      heap_4.o
    0x0800b354   0x0000002c   Code   RO         6949    i.pxPortInitialiseStack  port.o
    0x0800b380   0x00000010   Code   RO         8685    i.remote_control_init  dbus_remote_control.o
    0x0800b390   0x000000ba   Code   RO         8686    i.sbus_to_rc        dbus_remote_control.o
    0x0800b44a   0x00000002   PAD
    0x0800b44c   0x00000050   Code   RO         9662    i.send2CAN          myactuator_rmd_x.o
    0x0800b49c   0x00000034   Code   RO         8805    i.set_PIN_PWM       pwm_control.o
    0x0800b4d0   0x0000003c   Code   RO         9067    i.shoot_Bullets     shoot.o
    0x0800b50c   0x00000080   Code   RO         9069    i.shoot_init        shoot.o
    0x0800b58c   0x00000020   Code   RO         8349    i.sliding_variance_init  small_tools.o
    0x0800b5ac   0x0000003e   Code   RO         9988    i.sqrtf             m_wm.l(sqrtf.o)
    0x0800b5ea   0x00000002   PAD
    0x0800b5ec   0x00000040   Code   RO         8429    i.uart_init         uart_data_transmit.o
    0x0800b62c   0x00000074   Code   RO         9637    i.updataTF_MINI_PLUS_LaserRanging  tf_mini_plus_laserranging.o
    0x0800b6a0   0x00000026   Code   RO         5493    i.uxListRemove      list.o
    0x0800b6c6   0x00000002   PAD
    0x0800b6c8   0x00000014   Code   RO         6469    i.vApplicationGetIdleTaskMemory  cmsis_os2.o
    0x0800b6dc   0x00000018   Code   RO         6470    i.vApplicationGetTimerTaskMemory  cmsis_os2.o
    0x0800b6f4   0x00000016   Code   RO         5494    i.vListInitialise   list.o
    0x0800b70a   0x00000006   Code   RO         5495    i.vListInitialiseItem  list.o
    0x0800b710   0x00000036   Code   RO         5496    i.vListInsert       list.o
    0x0800b746   0x00000018   Code   RO         5497    i.vListInsertEnd    list.o
    0x0800b75e   0x00000002   PAD
    0x0800b760   0x00000040   Code   RO         6951    i.vPortEnterCritical  port.o
    0x0800b7a0   0x0000002c   Code   RO         6952    i.vPortExitCritical  port.o
    0x0800b7cc   0x00000064   Code   RO         6899    i.vPortFree         heap_4.o
    0x0800b830   0x00000024   Code   RO         6953    i.vPortSetupTimerInterrupt  port.o
    0x0800b854   0x00000054   Code   RO         6954    i.vPortValidateInterruptPriority  port.o
    0x0800b8a8   0x00000028   Code   RO         5540    i.vQueueAddToRegistry  queue.o
    0x0800b8d0   0x0000004a   Code   RO         5544    i.vQueueWaitForMessageRestricted  queue.o
    0x0800b91a   0x00000002   PAD
    0x0800b91c   0x0000004c   Code   RO         5919    i.vTaskDelay        tasks.o
    0x0800b968   0x00000010   Code   RO         5924    i.vTaskInternalSetTimeOutState  tasks.o
    0x0800b978   0x0000000c   Code   RO         5925    i.vTaskMissedYield  tasks.o
    0x0800b984   0x00000034   Code   RO         5927    i.vTaskPlaceOnEventList  tasks.o
    0x0800b9b8   0x0000003c   Code   RO         5928    i.vTaskPlaceOnEventListRestricted  tasks.o
    0x0800b9f4   0x00000088   Code   RO         5936    i.vTaskStartScheduler  tasks.o
    0x0800ba7c   0x00000010   Code   RO         5938    i.vTaskSuspendAll   tasks.o
    0x0800ba8c   0x0000006c   Code   RO         5939    i.vTaskSwitchContext  tasks.o
    0x0800baf8   0x00000108   Code   RO         6955    i.xPortStartScheduler  port.o
    0x0800bc00   0x0000002c   Code   RO         6956    i.xPortSysTickHandler  port.o
    0x0800bc2c   0x0000007c   Code   RO         5550    i.xQueueGenericCreateStatic  queue.o
    0x0800bca8   0x00000088   Code   RO         5551    i.xQueueGenericReset  queue.o
    0x0800bd30   0x000001d4   Code   RO         5552    i.xQueueGenericSend  queue.o
    0x0800bf04   0x000000ba   Code   RO         5553    i.xQueueGenericSendFromISR  queue.o
    0x0800bfbe   0x00000002   PAD
    0x0800bfc0   0x00000170   Code   RO         5562    i.xQueueReceive     queue.o
    0x0800c130   0x00000088   Code   RO         5941    i.xTaskCheckForTimeOut  tasks.o
    0x0800c1b8   0x00000060   Code   RO         5942    i.xTaskCreate       tasks.o
    0x0800c218   0x0000005c   Code   RO         5943    i.xTaskCreateStatic  tasks.o
    0x0800c274   0x0000001c   Code   RO         5947    i.xTaskGetSchedulerState  tasks.o
    0x0800c290   0x0000000c   Code   RO         5948    i.xTaskGetTickCount  tasks.o
    0x0800c29c   0x000000e4   Code   RO         5950    i.xTaskIncrementTick  tasks.o
    0x0800c380   0x00000080   Code   RO         5953    i.xTaskPriorityDisinherit  tasks.o
    0x0800c400   0x00000074   Code   RO         5955    i.xTaskRemoveFromEventList  tasks.o
    0x0800c474   0x000000e4   Code   RO         5956    i.xTaskResumeAll    tasks.o
    0x0800c558   0x000000ac   Code   RO         6257    i.xTimerCreateTimerTask  timers.o
    0x0800c604   0x00000070   Code   RO         6258    i.xTimerGenericCommand  timers.o
    0x0800c674   0x00000062   Code   RO         9856    x$fpl$d2f           fz_wm.l(d2f.o)
    0x0800c6d6   0x00000002   PAD
    0x0800c6d8   0x00000150   Code   RO         9858    x$fpl$dadd          fz_wm.l(daddsub_clz.o)
    0x0800c828   0x00000154   Code   RO         9878    x$fpl$dmul          fz_wm.l(dmul.o)
    0x0800c97c   0x0000009c   Code   RO        10108    x$fpl$dnaninf       fz_wm.l(dnaninf.o)
    0x0800ca18   0x0000000c   Code   RO        10110    x$fpl$dretinf       fz_wm.l(dretinf.o)
    0x0800ca24   0x00000198   Code   RO        10112    x$fpl$dsqrt         fz_wm.l(dsqrt_umaal.o)
    0x0800cbbc   0x000001d4   Code   RO         9860    x$fpl$dsub          fz_wm.l(daddsub_clz.o)
    0x0800cd90   0x00000056   Code   RO         9880    x$fpl$f2d           fz_wm.l(f2d.o)
    0x0800cde6   0x00000060   Code   RO         9886    x$fpl$ffltll        fz_wm.l(ffltll_clz.o)
    0x0800ce46   0x0000008c   Code   RO        10114    x$fpl$fnaninf       fz_wm.l(fnaninf.o)
    0x0800ced2   0x0000000a   Code   RO        10241    x$fpl$fpinit        fz_wm.l(fpinit.o)
    0x0800cedc   0x0000000a   Code   RO        10116    x$fpl$fretinf       fz_wm.l(fretinf.o)
    0x0800cee6   0x00000002   PAD
    0x0800cee8   0x00000086   Code   RO         9882    x$fpl$llsfromf      fz_wm.l(ffixll.o)
    0x0800cf6e   0x00000000   Code   RO        10118    x$fpl$usenofp       fz_wm.l(usenofp.o)
    0x0800cf6e   0x00000002   PAD
    0x0800cf70   0x000000fc   Data   RO          343    .constdata          freertos.o
    0x0800d06c   0x00000008   Data   RO         2379    .constdata          stm32f4xx_hal_dma.o
    0x0800d074   0x00000010   Data   RO         5334    .constdata          system_stm32f4xx.o
    0x0800d084   0x00000008   Data   RO         5335    .constdata          system_stm32f4xx.o
    0x0800d08c   0x0000000c   Data   RO         7234    .constdata          ist8310driver.o
    0x0800d098   0x00000020   Data   RO        10175    .constdata          m_wm.l(rredf.o)
    0x0800d0b8   0x0000005d   Data   RO          344    .conststring        freertos.o
    0x0800d115   0x00000003   PAD
    0x0800d118   0x00000020   Data   RO        10380    Region$$Table       anon$$obj.o


    Execution Region RW_IRAM1 (Base: 0x20000000, Size: 0x00008110, Max: 0x00020000, ABSOLUTE, COMPRESSED[0x00000104])

    Base Addr    Size         Type   Attr      Idx    E Section Name        Object

    0x20000000   0x0000001c   Data   RW          345    .data               freertos.o
    0x2000001c   0x00000004   Data   RW          442    .data               can.o
    0x20000020   0x00000008   Data   RW          494    .data               crc.o
    0x20000028   0x0000001c   Data   RW         1031    .data               usbd_desc.o
    0x20000044   0x00000032   Data   RW         1032    .data               usbd_desc.o
    0x20000076   0x00000002   PAD
    0x20000078   0x00000014   Data   RW         1111    .data               usbd_cdc_if.o
    0x2000008c   0x0000000c   Data   RW         2789    .data               stm32f4xx_hal.o
    0x20000098   0x00000004   Data   RW         5336    .data               system_stm32f4xx.o
    0x2000009c   0x0000003c   Data   RW         5959    .data               tasks.o
    0x200000d8   0x00000014   Data   RW         6266    .data               timers.o
    0x200000ec   0x00000004   Data   RW         6472    .data               cmsis_os2.o
    0x200000f0   0x00000020   Data   RW         6905    .data               heap_4.o
    0x20000110   0x0000000c   Data   RW         6957    .data               port.o
    0x2000011c   0x0000002c   Data   RW         7031    .data               bmi088driver.o
    0x20000148   0x00000010   Data   RW         8295    .data               madgwick.o
    0x20000158   0x00000014   Data   RW         8318    .data               mahonyahrs.o
    0x2000016c   0x00000002   Data   RW         8688    .data               dbus_remote_control.o
    0x2000016e   0x00000008   Data   RW         8771    .data               led_control.o
    0x20000176   0x00000001   Data   RW         9390    .data               usbd_ctlreq.o
    0x20000177   0x00000001   PAD
    0x20000178   0x000000d7   Data   RW         9549    .data               usbd_cdc.o
    0x2000024f   0x00000001   PAD
    0x20000250   0x00000038   Data   RW         9550    .data               usbd_cdc.o
    0x20000288   0x00000078   Zero   RW          441    .bss                can.o
    0x20000300   0x000000a8   Zero   RW          561    .bss                i2c.o
    0x200003a8   0x00000118   Zero   RW          608    .bss                spi.o
    0x200004c0   0x000001f8   Zero   RW          657    .bss                tim.o
    0x200006b8   0x000002ac   Zero   RW          736    .bss                usart.o
    0x20000964   0x000002d0   Zero   RW          786    .bss                usb_device.o
    0x20000c34   0x00000628   Zero   RW          847    .bss                usbd_conf.o
    0x2000125c   0x00000200   Zero   RW         1030    .bss                usbd_desc.o
    0x2000145c   0x00001000   Zero   RW         1110    .bss                usbd_cdc_if.o
    0x2000245c   0x00000048   Zero   RW         1354    .bss                stm32f4xx_hal_timebase_tim.o
    0x200024a4   0x00000040   Zero   RW         5566    .bss                queue.o
    0x200024e4   0x000004c4   Zero   RW         5958    .bss                tasks.o
    0x200029a8   0x00000118   Zero   RW         6265    .bss                timers.o
    0x20002ac0   0x000006b8   Zero   RW         6471    .bss                cmsis_os2.o
    0x20003178   0x00003c00   Zero   RW         6904    .bss                heap_4.o
    0x20006d78   0x00000218   Zero   RW         8430    .bss                uart_data_transmit.o
    0x20006f90   0x00000108   Zero   RW         8511    .bss                imu_updata.o
    0x20007098   0x000002f0   Zero   RW         8583    .bss                can_receive&send.o
    0x20007388   0x0000005e   Zero   RW         8687    .bss                dbus_remote_control.o
    0x200073e6   0x00000002   PAD
    0x200073e8   0x00000014   Zero   RW         8887    .bss                usb_vircom.o
    0x200073fc   0x00000120   Zero   RW         9014    .bss                gimbal.o
    0x2000751c   0x00000078   Zero   RW         9075    .bss                shoot.o
    0x20007594   0x000000f4   Zero   RW         9172    .bss                chassis_move.o
    0x20007688   0x0000000c   Zero   RW         9638    .bss                tf_mini_plus_laserranging.o
    0x20007694   0x00000418   Zero   RW         9663    .bss                myactuator_rmd_x.o
    0x20007aac   0x00000060   Zero   RW        10180    .bss                c_w.l(libspace.o)
    0x20007b0c   0x00000004   PAD
    0x20007b10   0x00000200   Zero   RW         5323    HEAP                startup_stm32f407xx.o
    0x20007d10   0x00000400   Zero   RW         5322    STACK               startup_stm32f407xx.o


==============================================================================

Image component sizes


      Code (inc. data)   RO Data    RW Data    ZI Data      Debug   Object Name

         2          0          0          0          0        527   arm.o
       992         18          0         44          0     614202   bmi088driver.o
       150         30          0          0          0       5710   bmi088middleware.o
       464         48          0          4        120       3444   can.o
       512         24          0          0        752       6070   can_receive&send.o
       164         22          0          0        244       2716   chassis_move.o
       364         24          0          4       1720      66391   cmsis_os2.o
        80         12          0          8          0       1819   crc.o
       562         42          0          2         94       5745   dbus_remote_control.o
       156          4          0          0          0        986   dma.o
         0          0          0          0          0      19816   event_groups.o
       446         86        345         28          0       9558   freertos.o
       284         86          0          0        288       2518   gimbal.o
       476         24          0          0          0       1399   gpio.o
        14          0          0          0          0        633   gpio_input_exti.o
       500         26          0         32      15360       4919   heap_4.o
       356         48          0          0        168       2746   i2c.o
       596         82          0          0        264       4677   imu_updata.o
       220         12         12          0          0       2926   ist8310driver.o
       166         26          0          0          0       6158   ist8310driver_middleware.o
      1998         34          0          0          0       4654   kalman_filter_c.o
       112         12          0          8          0       1286   led_control.o
       144          0          0          0          0       4026   list.o
       936         40          0         16          0       1987   madgwick.o
      1372         36          0         20          0       4593   mahonyahrs.o
       436         28          0          0          0     747128   main.o
       492         20          0          0       1048       6672   myactuator_rmd_x.o
        62          0          0          0          0       2166   nuc_communication.o
       222          6          0          0          0       1996   pid.o
       814         90          0         12          0      12409   port.o
       128         24          0          0          0       1956   pwm_control.o
      1614         22          0          0         64      17506   queue.o
       188         46          0          0        120       3117   shoot.o
        32          6          0          0          0       1544   small_tools.o
       344         42          0          0        280       2191   spi.o
        64         26        392          0       1536        876   startup_stm32f407xx.o
       120         20          0         12          0       9226   stm32f4xx_hal.o
      1852          4          0          0          0      16570   stm32f4xx_hal_can.o
       166         10          0          0          0      33010   stm32f4xx_hal_cortex.o
        34          0          0          0          0       1199   stm32f4xx_hal_crc.o
      1170         16          8          0          0       6330   stm32f4xx_hal_dma.o
       582         20          0          0          0       3231   stm32f4xx_hal_gpio.o
      2540         48          0          0          0      14586   stm32f4xx_hal_i2c.o
        60         10          0          0          0        986   stm32f4xx_hal_msp.o
      2404          8          0          0          0      13033   stm32f4xx_hal_pcd.o
        86          0          0          0          0       2781   stm32f4xx_hal_pcd_ex.o
      1664        122          0          0          0       7365   stm32f4xx_hal_rcc.o
       992         12          0          0          0       5414   stm32f4xx_hal_spi.o
      2204         54          0          0          0      16805   stm32f4xx_hal_tim.o
       258          0          0          0          0       3693   stm32f4xx_hal_tim_ex.o
       116         14          0          0         72       1575   stm32f4xx_hal_timebase_tim.o
      2158         40          0          0          0      18463   stm32f4xx_hal_uart.o
       300        110          0          0          0      13164   stm32f4xx_it.o
      2924        104          0          0          0      25450   stm32f4xx_ll_usb.o
         0          0          0          0          0        392   stream_buffer.o
        88         24         24          4          0       1375   system_stm32f4xx.o
      2150        186          0         60       1220      28087   tasks.o
       116          8          0          0         12       1552   tf_mini_plus_laserranging.o
      1644         96          0          0        504       7916   tim.o
      1144         66          0         20        280      32263   timers.o
       294         48          0          0        536       5492   uart_data_transmit.o
       804         98          0          0        684       4095   usart.o
        88         16          0          0        720        916   usb_device.o
       104         12          0          0         20       2857   usb_vircom.o
       932         16          0        271          0      15333   usbd_cdc.o
       128         22          0         20       4096       4572   usbd_cdc_if.o
       676         32          0          0       1576      18092   usbd_conf.o
       790          0          0          0          0      14701   usbd_core.o
      1792         28          0          1          0      18620   usbd_ctlreq.o
       316        104          0         78        512       6561   usbd_desc.o
       132          0          0          0          0       5036   usbd_ioreq.o

    ----------------------------------------------------------------------
     46372       2398        816        648      32292    1937808   Object Totals
         0          0         32          0          0          0   (incl. Generated)
        82          4          3          4          2          0   (incl. Padding)

    ----------------------------------------------------------------------

      Code (inc. data)   RO Data    RW Data    ZI Data      Debug   Library Member Name

        90          0          0          0          0          0   __dczerorl2.o
         8          0          0          0          0         68   __main.o
         0          0          0          0          0          0   __rtentry.o
        12          0          0          0          0          0   __rtentry2.o
         6          0          0          0          0          0   __rtentry4.o
        52          8          0          0          0          0   __scatter.o
        28          0          0          0          0          0   __scatter_zi.o
        22          0          0          0          0        100   _rserrno.o
        16          0          0          0          0         68   aeabi_memset.o
        18          0          0          0          0         80   exit.o
         6          0          0          0          0        152   heapauxi.o
         0          0          0          0          0          0   indicate_semi.o
         2          0          0          0          0          0   libinit.o
         6          0          0          0          0          0   libinit2.o
         2          0          0          0          0          0   libshutdown.o
         2          0          0          0          0          0   libshutdown2.o
         8          4          0          0         96         68   libspace.o
       238          0          0          0          0        100   lludivv7m.o
         8          4          0          0          0         68   rt_errno_addr_intlibspace.o
        68          0          0          0          0         68   rt_memclr.o
        78          0          0          0          0         80   rt_memclr_w.o
       138          0          0          0          0         68   rt_memcpy_v6.o
       100          0          0          0          0         80   rt_memcpy_w.o
         2          0          0          0          0          0   rtexit.o
        10          0          0          0          0          0   rtexit2.o
        12          4          0          0          0         68   sys_exit.o
        74          0          0          0          0         80   sys_stackheap_outer.o
         2          0          0          0          0         68   use_no_semi.o
        98          4          0          0          0        140   d2f.o
       804         16          0          0          0        368   daddsub_clz.o
       340         12          0          0          0        152   dmul.o
       156          4          0          0          0        140   dnaninf.o
        12          0          0          0          0        116   dretinf.o
       408         56          0          0          0        168   dsqrt_umaal.o
        86          4          0          0          0        132   f2d.o
       134          4          0          0          0        132   ffixll.o
        96          0          0          0          0        132   ffltll_clz.o
       140          4          0          0          0        132   fnaninf.o
        10          0          0          0          0        116   fpinit.o
        10          0          0          0          0        116   fretinf.o
         0          0          0          0          0          0   usenofp.o
       300         42          0          0          0        176   asinf.o
       592         90          0          0          0        184   atan2f.o
       352         56          0          0          0        172   atanf.o
       336         56          0          0          0        136   cosf.o
        38          0          0          0          0        116   fpclassifyf.o
        44         12          0          0          0        464   funder.o
       340         24         32          0          0        160   rredf.o
       400         56          0          0          0        212   sinf.o
       122          0          0          0          0        148   sqrt.o
       120          0          0          0          0        272   sqrtf.o
       380         58          0          0          0        200   tanf.o

    ----------------------------------------------------------------------
      6340        518         32          0        100       5300   Library Totals
        14          0          0          0          4          0   (incl. Padding)

    ----------------------------------------------------------------------

      Code (inc. data)   RO Data    RW Data    ZI Data      Debug   Library Name

      1008         20          0          0         96       1216   c_w.l
      2294        104          0          0          0       1844   fz_wm.l
      3024        394         32          0          0       2240   m_wm.l

    ----------------------------------------------------------------------
      6340        518         32          0        100       5300   Library Totals

    ----------------------------------------------------------------------

==============================================================================


      Code (inc. data)   RO Data    RW Data    ZI Data      Debug   

     52712       2916        848        648      32392    1898736   Grand Totals
     52712       2916        848        260      32392    1898736   ELF Image Totals (compressed)
     52712       2916        848        260          0          0   ROM Totals

==============================================================================

    Total RO  Size (Code + RO Data)                53560 (  52.30kB)
    Total RW  Size (RW Data + ZI Data)             33040 (  32.27kB)
    Total ROM Size (Code + RO Data + RW Data)      53820 (  52.56kB)

==============================================================================

